0
64
0
..\Resources\Texture\Tiles\DarkStone_3.png
-640 320
0
..\Resources\Texture\Tiles\DarkStone_3.png
-576 320
0
..\Resources\Texture\Tiles\DarkStone_3.png
-512 320
0
..\Resources\Texture\Tiles\DarkStone_3.png
-448 320
0
..\Resources\Texture\Tiles\DarkStone_3.png
-384 320
0
..\Resources\Texture\Tiles\DarkStone_3.png
-320 320
0
..\Resources\Texture\Tiles\Ch3TopTile_7.png
-896 640
0
..\Resources\Texture\Tiles\Ch3TopTile_7.png
-960 640
0
..\Resources\Texture\Tiles\Ch3TopTile_7.png
-768 640
0
..\Resources\Texture\Tiles\Ch3TopTile_7.png
-704 640
0
..\Resources\Texture\Tiles\Ch3TopTile_7.png
-640 640
0
..\Resources\Texture\Tiles\Ch3TopTile_7.png
-832 640
0
..\Resources\Texture\Tiles\Ch3TopTile_7.png
-576 640
0
..\Resources\Texture\Tiles\Ch3TopTile_7.png
-512 640
0
..\Resources\Texture\Tiles\Ch3TopTile_7.png
-448 640
0
..\Resources\Texture\Tiles\Ch3TopTile_7.png
-384 640
0
..\Resources\Texture\Tiles\Ch3TopTile_7.png
-320 640
0
..\Resources\Texture\Tiles\Ch3TopTile_7.png
-192 640
0
..\Resources\Texture\Tiles\Ch3TopTile_7.png
-128 640
0
..\Resources\Texture\Tiles\Ch3TopTile_7.png
-256 640
0
..\Resources\Texture\Tiles\Ch3TopTile_8.png
-64 640
0
..\Resources\Texture\Tiles\DarkStone_4.png
-256 320
0
..\Resources\Texture\Tiles\DarkStone_1.png
-192 192
0
..\Resources\Texture\Tiles\DarkStone_3.png
-64 192
0
..\Resources\Texture\Tiles\DarkStone_3.png
0 192
0
..\Resources\Texture\Tiles\DarkStone_3.png
64 192
0
..\Resources\Texture\Tiles\DarkStone_3.png
128 192
0
..\Resources\Texture\Tiles\DarkStone_3.png
-128 192
0
..\Resources\Texture\Tiles\DarkStone_4.png
192 192
0
..\Resources\Texture\Tiles\Ch3TopTile_1.png
512 128
0
..\Resources\Texture\Tiles\Ch3TopTile_1.png
512 192
0
..\Resources\Texture\Tiles\Ch3TopTile_1.png
512 256
0
..\Resources\Texture\Tiles\Ch3TopTile_1.png
512 320
0
..\Resources\Texture\Tiles\Ch3TopTile_1.png
512 384
0
..\Resources\Texture\Tiles\Ch3TopTile_1.png
512 448
0
..\Resources\Texture\Tiles\Ch3TopTile_1.png
512 512
0
..\Resources\Texture\Tiles\Ch3TopTile_1.png
512 576
0
..\Resources\Texture\Tiles\Ch3TopTile_1.png
512 640
0
..\Resources\Texture\Tiles\Ch3TopTile_1.png
512 704
0
..\Resources\Texture\Tiles\Ch3TopTile_1.png
512 768
0
..\Resources\Texture\Tiles\Ch3TopTile_1.png
512 64
0
..\Resources\Texture\Tiles\Ch3TopTile_1.png
512 0
0
..\Resources\Texture\Tiles\Ch3TopTile_1.png
512 -64
0
..\Resources\Texture\Tiles\DarkStone_4.png
448 -128
0
..\Resources\Texture\Tiles\DarkStone_3.png
384 -128
0
..\Resources\Texture\Tiles\DarkStone_3.png
320 -128
0
..\Resources\Texture\Tiles\DarkStone_3.png
256 -128
0
..\Resources\Texture\Tiles\DarkStone_3.png
192 -128
0
..\Resources\Texture\Tiles\DarkStone_3.png
128 -128
0
..\Resources\Texture\Tiles\DarkStone_3.png
64 -128
0
..\Resources\Texture\Tiles\DarkStone_1.png
0 -128
0
..\Resources\Texture\Tiles\DarkStone_6.png
512 -128
0
..\Resources\Texture\Tiles\DarkStone_1.png
-704 320
0
..\Resources\Texture\Tiles\Ch3TopTile_4.png
-768 192
0
..\Resources\Texture\Tiles\Ch3TopTile_4.png
-768 256
0
..\Resources\Texture\Tiles\Ch3TopTile_4.png
-768 128
0
..\Resources\Texture\Tiles\Ch3TopTile_4.png
-768 -64
0
..\Resources\Texture\Tiles\Ch3TopTile_4.png
-768 -128
0
..\Resources\Texture\Tiles\Ch3TopTile_4.png
-768 -192
0
..\Resources\Texture\Tiles\Ch3TopTile_4.png
-768 -256
0
..\Resources\Texture\Tiles\Ch3TopTile_4.png
-768 -320
0
..\Resources\Texture\Tiles\Ch3TopTile_4.png
-768 -384
0
..\Resources\Texture\Tiles\Ch3TopTile_4.png
-768 -448
0
..\Resources\Texture\Tiles\Ch3TopTile_4.png
-768 -512
0
0
0
