1
..\Resources\Texture\Map\Image_BaseCamp_Background.png
700 450 870
1600 900 1
66
..\Resources\Texture\Tiles\A_Transparent_1.png
-384 192
..\Resources\Texture\Tiles\A_Transparent_1.png
-384 256
..\Resources\Texture\Tiles\A_Transparent_1.png
-384 320
..\Resources\Texture\Tiles\A_Transparent_1.png
-384 384
..\Resources\Texture\Tiles\A_Transparent_1.png
-384 448
..\Resources\Texture\Tiles\A_Transparent_1.png
-384 512
..\Resources\Texture\Tiles\A_Transparent_1.png
-384 576
..\Resources\Texture\Tiles\A_Transparent_1.png
-384 640
..\Resources\Texture\Tiles\A_Transparent_1.png
-384 704
..\Resources\Texture\Tiles\A_Transparent_1.png
-384 768
..\Resources\Texture\Tiles\Grass_0.png
-384 128
..\Resources\Texture\Tiles\Grass_1.png
-256 128
..\Resources\Texture\Tiles\Grass_1.png
-320 128
..\Resources\Texture\Tiles\Grass_9.png
2112 128
..\Resources\Texture\Tiles\Grass_6.png
1984 128
..\Resources\Texture\Tiles\Grass_6.png
2048 128
..\Resources\Texture\Tiles\Grass_6.png
1920 128
..\Resources\Texture\Tiles\Grass_6.png
1856 128
..\Resources\Texture\Tiles\Grass_6.png
1792 128
..\Resources\Texture\Tiles\Grass_6.png
1728 128
..\Resources\Texture\Tiles\Grass_6.png
1664 128
..\Resources\Texture\Tiles\Grass_6.png
1600 128
..\Resources\Texture\Tiles\Grass_6.png
1536 128
..\Resources\Texture\Tiles\Grass_6.png
1472 128
..\Resources\Texture\Tiles\Grass_6.png
1408 128
..\Resources\Texture\Tiles\Grass_6.png
1344 128
..\Resources\Texture\Tiles\Grass_6.png
1280 128
..\Resources\Texture\Tiles\Grass_6.png
1216 128
..\Resources\Texture\Tiles\Grass_6.png
1152 128
..\Resources\Texture\Tiles\Grass_6.png
1088 128
..\Resources\Texture\Tiles\Grass_6.png
1024 128
..\Resources\Texture\Tiles\Grass_6.png
960 128
..\Resources\Texture\Tiles\Grass_6.png
896 128
..\Resources\Texture\Tiles\Grass_6.png
832 128
..\Resources\Texture\Tiles\Grass_6.png
768 128
..\Resources\Texture\Tiles\Grass_6.png
704 128
..\Resources\Texture\Tiles\Grass_6.png
640 128
..\Resources\Texture\Tiles\Grass_6.png
576 128
..\Resources\Texture\Tiles\Grass_6.png
512 128
..\Resources\Texture\Tiles\Grass_6.png
448 128
..\Resources\Texture\Tiles\Grass_6.png
384 128
..\Resources\Texture\Tiles\Grass_6.png
320 128
..\Resources\Texture\Tiles\Grass_6.png
256 128
..\Resources\Texture\Tiles\Grass_6.png
192 128
..\Resources\Texture\Tiles\Grass_6.png
128 128
..\Resources\Texture\Tiles\Grass_6.png
64 128
..\Resources\Texture\Tiles\Grass_6.png
0 128
..\Resources\Texture\Tiles\Grass_6.png
-64 128
..\Resources\Texture\Tiles\Grass_6.png
-128 128
..\Resources\Texture\Tiles\Grass_6.png
-192 128
..\Resources\Texture\Tiles\A_Transparent_1.png
2176 128
..\Resources\Texture\Tiles\A_Transparent_1.png
2176 192
..\Resources\Texture\Tiles\A_Transparent_1.png
2176 256
..\Resources\Texture\Tiles\A_Transparent_1.png
2176 320
..\Resources\Texture\Tiles\A_Transparent_1.png
2176 384
..\Resources\Texture\Tiles\A_Transparent_1.png
2176 448
..\Resources\Texture\Tiles\A_Transparent_1.png
2176 512
..\Resources\Texture\Tiles\A_Transparent_1.png
2176 576
..\Resources\Texture\Tiles\A_Transparent_1.png
2176 640
..\Resources\Texture\Tiles\A_Transparent_1.png
2176 704
..\Resources\Texture\Tiles\A_Transparent_1.png
2176 768
..\Resources\Texture\Tiles\A_Transparent_1.png
2176 832
..\Resources\Texture\Tiles\A_Transparent_1.png
2176 896
..\Resources\Texture\Tiles\A_Transparent_1.png
2176 960
..\Resources\Texture\Tiles\A_Transparent_1.png
2176 1024
..\Resources\Texture\Tiles\A_Transparent_1.png
2176 1088
1
0
0
6
..\Resources\Texture\Sprites\Dungeon\DungeonGate\Shop\Sprite_DungeonGate_Shop_Activate.png
1920 285
