1
..\Resources\Texture\Map\Image_BaseCamp_Background.png
700 450 870
1600 900 1
81
0
..\Resources\Texture\Tiles\A_Transparent_1.png
-384 192
0
..\Resources\Texture\Tiles\A_Transparent_1.png
-384 256
0
..\Resources\Texture\Tiles\A_Transparent_1.png
-384 320
0
..\Resources\Texture\Tiles\A_Transparent_1.png
-384 384
0
..\Resources\Texture\Tiles\A_Transparent_1.png
-384 448
0
..\Resources\Texture\Tiles\A_Transparent_1.png
-384 512
0
..\Resources\Texture\Tiles\A_Transparent_1.png
-384 576
0
..\Resources\Texture\Tiles\A_Transparent_1.png
-384 640
0
..\Resources\Texture\Tiles\A_Transparent_1.png
-384 704
0
..\Resources\Texture\Tiles\A_Transparent_1.png
-384 768
0
..\Resources\Texture\Tiles\Grass_0.png
-384 128
0
..\Resources\Texture\Tiles\Grass_1.png
-256 128
0
..\Resources\Texture\Tiles\Grass_1.png
-320 128
0
..\Resources\Texture\Tiles\Grass_9.png
2112 128
0
..\Resources\Texture\Tiles\Grass_6.png
1984 128
0
..\Resources\Texture\Tiles\Grass_6.png
2048 128
0
..\Resources\Texture\Tiles\Grass_6.png
1920 128
0
..\Resources\Texture\Tiles\Grass_6.png
1856 128
0
..\Resources\Texture\Tiles\Grass_6.png
1792 128
0
..\Resources\Texture\Tiles\Grass_6.png
1728 128
0
..\Resources\Texture\Tiles\Grass_6.png
1664 128
0
..\Resources\Texture\Tiles\Grass_6.png
1600 128
0
..\Resources\Texture\Tiles\Grass_6.png
1536 128
0
..\Resources\Texture\Tiles\Grass_6.png
1472 128
0
..\Resources\Texture\Tiles\Grass_6.png
1408 128
0
..\Resources\Texture\Tiles\Grass_6.png
1344 128
0
..\Resources\Texture\Tiles\Grass_6.png
1280 128
0
..\Resources\Texture\Tiles\Grass_6.png
1216 128
0
..\Resources\Texture\Tiles\Grass_6.png
1152 128
0
..\Resources\Texture\Tiles\Grass_6.png
1088 128
0
..\Resources\Texture\Tiles\Grass_6.png
1024 128
0
..\Resources\Texture\Tiles\Grass_6.png
960 128
0
..\Resources\Texture\Tiles\Grass_6.png
896 128
0
..\Resources\Texture\Tiles\Grass_6.png
832 128
0
..\Resources\Texture\Tiles\Grass_6.png
768 128
0
..\Resources\Texture\Tiles\Grass_6.png
704 128
0
..\Resources\Texture\Tiles\Grass_6.png
640 128
0
..\Resources\Texture\Tiles\Grass_6.png
576 128
0
..\Resources\Texture\Tiles\Grass_6.png
512 128
0
..\Resources\Texture\Tiles\Grass_6.png
448 128
0
..\Resources\Texture\Tiles\Grass_6.png
384 128
0
..\Resources\Texture\Tiles\Grass_6.png
320 128
0
..\Resources\Texture\Tiles\Grass_6.png
256 128
0
..\Resources\Texture\Tiles\Grass_6.png
192 128
0
..\Resources\Texture\Tiles\Grass_6.png
128 128
0
..\Resources\Texture\Tiles\Grass_6.png
64 128
0
..\Resources\Texture\Tiles\Grass_6.png
0 128
0
..\Resources\Texture\Tiles\Grass_6.png
-64 128
0
..\Resources\Texture\Tiles\Grass_6.png
-128 128
0
..\Resources\Texture\Tiles\Grass_6.png
-192 128
0
..\Resources\Texture\Tiles\A_Transparent_1.png
2176 128
0
..\Resources\Texture\Tiles\A_Transparent_1.png
2176 192
0
..\Resources\Texture\Tiles\A_Transparent_1.png
2176 256
0
..\Resources\Texture\Tiles\A_Transparent_1.png
2176 320
0
..\Resources\Texture\Tiles\A_Transparent_1.png
2176 384
0
..\Resources\Texture\Tiles\A_Transparent_1.png
2176 448
0
..\Resources\Texture\Tiles\A_Transparent_1.png
2176 512
0
..\Resources\Texture\Tiles\A_Transparent_1.png
2176 576
0
..\Resources\Texture\Tiles\A_Transparent_1.png
2176 640
0
..\Resources\Texture\Tiles\A_Transparent_1.png
2176 704
0
..\Resources\Texture\Tiles\A_Transparent_1.png
2176 768
0
..\Resources\Texture\Tiles\A_Transparent_1.png
2176 832
0
..\Resources\Texture\Tiles\A_Transparent_1.png
2176 896
0
..\Resources\Texture\Tiles\A_Transparent_1.png
2176 960
0
..\Resources\Texture\Tiles\A_Transparent_1.png
2176 1024
0
..\Resources\Texture\Tiles\A_Transparent_1.png
2176 1088
0
..\Resources\Texture\Tiles\Grass_2.png
512 320
0
..\Resources\Texture\Tiles\Grass_3.png
576 320
0
..\Resources\Texture\Tiles\Grass_3.png
640 320
0
..\Resources\Texture\Tiles\Grass_3.png
704 320
0
..\Resources\Texture\Tiles\Grass_5.png
768 320
0
..\Resources\Texture\Tiles\Grass_2.png
1280 192
0
..\Resources\Texture\Tiles\Grass_3.png
1344 192
0
..\Resources\Texture\Tiles\Grass_3.png
1408 192
0
..\Resources\Texture\Tiles\Grass_3.png
1472 192
0
..\Resources\Texture\Tiles\Grass_5.png
1536 192
0
..\Resources\Texture\Tiles\Grass_2.png
896 448
0
..\Resources\Texture\Tiles\Grass_3.png
960 448
0
..\Resources\Texture\Tiles\Grass_3.png
1024 448
0
..\Resources\Texture\Tiles\Grass_3.png
1088 448
0
..\Resources\Texture\Tiles\Grass_5.png
1152 448
1
0
0
3
..\Resources\Texture\Sprites\Dungeon\Ch3\DungeonGate\Bone\Sprite_Ch3DungeonGate_Bone_Activate.png
1856 288
