4
..\Resources\Texture\Map\Image_Ch3_BackgroundColor.png
800 450 1200
3000 3000 1
0 0 0
..\Resources\Texture\Map\Image_Ch3_Background_1.png
0 900 1000
1737 756 1
11 11 0
..\Resources\Texture\Map\Image_Ch3_Background_2.png
1500 800 1100
1678 749 1
13 13 0
..\Resources\Texture\Map\Image_Ch3_Background_3.png
1200 400 1050
1500 667 1
15 15 0
356
0
..\Resources\Texture\Tiles\DarkStone_1.png
-1728 128
0
..\Resources\Texture\Tiles\A_Transparent_1.png
-1984 256
0
..\Resources\Texture\Tiles\DarkStone_2.png
-1600 128
0
..\Resources\Texture\Tiles\DarkStone_2.png
-1664 128
0
..\Resources\Texture\Tiles\DarkStone_2.png
-1536 128
0
..\Resources\Texture\Tiles\DarkStone_2.png
-1472 128
0
..\Resources\Texture\Tiles\DarkStone_2.png
-1408 128
0
..\Resources\Texture\Tiles\DarkStone_2.png
-1344 128
0
..\Resources\Texture\Tiles\DarkStone_2.png
-1280 128
0
..\Resources\Texture\Tiles\DarkStone_2.png
-1216 128
0
..\Resources\Texture\Tiles\DarkStone_2.png
-1152 128
0
..\Resources\Texture\Tiles\DarkStone_2.png
-1088 128
0
..\Resources\Texture\Tiles\DarkStone_2.png
-1024 128
0
..\Resources\Texture\Tiles\DarkStone_2.png
-960 128
0
..\Resources\Texture\Tiles\DarkStone_2.png
-896 128
0
..\Resources\Texture\Tiles\DarkStone_2.png
-832 128
0
..\Resources\Texture\Tiles\DarkStone_2.png
-768 128
0
..\Resources\Texture\Tiles\DarkStone_2.png
-704 128
0
..\Resources\Texture\Tiles\DarkStone_2.png
-640 128
0
..\Resources\Texture\Tiles\DarkStone_2.png
-576 128
0
..\Resources\Texture\Tiles\DarkStone_2.png
-512 128
0
..\Resources\Texture\Tiles\DarkStone_2.png
-448 128
0
..\Resources\Texture\Tiles\DarkStone_2.png
-384 128
0
..\Resources\Texture\Tiles\DarkStone_2.png
-320 128
0
..\Resources\Texture\Tiles\DarkStone_2.png
-256 128
0
..\Resources\Texture\Tiles\DarkStone_3.png
-192 128
0
..\Resources\Texture\Tiles\DarkStone_3.png
-128 128
0
..\Resources\Texture\Tiles\DarkStone_3.png
-64 128
0
..\Resources\Texture\Tiles\DarkStone_3.png
0 128
0
..\Resources\Texture\Tiles\DarkStone_3.png
64 128
0
..\Resources\Texture\Tiles\DarkStone_3.png
128 128
0
..\Resources\Texture\Tiles\DarkStone_3.png
192 128
0
..\Resources\Texture\Tiles\DarkStone_3.png
256 128
0
..\Resources\Texture\Tiles\DarkStone_3.png
320 128
0
..\Resources\Texture\Tiles\DarkStone_3.png
384 128
0
..\Resources\Texture\Tiles\DarkStone_3.png
448 128
0
..\Resources\Texture\Tiles\DarkStone_3.png
512 128
0
..\Resources\Texture\Tiles\DarkStone_3.png
576 128
0
..\Resources\Texture\Tiles\DarkStone_3.png
640 128
0
..\Resources\Texture\Tiles\DarkStone_3.png
704 128
0
..\Resources\Texture\Tiles\DarkStone_3.png
768 128
0
..\Resources\Texture\Tiles\DarkStone_3.png
832 128
0
..\Resources\Texture\Tiles\DarkStone_3.png
896 128
0
..\Resources\Texture\Tiles\DarkStone_3.png
960 128
0
..\Resources\Texture\Tiles\DarkStone_3.png
1024 128
0
..\Resources\Texture\Tiles\DarkStone_3.png
1088 128
0
..\Resources\Texture\Tiles\DarkStone_3.png
1152 128
0
..\Resources\Texture\Tiles\DarkStone_3.png
1216 128
0
..\Resources\Texture\Tiles\DarkStone_3.png
1280 128
0
..\Resources\Texture\Tiles\DarkStone_3.png
1344 128
0
..\Resources\Texture\Tiles\DarkStone_3.png
1408 128
0
..\Resources\Texture\Tiles\DarkStone_3.png
1472 128
0
..\Resources\Texture\Tiles\DarkStone_3.png
1536 128
0
..\Resources\Texture\Tiles\DarkStone_3.png
1600 128
0
..\Resources\Texture\Tiles\DarkStone_3.png
1664 128
0
..\Resources\Texture\Tiles\DarkStone_3.png
1728 128
0
..\Resources\Texture\Tiles\DarkStone_3.png
1792 128
0
..\Resources\Texture\Tiles\DarkStone_3.png
1856 128
0
..\Resources\Texture\Tiles\DarkStone_3.png
1920 128
0
..\Resources\Texture\Tiles\DarkStone_3.png
1984 128
0
..\Resources\Texture\Tiles\DarkStone_3.png
2048 128
0
..\Resources\Texture\Tiles\DarkStone_3.png
2112 128
0
..\Resources\Texture\Tiles\DarkStone_3.png
2176 128
0
..\Resources\Texture\Tiles\DarkStone_3.png
2240 128
0
..\Resources\Texture\Tiles\DarkStone_3.png
2304 128
0
..\Resources\Texture\Tiles\DarkStone_3.png
2368 128
2
..\Resources\Texture\Tiles\DarkStone_9.png
1408 320
2
..\Resources\Texture\Tiles\DarkStone_9.png
1536 448
2
..\Resources\Texture\Tiles\DarkStone_8.png
1472 448
2
..\Resources\Texture\Tiles\DarkStone_8.png
1344 320
0
..\Resources\Texture\Tiles\DarkStone_1.png
1600 704
0
..\Resources\Texture\Tiles\DarkStone_2.png
1664 704
0
..\Resources\Texture\Tiles\DarkStone_2.png
1728 704
0
..\Resources\Texture\Tiles\DarkStone_2.png
1792 704
0
..\Resources\Texture\Tiles\DarkStone_2.png
1856 704
0
..\Resources\Texture\Tiles\DarkStone_2.png
1920 704
0
..\Resources\Texture\Tiles\DarkStone_2.png
1984 704
0
..\Resources\Texture\Tiles\DarkStone_2.png
2048 704
0
..\Resources\Texture\Tiles\DarkStone_2.png
2112 704
0
..\Resources\Texture\Tiles\DarkStone_2.png
2176 704
0
..\Resources\Texture\Tiles\DarkStone_2.png
2240 704
0
..\Resources\Texture\Tiles\DarkStone_2.png
2304 704
0
..\Resources\Texture\Tiles\DarkStone_2.png
2368 704
0
..\Resources\Texture\Tiles\DarkStone_2.png
2432 704
0
..\Resources\Texture\Tiles\DarkStone_2.png
2496 704
0
..\Resources\Texture\Tiles\DarkStone_2.png
2560 704
0
..\Resources\Texture\Tiles\DarkStone_2.png
2624 704
0
..\Resources\Texture\Tiles\DarkStone_6.png
2432 576
0
..\Resources\Texture\Tiles\DarkStone_6.png
2432 192
0
..\Resources\Texture\Tiles\DarkStone_6.png
2432 256
0
..\Resources\Texture\Tiles\DarkStone_6.png
2432 320
0
..\Resources\Texture\Tiles\DarkStone_6.png
2432 384
0
..\Resources\Texture\Tiles\DarkStone_6.png
2432 448
0
..\Resources\Texture\Tiles\DarkStone_6.png
2432 512
0
..\Resources\Texture\Tiles\DarkStone_6.png
2432 128
1
..\Resources\Texture\Tiles\DarkStone_6.png
2496 64
1
..\Resources\Texture\Tiles\DarkStone_6.png
2432 64
1
..\Resources\Texture\Tiles\DarkStone_6.png
2368 64
1
..\Resources\Texture\Tiles\DarkStone_6.png
2304 64
1
..\Resources\Texture\Tiles\DarkStone_6.png
2240 64
1
..\Resources\Texture\Tiles\DarkStone_6.png
2176 64
1
..\Resources\Texture\Tiles\DarkStone_6.png
2112 64
1
..\Resources\Texture\Tiles\DarkStone_6.png
2048 64
1
..\Resources\Texture\Tiles\DarkStone_6.png
1984 64
1
..\Resources\Texture\Tiles\DarkStone_6.png
1920 64
1
..\Resources\Texture\Tiles\DarkStone_6.png
1856 64
1
..\Resources\Texture\Tiles\DarkStone_6.png
1792 64
1
..\Resources\Texture\Tiles\DarkStone_6.png
1728 64
1
..\Resources\Texture\Tiles\DarkStone_6.png
1664 64
1
..\Resources\Texture\Tiles\DarkStone_6.png
1600 64
1
..\Resources\Texture\Tiles\DarkStone_6.png
1536 64
1
..\Resources\Texture\Tiles\DarkStone_6.png
1472 64
1
..\Resources\Texture\Tiles\DarkStone_6.png
1408 64
1
..\Resources\Texture\Tiles\DarkStone_6.png
1344 64
1
..\Resources\Texture\Tiles\DarkStone_6.png
1280 64
1
..\Resources\Texture\Tiles\DarkStone_6.png
1216 64
1
..\Resources\Texture\Tiles\DarkStone_6.png
1152 64
1
..\Resources\Texture\Tiles\DarkStone_6.png
1088 64
1
..\Resources\Texture\Tiles\DarkStone_6.png
1024 64
1
..\Resources\Texture\Tiles\DarkStone_6.png
960 64
1
..\Resources\Texture\Tiles\DarkStone_6.png
896 64
1
..\Resources\Texture\Tiles\DarkStone_6.png
832 64
1
..\Resources\Texture\Tiles\DarkStone_6.png
768 64
1
..\Resources\Texture\Tiles\DarkStone_6.png
704 64
1
..\Resources\Texture\Tiles\DarkStone_6.png
640 64
1
..\Resources\Texture\Tiles\DarkStone_6.png
576 64
1
..\Resources\Texture\Tiles\DarkStone_6.png
512 64
1
..\Resources\Texture\Tiles\DarkStone_6.png
448 64
1
..\Resources\Texture\Tiles\DarkStone_6.png
384 64
1
..\Resources\Texture\Tiles\DarkStone_6.png
320 64
1
..\Resources\Texture\Tiles\DarkStone_6.png
256 64
1
..\Resources\Texture\Tiles\DarkStone_6.png
192 64
1
..\Resources\Texture\Tiles\DarkStone_6.png
128 64
1
..\Resources\Texture\Tiles\DarkStone_6.png
64 64
1
..\Resources\Texture\Tiles\DarkStone_6.png
0 64
1
..\Resources\Texture\Tiles\DarkStone_6.png
-64 64
1
..\Resources\Texture\Tiles\DarkStone_6.png
-128 64
1
..\Resources\Texture\Tiles\DarkStone_6.png
-192 64
1
..\Resources\Texture\Tiles\DarkStone_6.png
-256 64
1
..\Resources\Texture\Tiles\DarkStone_6.png
-320 64
1
..\Resources\Texture\Tiles\DarkStone_6.png
-384 64
1
..\Resources\Texture\Tiles\DarkStone_6.png
-448 64
1
..\Resources\Texture\Tiles\DarkStone_6.png
-512 64
1
..\Resources\Texture\Tiles\DarkStone_6.png
-576 64
1
..\Resources\Texture\Tiles\DarkStone_6.png
-640 64
1
..\Resources\Texture\Tiles\DarkStone_6.png
-704 64
1
..\Resources\Texture\Tiles\DarkStone_6.png
-768 64
1
..\Resources\Texture\Tiles\DarkStone_6.png
-832 64
1
..\Resources\Texture\Tiles\DarkStone_6.png
-896 64
1
..\Resources\Texture\Tiles\DarkStone_6.png
-960 64
1
..\Resources\Texture\Tiles\DarkStone_6.png
-1024 64
1
..\Resources\Texture\Tiles\DarkStone_6.png
-1088 64
1
..\Resources\Texture\Tiles\DarkStone_6.png
-1152 64
1
..\Resources\Texture\Tiles\DarkStone_6.png
-1216 64
1
..\Resources\Texture\Tiles\DarkStone_6.png
-1280 64
1
..\Resources\Texture\Tiles\DarkStone_6.png
-1344 64
1
..\Resources\Texture\Tiles\DarkStone_6.png
-1408 64
1
..\Resources\Texture\Tiles\DarkStone_6.png
-1472 64
1
..\Resources\Texture\Tiles\DarkStone_6.png
-1536 64
1
..\Resources\Texture\Tiles\DarkStone_6.png
-1600 64
1
..\Resources\Texture\Tiles\DarkStone_6.png
-1664 64
1
..\Resources\Texture\Tiles\DarkStone_6.png
-1728 64
1
..\Resources\Texture\Tiles\DarkStone_6.png
-1664 0
1
..\Resources\Texture\Tiles\DarkStone_6.png
-1600 0
1
..\Resources\Texture\Tiles\DarkStone_6.png
-1536 0
1
..\Resources\Texture\Tiles\DarkStone_6.png
-1728 0
1
..\Resources\Texture\Tiles\DarkStone_6.png
-1472 0
1
..\Resources\Texture\Tiles\DarkStone_6.png
-1408 0
1
..\Resources\Texture\Tiles\DarkStone_6.png
-1344 0
1
..\Resources\Texture\Tiles\DarkStone_6.png
-1280 0
1
..\Resources\Texture\Tiles\DarkStone_6.png
-1216 0
1
..\Resources\Texture\Tiles\DarkStone_6.png
-1152 0
1
..\Resources\Texture\Tiles\DarkStone_6.png
-1088 0
1
..\Resources\Texture\Tiles\DarkStone_6.png
-1024 0
1
..\Resources\Texture\Tiles\DarkStone_6.png
-960 0
1
..\Resources\Texture\Tiles\DarkStone_6.png
-896 0
1
..\Resources\Texture\Tiles\DarkStone_6.png
-832 0
1
..\Resources\Texture\Tiles\DarkStone_6.png
-768 0
1
..\Resources\Texture\Tiles\DarkStone_6.png
-704 0
1
..\Resources\Texture\Tiles\DarkStone_6.png
-640 0
1
..\Resources\Texture\Tiles\DarkStone_6.png
-576 0
1
..\Resources\Texture\Tiles\DarkStone_6.png
-512 0
1
..\Resources\Texture\Tiles\DarkStone_6.png
-448 0
1
..\Resources\Texture\Tiles\DarkStone_6.png
-384 0
1
..\Resources\Texture\Tiles\DarkStone_6.png
-320 0
1
..\Resources\Texture\Tiles\DarkStone_6.png
-256 0
1
..\Resources\Texture\Tiles\DarkStone_6.png
-192 0
1
..\Resources\Texture\Tiles\DarkStone_6.png
-128 0
1
..\Resources\Texture\Tiles\DarkStone_6.png
-64 0
1
..\Resources\Texture\Tiles\DarkStone_6.png
0 0
1
..\Resources\Texture\Tiles\DarkStone_6.png
64 0
1
..\Resources\Texture\Tiles\DarkStone_6.png
128 0
1
..\Resources\Texture\Tiles\DarkStone_6.png
192 0
1
..\Resources\Texture\Tiles\DarkStone_6.png
256 0
1
..\Resources\Texture\Tiles\DarkStone_6.png
320 0
1
..\Resources\Texture\Tiles\DarkStone_6.png
384 0
1
..\Resources\Texture\Tiles\DarkStone_6.png
448 0
1
..\Resources\Texture\Tiles\DarkStone_6.png
512 0
1
..\Resources\Texture\Tiles\DarkStone_6.png
576 0
1
..\Resources\Texture\Tiles\DarkStone_6.png
640 0
1
..\Resources\Texture\Tiles\DarkStone_6.png
704 0
1
..\Resources\Texture\Tiles\DarkStone_6.png
768 0
1
..\Resources\Texture\Tiles\DarkStone_6.png
832 0
1
..\Resources\Texture\Tiles\DarkStone_6.png
896 0
1
..\Resources\Texture\Tiles\DarkStone_6.png
960 0
1
..\Resources\Texture\Tiles\DarkStone_6.png
1024 0
1
..\Resources\Texture\Tiles\DarkStone_6.png
1088 0
1
..\Resources\Texture\Tiles\DarkStone_6.png
1152 0
1
..\Resources\Texture\Tiles\DarkStone_6.png
1216 0
1
..\Resources\Texture\Tiles\DarkStone_6.png
1280 0
1
..\Resources\Texture\Tiles\DarkStone_6.png
1344 0
1
..\Resources\Texture\Tiles\DarkStone_6.png
1408 0
1
..\Resources\Texture\Tiles\DarkStone_6.png
1472 0
1
..\Resources\Texture\Tiles\DarkStone_6.png
1536 0
1
..\Resources\Texture\Tiles\DarkStone_6.png
1600 0
1
..\Resources\Texture\Tiles\DarkStone_6.png
1664 0
1
..\Resources\Texture\Tiles\DarkStone_6.png
1728 0
1
..\Resources\Texture\Tiles\DarkStone_6.png
1792 0
1
..\Resources\Texture\Tiles\DarkStone_6.png
1856 0
1
..\Resources\Texture\Tiles\DarkStone_6.png
1920 0
1
..\Resources\Texture\Tiles\DarkStone_6.png
1984 0
1
..\Resources\Texture\Tiles\DarkStone_6.png
2048 0
1
..\Resources\Texture\Tiles\DarkStone_6.png
2112 0
1
..\Resources\Texture\Tiles\DarkStone_6.png
2176 0
1
..\Resources\Texture\Tiles\DarkStone_6.png
2240 0
1
..\Resources\Texture\Tiles\DarkStone_6.png
2304 0
1
..\Resources\Texture\Tiles\DarkStone_6.png
2368 0
1
..\Resources\Texture\Tiles\DarkStone_6.png
2432 0
1
..\Resources\Texture\Tiles\DarkStone_6.png
2496 0
1
..\Resources\Texture\Tiles\DarkStone_6.png
2496 128
1
..\Resources\Texture\Tiles\DarkStone_6.png
2496 192
1
..\Resources\Texture\Tiles\DarkStone_6.png
2496 256
1
..\Resources\Texture\Tiles\DarkStone_6.png
2496 320
1
..\Resources\Texture\Tiles\DarkStone_6.png
2496 384
1
..\Resources\Texture\Tiles\DarkStone_6.png
2496 448
1
..\Resources\Texture\Tiles\DarkStone_6.png
2496 512
1
..\Resources\Texture\Tiles\DarkStone_6.png
2496 576
1
..\Resources\Texture\Tiles\DarkStone_6.png
2624 640
1
..\Resources\Texture\Tiles\DarkStone_6.png
2560 640
1
..\Resources\Texture\Tiles\DarkStone_6.png
2496 640
1
..\Resources\Texture\Tiles\DarkStone_6.png
2432 640
1
..\Resources\Texture\Tiles\DarkStone_6.png
2560 576
1
..\Resources\Texture\Tiles\DarkStone_6.png
2560 512
1
..\Resources\Texture\Tiles\DarkStone_6.png
2560 448
1
..\Resources\Texture\Tiles\DarkStone_6.png
2560 384
1
..\Resources\Texture\Tiles\DarkStone_6.png
2624 576
1
..\Resources\Texture\Tiles\DarkStone_6.png
2624 512
1
..\Resources\Texture\Tiles\DarkStone_6.png
2624 448
1
..\Resources\Texture\Tiles\DarkStone_6.png
2624 384
1
..\Resources\Texture\Tiles\DarkStone_6.png
2624 320
1
..\Resources\Texture\Tiles\DarkStone_6.png
2624 256
1
..\Resources\Texture\Tiles\DarkStone_6.png
2624 192
1
..\Resources\Texture\Tiles\DarkStone_6.png
2624 128
1
..\Resources\Texture\Tiles\DarkStone_6.png
2624 64
1
..\Resources\Texture\Tiles\DarkStone_6.png
2624 0
1
..\Resources\Texture\Tiles\DarkStone_6.png
2560 256
1
..\Resources\Texture\Tiles\DarkStone_6.png
2560 192
1
..\Resources\Texture\Tiles\DarkStone_6.png
2560 128
1
..\Resources\Texture\Tiles\DarkStone_6.png
2560 320
1
..\Resources\Texture\Tiles\DarkStone_6.png
2560 64
1
..\Resources\Texture\Tiles\DarkStone_6.png
2560 0
1
..\Resources\Texture\Tiles\DarkStone_6.png
2560 -64
1
..\Resources\Texture\Tiles\DarkStone_6.png
2496 -64
1
..\Resources\Texture\Tiles\DarkStone_6.png
2624 -64
1
..\Resources\Texture\Tiles\DarkStone_6.png
2432 -64
1
..\Resources\Texture\Tiles\DarkStone_6.png
2368 -64
1
..\Resources\Texture\Tiles\DarkStone_6.png
2304 -64
1
..\Resources\Texture\Tiles\DarkStone_6.png
2240 -64
1
..\Resources\Texture\Tiles\DarkStone_6.png
2176 -64
1
..\Resources\Texture\Tiles\DarkStone_6.png
2112 -64
1
..\Resources\Texture\Tiles\DarkStone_6.png
2048 -64
1
..\Resources\Texture\Tiles\DarkStone_6.png
1984 -64
1
..\Resources\Texture\Tiles\DarkStone_6.png
1920 -64
1
..\Resources\Texture\Tiles\DarkStone_6.png
1856 -64
1
..\Resources\Texture\Tiles\DarkStone_6.png
1792 -64
1
..\Resources\Texture\Tiles\DarkStone_6.png
1728 -64
1
..\Resources\Texture\Tiles\DarkStone_6.png
1664 -64
1
..\Resources\Texture\Tiles\DarkStone_6.png
1600 -64
1
..\Resources\Texture\Tiles\DarkStone_6.png
1536 -64
1
..\Resources\Texture\Tiles\DarkStone_6.png
1472 -64
1
..\Resources\Texture\Tiles\DarkStone_6.png
1408 -64
1
..\Resources\Texture\Tiles\DarkStone_6.png
1344 -64
1
..\Resources\Texture\Tiles\DarkStone_6.png
1280 -64
1
..\Resources\Texture\Tiles\DarkStone_6.png
1216 -64
1
..\Resources\Texture\Tiles\DarkStone_6.png
1152 -64
1
..\Resources\Texture\Tiles\DarkStone_6.png
1088 -64
1
..\Resources\Texture\Tiles\DarkStone_6.png
1024 -64
1
..\Resources\Texture\Tiles\DarkStone_6.png
960 -64
1
..\Resources\Texture\Tiles\DarkStone_6.png
896 -64
1
..\Resources\Texture\Tiles\DarkStone_6.png
832 -64
1
..\Resources\Texture\Tiles\DarkStone_6.png
768 -64
1
..\Resources\Texture\Tiles\DarkStone_6.png
704 -64
1
..\Resources\Texture\Tiles\DarkStone_6.png
640 -64
1
..\Resources\Texture\Tiles\DarkStone_6.png
576 -64
1
..\Resources\Texture\Tiles\DarkStone_6.png
512 -64
1
..\Resources\Texture\Tiles\DarkStone_6.png
448 -64
1
..\Resources\Texture\Tiles\DarkStone_6.png
384 -64
1
..\Resources\Texture\Tiles\DarkStone_6.png
320 -64
1
..\Resources\Texture\Tiles\DarkStone_6.png
256 -64
1
..\Resources\Texture\Tiles\DarkStone_6.png
192 -64
1
..\Resources\Texture\Tiles\DarkStone_6.png
128 -64
1
..\Resources\Texture\Tiles\DarkStone_6.png
64 -64
1
..\Resources\Texture\Tiles\DarkStone_6.png
0 -64
1
..\Resources\Texture\Tiles\DarkStone_6.png
-64 -64
1
..\Resources\Texture\Tiles\DarkStone_6.png
-128 -64
1
..\Resources\Texture\Tiles\DarkStone_6.png
-192 -64
1
..\Resources\Texture\Tiles\DarkStone_6.png
-256 -64
1
..\Resources\Texture\Tiles\DarkStone_6.png
-320 -64
1
..\Resources\Texture\Tiles\DarkStone_6.png
-384 -64
1
..\Resources\Texture\Tiles\DarkStone_6.png
-448 -64
1
..\Resources\Texture\Tiles\DarkStone_6.png
-512 -64
1
..\Resources\Texture\Tiles\DarkStone_6.png
-576 -64
1
..\Resources\Texture\Tiles\DarkStone_6.png
-640 -64
1
..\Resources\Texture\Tiles\DarkStone_6.png
-704 -64
1
..\Resources\Texture\Tiles\DarkStone_6.png
-768 -64
1
..\Resources\Texture\Tiles\DarkStone_6.png
-832 -64
1
..\Resources\Texture\Tiles\DarkStone_6.png
-896 -64
1
..\Resources\Texture\Tiles\DarkStone_6.png
-960 -64
1
..\Resources\Texture\Tiles\DarkStone_6.png
-1024 -64
1
..\Resources\Texture\Tiles\DarkStone_6.png
-1088 -64
1
..\Resources\Texture\Tiles\DarkStone_6.png
-1152 -64
1
..\Resources\Texture\Tiles\DarkStone_6.png
-1216 -64
1
..\Resources\Texture\Tiles\DarkStone_6.png
-1280 -64
1
..\Resources\Texture\Tiles\DarkStone_6.png
-1344 -64
1
..\Resources\Texture\Tiles\DarkStone_6.png
-1408 -64
1
..\Resources\Texture\Tiles\DarkStone_6.png
-1472 -64
1
..\Resources\Texture\Tiles\DarkStone_6.png
-1536 -64
1
..\Resources\Texture\Tiles\DarkStone_6.png
-1600 -64
1
..\Resources\Texture\Tiles\DarkStone_6.png
-1664 -64
1
..\Resources\Texture\Tiles\DarkStone_6.png
-1728 -64
1
..\Resources\Texture\Tiles\DarkStone_6.png
1600 640
1
..\Resources\Texture\Tiles\DarkStone_6.png
1664 640
1
..\Resources\Texture\Tiles\DarkStone_6.png
1728 640
1
..\Resources\Texture\Tiles\DarkStone_6.png
1792 640
1
..\Resources\Texture\Tiles\DarkStone_6.png
1856 640
1
..\Resources\Texture\Tiles\DarkStone_6.png
1920 640
1
..\Resources\Texture\Tiles\DarkStone_6.png
1984 640
1
..\Resources\Texture\Tiles\DarkStone_6.png
2048 640
1
..\Resources\Texture\Tiles\DarkStone_6.png
2112 640
1
..\Resources\Texture\Tiles\DarkStone_6.png
2176 640
1
..\Resources\Texture\Tiles\DarkStone_6.png
2240 640
1
..\Resources\Texture\Tiles\DarkStone_6.png
2304 640
1
..\Resources\Texture\Tiles\DarkStone_6.png
2368 640
1
..\Resources\Texture\Tiles\DarkStone_6.png
1600 576
1
..\Resources\Texture\Tiles\DarkStone_6.png
1664 576
1
..\Resources\Texture\Tiles\DarkStone_6.png
1728 576
1
..\Resources\Texture\Tiles\DarkStone_6.png
1792 576
1
..\Resources\Texture\Tiles\DarkStone_6.png
1856 576
1
..\Resources\Texture\Tiles\DarkStone_6.png
1920 576
1
..\Resources\Texture\Tiles\DarkStone_6.png
1984 576
1
..\Resources\Texture\Tiles\DarkStone_6.png
2048 576
1
..\Resources\Texture\Tiles\DarkStone_6.png
2112 576
1
..\Resources\Texture\Tiles\DarkStone_6.png
2176 576
1
..\Resources\Texture\Tiles\DarkStone_6.png
2240 576
1
..\Resources\Texture\Tiles\DarkStone_6.png
2304 576
1
..\Resources\Texture\Tiles\DarkStone_6.png
2368 576
2
0
0
1
..\Resources\Texture\Sprites\Dungeon\Ch3\DungeonGate\Item\Sprite_Ch3DungeonGate_Item_Activate.png
1920 854
1
0
6
..\Resources\Texture\Sprites\Dungeon\Ch3\DungeonWall\Image_Ch3_Dungeon_Wall.png
2240 856
5
1
..\Resources\Texture\DungeonObject\DecoImage_Lamp_2.png
1621.03 296.333
1
..\Resources\Texture\DungeonObject\DecoImage_Lamp_1.png
1098.14 298.733
1
..\Resources\Texture\DungeonObject\DecoImage_Table_3.png
1210.06 210.413
1
..\Resources\Texture\DungeonObject\DecoImage_Chair_2.png
796.318 196.013
1
..\Resources\Texture\DungeonObject\DecoImage_Chair_1.png
1891.22 198.103
13
1 1 0
0 0 0
100
1625.03 385.133 100
1 1 0
0 0 0
100
1594.64 344.333 100
0.5 0.5 0
0 0 0
300
1583.43 259.533 100
0.5 0.5 0
0 0 0
300
1603.43 202.733 100
0.5 0.5 0
0 0 0
300
1629.03 299.533 100
0.2 0.2 0
0 0 0
300
1519.43 193.133 100
0.2 0.2 0
0 0 0
300
1693.03 178.733 100
1 1 0
0 0 0
100
1106.94 394.733 100
1 1 0
0 0 0
100
1077.34 356.333 100
1 1 0
0 0 0
100
1126.14 349.933 100
1 1 0
0 0 0
500
1115.74 236.333 100
1 0.5 0.2
0 0 0
200
1820.92 827.658 95
1 0.5 0.2
0 0 0
200
2017.72 817.258 95
