4
..\Resources\Texture\Map\Image_Ch3_BackgroundColor.png
800 450 1200
3000 3000 1
..\Resources\Texture\Map\Image_Ch3_Background_1.png
800 400 800
2262 983 1
..\Resources\Texture\Map\Image_Ch3_Background_2.png
800 600 950
1678 749 1
..\Resources\Texture\Map\Image_Ch3_Background_3.png
0 800 850
1500 667 1
442
0
..\Resources\Texture\Tiles\DarkStone_1.png
-1728 128
0
..\Resources\Texture\Tiles\A_Transparent_1.png
-1984 256
0
..\Resources\Texture\Tiles\DarkStone_2.png
-1600 128
0
..\Resources\Texture\Tiles\DarkStone_2.png
-1664 128
0
..\Resources\Texture\Tiles\DarkStone_2.png
-1536 128
0
..\Resources\Texture\Tiles\DarkStone_2.png
-1472 128
0
..\Resources\Texture\Tiles\DarkStone_2.png
-1408 128
0
..\Resources\Texture\Tiles\DarkStone_2.png
-1344 128
0
..\Resources\Texture\Tiles\DarkStone_2.png
-1280 128
0
..\Resources\Texture\Tiles\DarkStone_2.png
-1216 128
0
..\Resources\Texture\Tiles\DarkStone_2.png
-1152 128
0
..\Resources\Texture\Tiles\DarkStone_2.png
-1088 128
0
..\Resources\Texture\Tiles\DarkStone_2.png
-1024 128
0
..\Resources\Texture\Tiles\DarkStone_2.png
-960 128
0
..\Resources\Texture\Tiles\DarkStone_2.png
-896 128
0
..\Resources\Texture\Tiles\DarkStone_2.png
-832 128
0
..\Resources\Texture\Tiles\DarkStone_2.png
-768 128
0
..\Resources\Texture\Tiles\DarkStone_2.png
-704 128
0
..\Resources\Texture\Tiles\DarkStone_2.png
-640 128
0
..\Resources\Texture\Tiles\DarkStone_2.png
-576 128
0
..\Resources\Texture\Tiles\DarkStone_2.png
-512 128
0
..\Resources\Texture\Tiles\DarkStone_2.png
-448 128
0
..\Resources\Texture\Tiles\DarkStone_2.png
-384 128
0
..\Resources\Texture\Tiles\DarkStone_2.png
-320 128
0
..\Resources\Texture\Tiles\DarkStone_2.png
-256 128
0
..\Resources\Texture\Tiles\DarkStone_3.png
-192 128
0
..\Resources\Texture\Tiles\DarkStone_3.png
-128 128
0
..\Resources\Texture\Tiles\DarkStone_3.png
-64 128
0
..\Resources\Texture\Tiles\DarkStone_3.png
0 128
0
..\Resources\Texture\Tiles\DarkStone_3.png
64 128
0
..\Resources\Texture\Tiles\DarkStone_3.png
128 128
0
..\Resources\Texture\Tiles\DarkStone_3.png
192 128
0
..\Resources\Texture\Tiles\DarkStone_3.png
256 128
0
..\Resources\Texture\Tiles\DarkStone_3.png
320 128
0
..\Resources\Texture\Tiles\DarkStone_3.png
384 128
0
..\Resources\Texture\Tiles\DarkStone_3.png
448 128
0
..\Resources\Texture\Tiles\DarkStone_3.png
512 128
0
..\Resources\Texture\Tiles\DarkStone_3.png
576 128
0
..\Resources\Texture\Tiles\DarkStone_3.png
640 128
0
..\Resources\Texture\Tiles\DarkStone_3.png
704 128
0
..\Resources\Texture\Tiles\DarkStone_3.png
768 128
0
..\Resources\Texture\Tiles\DarkStone_3.png
832 128
0
..\Resources\Texture\Tiles\DarkStone_3.png
896 128
0
..\Resources\Texture\Tiles\DarkStone_3.png
960 128
0
..\Resources\Texture\Tiles\DarkStone_3.png
1024 128
0
..\Resources\Texture\Tiles\DarkStone_3.png
1088 128
0
..\Resources\Texture\Tiles\DarkStone_3.png
1152 128
0
..\Resources\Texture\Tiles\DarkStone_3.png
1216 128
0
..\Resources\Texture\Tiles\DarkStone_3.png
1280 128
0
..\Resources\Texture\Tiles\DarkStone_3.png
1344 128
0
..\Resources\Texture\Tiles\DarkStone_3.png
1408 128
0
..\Resources\Texture\Tiles\DarkStone_3.png
1472 128
0
..\Resources\Texture\Tiles\DarkStone_3.png
1536 128
0
..\Resources\Texture\Tiles\DarkStone_3.png
1600 128
0
..\Resources\Texture\Tiles\DarkStone_3.png
1664 128
0
..\Resources\Texture\Tiles\DarkStone_3.png
1728 128
0
..\Resources\Texture\Tiles\DarkStone_3.png
1792 128
0
..\Resources\Texture\Tiles\DarkStone_3.png
1856 128
0
..\Resources\Texture\Tiles\DarkStone_3.png
1920 128
0
..\Resources\Texture\Tiles\DarkStone_3.png
1984 128
0
..\Resources\Texture\Tiles\DarkStone_3.png
2048 128
0
..\Resources\Texture\Tiles\DarkStone_3.png
2112 128
0
..\Resources\Texture\Tiles\DarkStone_3.png
2176 128
0
..\Resources\Texture\Tiles\DarkStone_3.png
2240 128
0
..\Resources\Texture\Tiles\DarkStone_3.png
2304 128
0
..\Resources\Texture\Tiles\DarkStone_3.png
2368 128
0
..\Resources\Texture\Tiles\DarkStone_3.png
2432 128
0
..\Resources\Texture\Tiles\DarkStone_3.png
2496 128
0
..\Resources\Texture\Tiles\DarkStone_3.png
2560 128
0
..\Resources\Texture\Tiles\DarkStone_3.png
2624 128
0
..\Resources\Texture\Tiles\DarkStone_3.png
2688 128
0
..\Resources\Texture\Tiles\DarkStone_3.png
2752 128
0
..\Resources\Texture\Tiles\DarkStone_3.png
2816 128
0
..\Resources\Texture\Tiles\DarkStone_3.png
2880 128
0
..\Resources\Texture\Tiles\DarkStone_3.png
2944 128
0
..\Resources\Texture\Tiles\DarkStone_3.png
3008 128
0
..\Resources\Texture\Tiles\DarkStone_3.png
3072 128
0
..\Resources\Texture\Tiles\DarkStone_3.png
3136 128
0
..\Resources\Texture\Tiles\DarkStone_3.png
3200 128
0
..\Resources\Texture\Tiles\DarkStone_3.png
3264 128
0
..\Resources\Texture\Tiles\DarkStone_3.png
3328 128
0
..\Resources\Texture\Tiles\DarkStone_3.png
3392 128
0
..\Resources\Texture\Tiles\DarkStone_3.png
3456 128
0
..\Resources\Texture\Tiles\DarkStone_6.png
3520 64
0
..\Resources\Texture\Tiles\DarkStone_6.png
3584 64
0
..\Resources\Texture\Tiles\DarkStone_6.png
3456 64
0
..\Resources\Texture\Tiles\DarkStone_6.png
3392 64
0
..\Resources\Texture\Tiles\DarkStone_6.png
3328 64
0
..\Resources\Texture\Tiles\DarkStone_6.png
3264 64
0
..\Resources\Texture\Tiles\DarkStone_6.png
3200 64
0
..\Resources\Texture\Tiles\DarkStone_6.png
3136 64
0
..\Resources\Texture\Tiles\DarkStone_6.png
3072 64
0
..\Resources\Texture\Tiles\DarkStone_6.png
3008 64
0
..\Resources\Texture\Tiles\DarkStone_6.png
2944 64
0
..\Resources\Texture\Tiles\DarkStone_6.png
2880 64
0
..\Resources\Texture\Tiles\DarkStone_6.png
2816 64
0
..\Resources\Texture\Tiles\DarkStone_6.png
2752 64
0
..\Resources\Texture\Tiles\DarkStone_6.png
2688 64
0
..\Resources\Texture\Tiles\DarkStone_6.png
2624 64
0
..\Resources\Texture\Tiles\DarkStone_6.png
2560 64
0
..\Resources\Texture\Tiles\DarkStone_6.png
2496 64
0
..\Resources\Texture\Tiles\DarkStone_6.png
2432 64
0
..\Resources\Texture\Tiles\DarkStone_6.png
2368 64
0
..\Resources\Texture\Tiles\DarkStone_6.png
2304 64
0
..\Resources\Texture\Tiles\DarkStone_6.png
2240 64
0
..\Resources\Texture\Tiles\DarkStone_6.png
2176 64
0
..\Resources\Texture\Tiles\DarkStone_6.png
2112 64
0
..\Resources\Texture\Tiles\DarkStone_6.png
2048 64
0
..\Resources\Texture\Tiles\DarkStone_6.png
1984 64
0
..\Resources\Texture\Tiles\DarkStone_6.png
1920 64
0
..\Resources\Texture\Tiles\DarkStone_6.png
1856 64
0
..\Resources\Texture\Tiles\DarkStone_6.png
1792 64
0
..\Resources\Texture\Tiles\DarkStone_6.png
1728 64
0
..\Resources\Texture\Tiles\DarkStone_6.png
1664 64
0
..\Resources\Texture\Tiles\DarkStone_6.png
1600 64
0
..\Resources\Texture\Tiles\DarkStone_6.png
1472 64
0
..\Resources\Texture\Tiles\DarkStone_6.png
1408 64
0
..\Resources\Texture\Tiles\DarkStone_6.png
1344 64
0
..\Resources\Texture\Tiles\DarkStone_6.png
1280 64
0
..\Resources\Texture\Tiles\DarkStone_6.png
1216 64
0
..\Resources\Texture\Tiles\DarkStone_6.png
1152 64
0
..\Resources\Texture\Tiles\DarkStone_6.png
1088 64
0
..\Resources\Texture\Tiles\DarkStone_6.png
1024 64
0
..\Resources\Texture\Tiles\DarkStone_6.png
960 64
0
..\Resources\Texture\Tiles\DarkStone_6.png
896 64
0
..\Resources\Texture\Tiles\DarkStone_6.png
832 64
0
..\Resources\Texture\Tiles\DarkStone_6.png
768 64
0
..\Resources\Texture\Tiles\DarkStone_6.png
704 64
0
..\Resources\Texture\Tiles\DarkStone_6.png
640 64
0
..\Resources\Texture\Tiles\DarkStone_6.png
576 64
0
..\Resources\Texture\Tiles\DarkStone_6.png
512 64
0
..\Resources\Texture\Tiles\DarkStone_6.png
448 64
0
..\Resources\Texture\Tiles\DarkStone_6.png
384 64
0
..\Resources\Texture\Tiles\DarkStone_6.png
320 64
0
..\Resources\Texture\Tiles\DarkStone_6.png
256 64
0
..\Resources\Texture\Tiles\DarkStone_6.png
192 64
0
..\Resources\Texture\Tiles\DarkStone_6.png
128 64
0
..\Resources\Texture\Tiles\DarkStone_6.png
64 64
0
..\Resources\Texture\Tiles\DarkStone_6.png
0 64
0
..\Resources\Texture\Tiles\DarkStone_6.png
-64 64
0
..\Resources\Texture\Tiles\DarkStone_6.png
-128 64
0
..\Resources\Texture\Tiles\DarkStone_6.png
-192 64
0
..\Resources\Texture\Tiles\DarkStone_6.png
-256 64
0
..\Resources\Texture\Tiles\DarkStone_6.png
-320 64
0
..\Resources\Texture\Tiles\DarkStone_6.png
-384 64
0
..\Resources\Texture\Tiles\DarkStone_6.png
-448 64
0
..\Resources\Texture\Tiles\DarkStone_6.png
-512 64
0
..\Resources\Texture\Tiles\DarkStone_6.png
-576 64
0
..\Resources\Texture\Tiles\DarkStone_6.png
-640 64
0
..\Resources\Texture\Tiles\DarkStone_6.png
-704 64
0
..\Resources\Texture\Tiles\DarkStone_6.png
-768 64
0
..\Resources\Texture\Tiles\DarkStone_6.png
-832 64
0
..\Resources\Texture\Tiles\DarkStone_6.png
-896 64
0
..\Resources\Texture\Tiles\DarkStone_6.png
-960 64
0
..\Resources\Texture\Tiles\DarkStone_6.png
-1024 64
0
..\Resources\Texture\Tiles\DarkStone_6.png
-1088 64
0
..\Resources\Texture\Tiles\DarkStone_6.png
-1152 64
0
..\Resources\Texture\Tiles\DarkStone_6.png
-1216 64
0
..\Resources\Texture\Tiles\DarkStone_6.png
-1280 64
0
..\Resources\Texture\Tiles\DarkStone_6.png
-1344 64
0
..\Resources\Texture\Tiles\DarkStone_6.png
-1408 64
0
..\Resources\Texture\Tiles\DarkStone_6.png
-1472 64
0
..\Resources\Texture\Tiles\DarkStone_6.png
-1536 64
0
..\Resources\Texture\Tiles\DarkStone_6.png
-1600 64
0
..\Resources\Texture\Tiles\DarkStone_6.png
-1664 64
0
..\Resources\Texture\Tiles\DarkStone_6.png
-1728 64
0
..\Resources\Texture\Tiles\DarkStone_6.png
-1664 0
0
..\Resources\Texture\Tiles\DarkStone_6.png
-1600 0
0
..\Resources\Texture\Tiles\DarkStone_6.png
-1536 0
0
..\Resources\Texture\Tiles\DarkStone_6.png
-1728 0
0
..\Resources\Texture\Tiles\DarkStone_6.png
-1472 0
0
..\Resources\Texture\Tiles\DarkStone_6.png
-1408 0
0
..\Resources\Texture\Tiles\DarkStone_6.png
-1344 0
0
..\Resources\Texture\Tiles\DarkStone_6.png
-1280 0
0
..\Resources\Texture\Tiles\DarkStone_6.png
-1216 0
0
..\Resources\Texture\Tiles\DarkStone_6.png
-1152 0
0
..\Resources\Texture\Tiles\DarkStone_6.png
-1088 0
0
..\Resources\Texture\Tiles\DarkStone_6.png
-1024 0
0
..\Resources\Texture\Tiles\DarkStone_6.png
-960 0
0
..\Resources\Texture\Tiles\DarkStone_6.png
-896 0
0
..\Resources\Texture\Tiles\DarkStone_6.png
-832 0
0
..\Resources\Texture\Tiles\DarkStone_6.png
-768 0
0
..\Resources\Texture\Tiles\DarkStone_6.png
-704 0
0
..\Resources\Texture\Tiles\DarkStone_6.png
-640 0
0
..\Resources\Texture\Tiles\DarkStone_6.png
-576 0
0
..\Resources\Texture\Tiles\DarkStone_6.png
-512 0
0
..\Resources\Texture\Tiles\DarkStone_6.png
-448 0
0
..\Resources\Texture\Tiles\DarkStone_6.png
-384 0
0
..\Resources\Texture\Tiles\DarkStone_6.png
-320 0
0
..\Resources\Texture\Tiles\DarkStone_6.png
-256 0
0
..\Resources\Texture\Tiles\DarkStone_6.png
-192 0
0
..\Resources\Texture\Tiles\DarkStone_6.png
-128 0
0
..\Resources\Texture\Tiles\DarkStone_6.png
-64 0
0
..\Resources\Texture\Tiles\DarkStone_6.png
0 0
0
..\Resources\Texture\Tiles\DarkStone_6.png
64 0
0
..\Resources\Texture\Tiles\DarkStone_6.png
128 0
0
..\Resources\Texture\Tiles\DarkStone_6.png
192 0
0
..\Resources\Texture\Tiles\DarkStone_6.png
256 0
0
..\Resources\Texture\Tiles\DarkStone_6.png
320 0
0
..\Resources\Texture\Tiles\DarkStone_6.png
384 0
0
..\Resources\Texture\Tiles\DarkStone_6.png
448 0
0
..\Resources\Texture\Tiles\DarkStone_6.png
512 0
0
..\Resources\Texture\Tiles\DarkStone_6.png
576 0
0
..\Resources\Texture\Tiles\DarkStone_6.png
640 0
0
..\Resources\Texture\Tiles\DarkStone_6.png
704 0
0
..\Resources\Texture\Tiles\DarkStone_6.png
768 0
0
..\Resources\Texture\Tiles\DarkStone_6.png
832 0
0
..\Resources\Texture\Tiles\DarkStone_6.png
896 0
0
..\Resources\Texture\Tiles\DarkStone_6.png
960 0
0
..\Resources\Texture\Tiles\DarkStone_6.png
1024 0
0
..\Resources\Texture\Tiles\DarkStone_6.png
1088 0
0
..\Resources\Texture\Tiles\DarkStone_6.png
1152 0
0
..\Resources\Texture\Tiles\DarkStone_6.png
1216 0
0
..\Resources\Texture\Tiles\DarkStone_6.png
1280 0
0
..\Resources\Texture\Tiles\DarkStone_6.png
1344 0
0
..\Resources\Texture\Tiles\DarkStone_6.png
1408 0
0
..\Resources\Texture\Tiles\DarkStone_6.png
1536 0
0
..\Resources\Texture\Tiles\DarkStone_6.png
1600 0
0
..\Resources\Texture\Tiles\DarkStone_6.png
1664 0
0
..\Resources\Texture\Tiles\DarkStone_6.png
1728 0
0
..\Resources\Texture\Tiles\DarkStone_6.png
1792 0
0
..\Resources\Texture\Tiles\DarkStone_6.png
1856 0
0
..\Resources\Texture\Tiles\DarkStone_6.png
1920 0
0
..\Resources\Texture\Tiles\DarkStone_6.png
1984 0
0
..\Resources\Texture\Tiles\DarkStone_6.png
2048 0
0
..\Resources\Texture\Tiles\DarkStone_6.png
2112 0
0
..\Resources\Texture\Tiles\DarkStone_6.png
2176 0
0
..\Resources\Texture\Tiles\DarkStone_6.png
2240 0
0
..\Resources\Texture\Tiles\DarkStone_6.png
2304 0
0
..\Resources\Texture\Tiles\DarkStone_6.png
2368 0
0
..\Resources\Texture\Tiles\DarkStone_6.png
2432 0
0
..\Resources\Texture\Tiles\DarkStone_6.png
2496 0
0
..\Resources\Texture\Tiles\DarkStone_6.png
2560 0
0
..\Resources\Texture\Tiles\DarkStone_6.png
2624 0
0
..\Resources\Texture\Tiles\DarkStone_6.png
2688 0
0
..\Resources\Texture\Tiles\DarkStone_6.png
2752 0
0
..\Resources\Texture\Tiles\DarkStone_6.png
2816 0
0
..\Resources\Texture\Tiles\DarkStone_6.png
2880 0
0
..\Resources\Texture\Tiles\DarkStone_6.png
2944 0
0
..\Resources\Texture\Tiles\DarkStone_6.png
3008 0
0
..\Resources\Texture\Tiles\DarkStone_6.png
3072 0
0
..\Resources\Texture\Tiles\DarkStone_6.png
3136 0
0
..\Resources\Texture\Tiles\DarkStone_6.png
3200 0
0
..\Resources\Texture\Tiles\DarkStone_6.png
3264 0
0
..\Resources\Texture\Tiles\DarkStone_6.png
3328 0
0
..\Resources\Texture\Tiles\DarkStone_6.png
3392 0
0
..\Resources\Texture\Tiles\DarkStone_6.png
3456 0
0
..\Resources\Texture\Tiles\DarkStone_6.png
3520 0
0
..\Resources\Texture\Tiles\DarkStone_6.png
3584 0
0
..\Resources\Texture\Tiles\DarkStone_6.png
3520 -64
0
..\Resources\Texture\Tiles\DarkStone_6.png
3584 -64
0
..\Resources\Texture\Tiles\DarkStone_6.png
3456 -64
0
..\Resources\Texture\Tiles\DarkStone_6.png
3392 -64
0
..\Resources\Texture\Tiles\DarkStone_6.png
3328 -64
0
..\Resources\Texture\Tiles\DarkStone_6.png
3264 -64
0
..\Resources\Texture\Tiles\DarkStone_6.png
3200 -64
0
..\Resources\Texture\Tiles\DarkStone_6.png
3136 -64
0
..\Resources\Texture\Tiles\DarkStone_6.png
3072 -64
0
..\Resources\Texture\Tiles\DarkStone_6.png
3008 -64
0
..\Resources\Texture\Tiles\DarkStone_6.png
2944 -64
0
..\Resources\Texture\Tiles\DarkStone_6.png
2880 -64
0
..\Resources\Texture\Tiles\DarkStone_6.png
2816 -64
0
..\Resources\Texture\Tiles\DarkStone_6.png
2752 -64
0
..\Resources\Texture\Tiles\DarkStone_6.png
2688 -64
0
..\Resources\Texture\Tiles\DarkStone_6.png
2624 -64
0
..\Resources\Texture\Tiles\DarkStone_6.png
2560 -64
0
..\Resources\Texture\Tiles\DarkStone_6.png
2496 -64
0
..\Resources\Texture\Tiles\DarkStone_6.png
2432 -64
0
..\Resources\Texture\Tiles\DarkStone_6.png
2368 -64
0
..\Resources\Texture\Tiles\DarkStone_6.png
2304 -64
0
..\Resources\Texture\Tiles\DarkStone_6.png
2240 -64
0
..\Resources\Texture\Tiles\DarkStone_6.png
2176 -64
0
..\Resources\Texture\Tiles\DarkStone_6.png
2112 -64
0
..\Resources\Texture\Tiles\DarkStone_6.png
2048 -64
0
..\Resources\Texture\Tiles\DarkStone_6.png
1984 -64
0
..\Resources\Texture\Tiles\DarkStone_6.png
1920 -64
0
..\Resources\Texture\Tiles\DarkStone_6.png
1856 -64
0
..\Resources\Texture\Tiles\DarkStone_6.png
1792 -64
0
..\Resources\Texture\Tiles\DarkStone_6.png
1728 -64
0
..\Resources\Texture\Tiles\DarkStone_6.png
1664 -64
0
..\Resources\Texture\Tiles\DarkStone_6.png
1600 -64
0
..\Resources\Texture\Tiles\DarkStone_6.png
1536 -64
0
..\Resources\Texture\Tiles\DarkStone_6.png
1472 -64
0
..\Resources\Texture\Tiles\DarkStone_6.png
1408 -64
0
..\Resources\Texture\Tiles\DarkStone_6.png
1344 -64
0
..\Resources\Texture\Tiles\DarkStone_6.png
1280 -64
0
..\Resources\Texture\Tiles\DarkStone_6.png
1216 -64
0
..\Resources\Texture\Tiles\DarkStone_6.png
1152 -64
0
..\Resources\Texture\Tiles\DarkStone_6.png
1088 -64
0
..\Resources\Texture\Tiles\DarkStone_6.png
1024 -64
0
..\Resources\Texture\Tiles\DarkStone_6.png
960 -64
0
..\Resources\Texture\Tiles\DarkStone_6.png
896 -64
0
..\Resources\Texture\Tiles\DarkStone_6.png
832 -64
0
..\Resources\Texture\Tiles\DarkStone_6.png
768 -64
0
..\Resources\Texture\Tiles\DarkStone_6.png
704 -64
0
..\Resources\Texture\Tiles\DarkStone_6.png
640 -64
0
..\Resources\Texture\Tiles\DarkStone_6.png
576 -64
0
..\Resources\Texture\Tiles\DarkStone_6.png
512 -64
0
..\Resources\Texture\Tiles\DarkStone_6.png
448 -64
0
..\Resources\Texture\Tiles\DarkStone_6.png
384 -64
0
..\Resources\Texture\Tiles\DarkStone_6.png
320 -64
0
..\Resources\Texture\Tiles\DarkStone_6.png
256 -64
0
..\Resources\Texture\Tiles\DarkStone_6.png
192 -64
0
..\Resources\Texture\Tiles\DarkStone_6.png
128 -64
0
..\Resources\Texture\Tiles\DarkStone_6.png
64 -64
0
..\Resources\Texture\Tiles\DarkStone_6.png
0 -64
0
..\Resources\Texture\Tiles\DarkStone_6.png
-64 -64
0
..\Resources\Texture\Tiles\DarkStone_6.png
-128 -64
0
..\Resources\Texture\Tiles\DarkStone_6.png
-192 -64
0
..\Resources\Texture\Tiles\DarkStone_6.png
-256 -64
0
..\Resources\Texture\Tiles\DarkStone_6.png
-320 -64
0
..\Resources\Texture\Tiles\DarkStone_6.png
-384 -64
0
..\Resources\Texture\Tiles\DarkStone_6.png
-448 -64
0
..\Resources\Texture\Tiles\DarkStone_6.png
-512 -64
0
..\Resources\Texture\Tiles\DarkStone_6.png
-576 -64
0
..\Resources\Texture\Tiles\DarkStone_6.png
-640 -64
0
..\Resources\Texture\Tiles\DarkStone_6.png
-704 -64
0
..\Resources\Texture\Tiles\DarkStone_6.png
-768 -64
0
..\Resources\Texture\Tiles\DarkStone_6.png
-832 -64
0
..\Resources\Texture\Tiles\DarkStone_6.png
-896 -64
0
..\Resources\Texture\Tiles\DarkStone_6.png
-960 -64
0
..\Resources\Texture\Tiles\DarkStone_6.png
-1024 -64
0
..\Resources\Texture\Tiles\DarkStone_6.png
-1088 -64
0
..\Resources\Texture\Tiles\DarkStone_6.png
-1152 -64
0
..\Resources\Texture\Tiles\DarkStone_6.png
-1216 -64
0
..\Resources\Texture\Tiles\DarkStone_6.png
-1280 -64
0
..\Resources\Texture\Tiles\DarkStone_6.png
-1344 -64
0
..\Resources\Texture\Tiles\DarkStone_6.png
-1408 -64
0
..\Resources\Texture\Tiles\DarkStone_6.png
-1472 -64
0
..\Resources\Texture\Tiles\DarkStone_6.png
-1536 -64
0
..\Resources\Texture\Tiles\DarkStone_6.png
-1600 -64
0
..\Resources\Texture\Tiles\DarkStone_6.png
-1664 -64
0
..\Resources\Texture\Tiles\DarkStone_6.png
-1728 -64
2
..\Resources\Texture\Tiles\DarkStone_9.png
1408 320
2
..\Resources\Texture\Tiles\DarkStone_9.png
1536 448
2
..\Resources\Texture\Tiles\DarkStone_8.png
1472 448
2
..\Resources\Texture\Tiles\DarkStone_8.png
1344 320
0
..\Resources\Texture\Tiles\DarkStone_1.png
1664 576
0
..\Resources\Texture\Tiles\DarkStone_2.png
1728 576
0
..\Resources\Texture\Tiles\DarkStone_2.png
1792 576
0
..\Resources\Texture\Tiles\DarkStone_2.png
1856 576
0
..\Resources\Texture\Tiles\DarkStone_2.png
1920 576
0
..\Resources\Texture\Tiles\DarkStone_2.png
1984 576
0
..\Resources\Texture\Tiles\DarkStone_2.png
2048 576
0
..\Resources\Texture\Tiles\DarkStone_2.png
2112 576
0
..\Resources\Texture\Tiles\DarkStone_2.png
2176 576
0
..\Resources\Texture\Tiles\DarkStone_2.png
2240 576
0
..\Resources\Texture\Tiles\DarkStone_2.png
2304 576
0
..\Resources\Texture\Tiles\DarkStone_2.png
2368 576
0
..\Resources\Texture\Tiles\DarkStone_2.png
2432 576
0
..\Resources\Texture\Tiles\DarkStone_2.png
2496 576
0
..\Resources\Texture\Tiles\DarkStone_2.png
2560 576
0
..\Resources\Texture\Tiles\DarkStone_2.png
2624 576
0
..\Resources\Texture\Tiles\DarkStone_2.png
2688 576
0
..\Resources\Texture\Tiles\DarkStone_2.png
2752 576
0
..\Resources\Texture\Tiles\DarkStone_2.png
2816 576
0
..\Resources\Texture\Tiles\DarkStone_2.png
2880 576
0
..\Resources\Texture\Tiles\DarkStone_2.png
2944 576
0
..\Resources\Texture\Tiles\DarkStone_2.png
3008 576
0
..\Resources\Texture\Tiles\DarkStone_2.png
3072 576
0
..\Resources\Texture\Tiles\DarkStone_2.png
3136 576
0
..\Resources\Texture\Tiles\DarkStone_2.png
3200 576
0
..\Resources\Texture\Tiles\DarkStone_2.png
3264 576
0
..\Resources\Texture\Tiles\DarkStone_2.png
3328 576
0
..\Resources\Texture\Tiles\DarkStone_2.png
3392 576
0
..\Resources\Texture\Tiles\DarkStone_2.png
3456 576
0
..\Resources\Texture\Tiles\DarkStone_2.png
3520 576
0
..\Resources\Texture\Tiles\DarkStone_2.png
3584 576
0
..\Resources\Texture\Tiles\DarkStone_6.png
3584 512
0
..\Resources\Texture\Tiles\DarkStone_6.png
3520 512
0
..\Resources\Texture\Tiles\DarkStone_6.png
3456 512
0
..\Resources\Texture\Tiles\DarkStone_6.png
3392 512
0
..\Resources\Texture\Tiles\DarkStone_6.png
3328 512
0
..\Resources\Texture\Tiles\DarkStone_6.png
3264 512
0
..\Resources\Texture\Tiles\DarkStone_6.png
3200 512
0
..\Resources\Texture\Tiles\DarkStone_6.png
3136 512
0
..\Resources\Texture\Tiles\DarkStone_6.png
3072 512
0
..\Resources\Texture\Tiles\DarkStone_6.png
3008 512
0
..\Resources\Texture\Tiles\DarkStone_6.png
2944 512
0
..\Resources\Texture\Tiles\DarkStone_6.png
2880 512
0
..\Resources\Texture\Tiles\DarkStone_6.png
2816 512
0
..\Resources\Texture\Tiles\DarkStone_6.png
2752 512
0
..\Resources\Texture\Tiles\DarkStone_6.png
2688 512
0
..\Resources\Texture\Tiles\DarkStone_6.png
2624 512
0
..\Resources\Texture\Tiles\DarkStone_6.png
2560 512
0
..\Resources\Texture\Tiles\DarkStone_6.png
2496 512
0
..\Resources\Texture\Tiles\DarkStone_6.png
2432 512
0
..\Resources\Texture\Tiles\DarkStone_6.png
2368 512
0
..\Resources\Texture\Tiles\DarkStone_6.png
2304 512
0
..\Resources\Texture\Tiles\DarkStone_6.png
2240 512
0
..\Resources\Texture\Tiles\DarkStone_6.png
2176 512
0
..\Resources\Texture\Tiles\DarkStone_6.png
2112 512
0
..\Resources\Texture\Tiles\DarkStone_6.png
2048 512
0
..\Resources\Texture\Tiles\DarkStone_6.png
1984 512
0
..\Resources\Texture\Tiles\DarkStone_6.png
1920 512
0
..\Resources\Texture\Tiles\DarkStone_6.png
1856 512
0
..\Resources\Texture\Tiles\DarkStone_6.png
1792 512
0
..\Resources\Texture\Tiles\DarkStone_6.png
1728 512
0
..\Resources\Texture\Tiles\DarkStone_6.png
1664 512
0
..\Resources\Texture\Tiles\DarkStone_6.png
1664 448
0
..\Resources\Texture\Tiles\DarkStone_6.png
1728 448
0
..\Resources\Texture\Tiles\DarkStone_6.png
1792 448
0
..\Resources\Texture\Tiles\DarkStone_6.png
1856 448
0
..\Resources\Texture\Tiles\DarkStone_6.png
1920 448
0
..\Resources\Texture\Tiles\DarkStone_6.png
1984 448
0
..\Resources\Texture\Tiles\DarkStone_6.png
2048 448
0
..\Resources\Texture\Tiles\DarkStone_6.png
2112 448
0
..\Resources\Texture\Tiles\DarkStone_6.png
2176 448
0
..\Resources\Texture\Tiles\DarkStone_6.png
2240 448
0
..\Resources\Texture\Tiles\DarkStone_6.png
2304 448
0
..\Resources\Texture\Tiles\DarkStone_6.png
2368 448
0
..\Resources\Texture\Tiles\DarkStone_6.png
2432 448
0
..\Resources\Texture\Tiles\DarkStone_6.png
2496 448
0
..\Resources\Texture\Tiles\DarkStone_6.png
2560 448
0
..\Resources\Texture\Tiles\DarkStone_6.png
2624 448
0
..\Resources\Texture\Tiles\DarkStone_6.png
2688 448
0
..\Resources\Texture\Tiles\DarkStone_6.png
2752 448
0
..\Resources\Texture\Tiles\DarkStone_6.png
2816 448
0
..\Resources\Texture\Tiles\DarkStone_6.png
2880 448
0
..\Resources\Texture\Tiles\DarkStone_6.png
2944 448
0
..\Resources\Texture\Tiles\DarkStone_6.png
3008 448
0
..\Resources\Texture\Tiles\DarkStone_6.png
3072 448
0
..\Resources\Texture\Tiles\DarkStone_6.png
3136 448
0
..\Resources\Texture\Tiles\DarkStone_6.png
3200 448
0
..\Resources\Texture\Tiles\DarkStone_6.png
3264 448
0
..\Resources\Texture\Tiles\DarkStone_6.png
3328 448
0
..\Resources\Texture\Tiles\DarkStone_6.png
3392 448
0
..\Resources\Texture\Tiles\DarkStone_6.png
3456 448
0
..\Resources\Texture\Tiles\DarkStone_6.png
3520 448
0
..\Resources\Texture\Tiles\DarkStone_6.png
3584 448
0
..\Resources\Texture\Tiles\DarkStone_6.png
3584 128
0
..\Resources\Texture\Tiles\DarkStone_6.png
3584 192
0
..\Resources\Texture\Tiles\DarkStone_6.png
3584 320
0
..\Resources\Texture\Tiles\DarkStone_6.png
3584 384
0
..\Resources\Texture\Tiles\DarkStone_6.png
3584 256
0
..\Resources\Texture\Tiles\DarkStone_5.png
3520 384
0
..\Resources\Texture\Tiles\DarkStone_5.png
3520 320
0
..\Resources\Texture\Tiles\DarkStone_5.png
3520 256
0
..\Resources\Texture\Tiles\DarkStone_5.png
3520 192
0
..\Resources\Texture\Tiles\DarkStone_5.png
3520 128
0
..\Resources\Texture\Tiles\DarkStone_6.png
1536 64
0
..\Resources\Texture\Tiles\DarkStone_6.png
1472 0
1
0
0
3
..\Resources\Texture\Sprites\Dungeon\Ch3\DungeonGate\Bone\Sprite_Ch3DungeonGate_Bone_Activate.png
2944 726
