6
..\Resources\Texture\Map\Image_Ch3_Background_2.png
-500 700 150
1678 749 1
8 8 0
..\Resources\Texture\Map\Image_Ch3_Background_11.png
-850 450 160
177 375 1
2 2 0
..\Resources\Texture\Map\Image_Ch3_BackgroundColor2.png
800 1000 200
3588 1498 1
1 1 0
..\Resources\Texture\Map\Image_Ch3_Background_3.png
0 800 170
1798 800 1
1.5 1.5 0
..\Resources\Texture\Map\Image_Ch3_Background_13.png
-300 550 160
85 335 1
2.2 2.2 0
..\Resources\Texture\Map\Image_Ch3_Background_12.png
200 550 160
202 529 1
1.8 1.8 0
61
0
..\Resources\Texture\Tiles\DarkStone_1.png
-1280 320
0
..\Resources\Texture\Tiles\DarkStone_2.png
-1152 320
0
..\Resources\Texture\Tiles\DarkStone_2.png
-1216 320
0
..\Resources\Texture\Tiles\DarkStone_3.png
-1024 320
0
..\Resources\Texture\Tiles\DarkStone_3.png
-960 320
0
..\Resources\Texture\Tiles\DarkStone_3.png
-1088 320
0
..\Resources\Texture\Tiles\DarkStone_3.png
-896 320
0
..\Resources\Texture\Tiles\DarkStone_3.png
-832 320
0
..\Resources\Texture\Tiles\DarkStone_3.png
-768 320
0
..\Resources\Texture\Tiles\DarkStone_3.png
-704 320
0
..\Resources\Texture\Tiles\DarkStone_3.png
-640 320
0
..\Resources\Texture\Tiles\DarkStone_1.png
-576 256
0
..\Resources\Texture\Tiles\DarkStone_1.png
-448 192
0
..\Resources\Texture\Tiles\DarkStone_4.png
-512 256
0
..\Resources\Texture\Tiles\DarkStone_4.png
-384 192
0
..\Resources\Texture\Tiles\DarkStone_1.png
-320 128
0
..\Resources\Texture\Tiles\DarkStone_3.png
-256 128
0
..\Resources\Texture\Tiles\DarkStone_3.png
-192 128
0
..\Resources\Texture\Tiles\DarkStone_3.png
-128 128
0
..\Resources\Texture\Tiles\DarkStone_3.png
-64 128
0
..\Resources\Texture\Tiles\DarkStone_3.png
0 128
0
..\Resources\Texture\Tiles\DarkStone_3.png
64 128
0
..\Resources\Texture\Tiles\DarkStone_4.png
128 128
0
..\Resources\Texture\Tiles\DarkStone_1.png
192 64
0
..\Resources\Texture\Tiles\DarkStone_4.png
256 64
0
..\Resources\Texture\Tiles\DarkStone_1.png
320 0
0
..\Resources\Texture\Tiles\DarkStone_2.png
384 0
0
..\Resources\Texture\Tiles\DarkStone_2.png
448 0
0
..\Resources\Texture\Tiles\DarkStone_2.png
512 0
0
..\Resources\Texture\Tiles\DarkStone_2.png
576 0
0
..\Resources\Texture\Tiles\DarkStone_2.png
640 0
0
..\Resources\Texture\Tiles\DarkStone_3.png
704 0
0
..\Resources\Texture\Tiles\DarkStone_3.png
768 0
0
..\Resources\Texture\Tiles\DarkStone_4.png
832 0
0
..\Resources\Texture\Tiles\DarkStone_3.png
768 320
0
..\Resources\Texture\Tiles\DarkStone_3.png
704 320
0
..\Resources\Texture\Tiles\DarkStone_3.png
640 320
0
..\Resources\Texture\Tiles\DarkStone_1.png
576 320
2
..\Resources\Texture\Tiles\DarkStone_7.png
320 192
2
..\Resources\Texture\Tiles\DarkStone_9.png
384 192
2
..\Resources\Texture\Tiles\DarkStone_7.png
448 256
2
..\Resources\Texture\Tiles\DarkStone_9.png
512 256
0
..\Resources\Texture\Tiles\DarkStone_3.png
896 320
0
..\Resources\Texture\Tiles\DarkStone_3.png
960 320
0
..\Resources\Texture\Tiles\DarkStone_3.png
1024 320
0
..\Resources\Texture\Tiles\DarkStone_3.png
1088 320
0
..\Resources\Texture\Tiles\DarkStone_3.png
1152 320
0
..\Resources\Texture\Tiles\DarkStone_3.png
1216 320
0
..\Resources\Texture\Tiles\DarkStone_3.png
832 320
0
..\Resources\Texture\Tiles\DarkStone_3.png
1280 320
0
..\Resources\Texture\Tiles\DarkStone_3.png
1344 320
0
..\Resources\Texture\Tiles\DarkStone_3.png
1408 320
0
..\Resources\Texture\Tiles\DarkStone_3.png
1472 320
0
..\Resources\Texture\Tiles\Ch3TopTile_2.png
896 256
0
..\Resources\Texture\Tiles\Ch3TopTile_2.png
896 192
0
..\Resources\Texture\Tiles\Ch3TopTile_2.png
896 128
0
..\Resources\Texture\Tiles\Ch3TopTile_2.png
896 64
0
..\Resources\Texture\Tiles\DarkStone_3.png
1536 320
0
..\Resources\Texture\Tiles\DarkStone_3.png
1600 320
0
..\Resources\Texture\Tiles\DarkStone_3.png
1664 320
0
..\Resources\Texture\Tiles\DarkStone_4.png
1728 320
2
0
0
4
..\Resources\Texture\Sprites\Dungeon\Ch3\DungeonGate\Shop\Sprite_Ch3DungeonGate_Shop_Activate.png
832 470
1
0
7
..\Resources\Texture\Sprites\Dungeon\Ch3\DungeonWall\Image_Ch3_Dungeon_Wall.png
1152 448
93
1
..\Resources\Texture\DungeonObject\DecoImage_EmptyTime_1.png
1088 256
1
..\Resources\Texture\DungeonObject\DecoImage_EmptyTime_1.png
1408 256
1
..\Resources\Texture\DungeonObject\DecoImage_EmptyTime_1.png
1088 192
1
..\Resources\Texture\DungeonObject\DecoImage_EmptyTime_1.png
1408 192
1
..\Resources\Texture\DungeonObject\DecoImage_EmptyTime_1.png
1088 128
1
..\Resources\Texture\DungeonObject\DecoImage_EmptyTime_1.png
1408 128
1
..\Resources\Texture\DungeonObject\DecoImage_EmptyTime_1.png
1088 64
1
..\Resources\Texture\DungeonObject\DecoImage_EmptyTime_1.png
1088 0
1
..\Resources\Texture\DungeonObject\DecoImage_EmptyTime_1.png
1344 64
1
..\Resources\Texture\DungeonObject\DecoImage_EmptyTime_1.png
1408 0
1
..\Resources\Texture\DungeonObject\DecoImage_EmptyTime_1.png
1408 64
1
..\Resources\Texture\DungeonObject\DecoImage_EmptyTime_2.png
896 0
1
..\Resources\Texture\DungeonObject\DecoImage_EmptyTime_1.png
-1088 256
1
..\Resources\Texture\DungeonObject\DecoImage_EmptyTime_1.png
-768 256
1
..\Resources\Texture\DungeonObject\DecoImage_EmptyTime_1.png
-1088 128
1
..\Resources\Texture\DungeonObject\DecoImage_EmptyTime_1.png
-1088 192
1
..\Resources\Texture\DungeonObject\DecoImage_EmptyTime_1.png
-1152 192
1
..\Resources\Texture\DungeonObject\DecoImage_EmptyTime_1.png
-1152 128
1
..\Resources\Texture\DungeonObject\DecoImage_EmptyTime_1.png
-768 128
1
..\Resources\Texture\DungeonObject\DecoImage_EmptyTime_1.png
-704 192
1
..\Resources\Texture\DungeonObject\DecoImage_EmptyTime_1.png
-768 192
1
..\Resources\Texture\DungeonObject\DecoImage_EmptyTime_1.png
-512 64
1
..\Resources\Texture\DungeonObject\DecoImage_EmptyTime_1.png
-512 128
1
..\Resources\Texture\DungeonObject\DecoImage_EmptyTime_2.png
-512 192
1
..\Resources\Texture\DungeonObject\DecoImage_EmptyTime_2.png
-1216 256
1
..\Resources\Texture\DungeonObject\DecoImage_EmptyTime_2.png
-1280 256
1
..\Resources\Texture\DungeonObject\DecoImage_EmptyTime_1.png
-1152 64
1
..\Resources\Texture\DungeonObject\DecoImage_EmptyTime_1.png
-1152 0
1
..\Resources\Texture\DungeonObject\DecoImage_EmptyTime_1.png
-832 64
1
..\Resources\Texture\DungeonObject\DecoImage_EmptyTime_1.png
-768 0
1
..\Resources\Texture\DungeonObject\DecoImage_EmptyTime_1.png
-448 0
1
..\Resources\Texture\DungeonObject\DecoImage_EmptyTime_1.png
-64 0
1
..\Resources\Texture\DungeonObject\DecoImage_EmptyTime_1.png
704 -64
1
..\Resources\Texture\DungeonObject\DecoImage_EmptyTime_1.png
704 -128
1
..\Resources\Texture\DungeonObject\DecoImage_EmptyTime_1.png
704 -192
1
..\Resources\Texture\DungeonObject\DecoImage_EmptyTime_1.png
384 -64
1
..\Resources\Texture\DungeonObject\DecoImage_EmptyTime_1.png
384 -128
1
..\Resources\Texture\DungeonObject\DecoImage_EmptyTime_1.png
384 -192
1
..\Resources\Texture\DungeonObject\DecoImage_EmptyTime_1.png
64 -64
1
..\Resources\Texture\DungeonObject\DecoImage_EmptyTime_1.png
64 -128
1
..\Resources\Texture\DungeonObject\DecoImage_EmptyTime_1.png
64 -192
1
..\Resources\Texture\DungeonObject\DecoImage_EmptyTime_1.png
-256 -64
1
..\Resources\Texture\DungeonObject\DecoImage_EmptyTime_1.png
-256 -128
1
..\Resources\Texture\DungeonObject\DecoImage_EmptyTime_1.png
-256 -192
1
..\Resources\Texture\DungeonObject\DecoImage_EmptyTime_1.png
-512 -64
1
..\Resources\Texture\DungeonObject\DecoImage_EmptyTime_1.png
-512 -128
1
..\Resources\Texture\DungeonObject\DecoImage_EmptyTime_1.png
-512 -192
1
..\Resources\Texture\DungeonObject\DecoImage_EmptyTime_1.png
-832 0
1
..\Resources\Texture\DungeonObject\DecoImage_EmptyTime_1.png
-832 -64
1
..\Resources\Texture\DungeonObject\DecoImage_EmptyTime_1.png
-832 -128
1
..\Resources\Texture\DungeonObject\DecoImage_EmptyTime_1.png
-832 -192
1
..\Resources\Texture\DungeonObject\DecoImage_EmptyTime_1.png
-1152 -64
1
..\Resources\Texture\DungeonObject\DecoImage_EmptyTime_1.png
-1152 -128
1
..\Resources\Texture\DungeonObject\DecoImage_EmptyTime_1.png
-1152 -192
1
..\Resources\Texture\DungeonObject\DecoImage_EmptyTime_1.png
-192 0
1
..\Resources\Texture\DungeonObject\DecoImage_EmptyTime_1.png
-128 64
1
..\Resources\Texture\DungeonObject\DecoImage_EmptyTime_1.png
64 0
1
..\Resources\Texture\DungeonObject\DecoImage_EmptyTime_2.png
192 0
1
..\Resources\Texture\DungeonObject\DecoImage_EmptyTime_2.png
256 0
1
..\Resources\Texture\DungeonObject\DecoImage_EmptyTime_2.png
64 64
1
..\Resources\Texture\DungeonObject\DecoImage_EmptyTime_2.png
128 64
1
..\Resources\Texture\DungeonObject\DecoImage_EmptyTime_2.png
-256 64
1
..\Resources\Texture\DungeonObject\DecoImage_EmptyTime_2.png
-320 64
1
..\Resources\Texture\DungeonObject\DecoImage_EmptyTime_1.png
1024 0
1
..\Resources\Texture\DungeonObject\DecoImage_EmptyTime_1.png
1024 -64
1
..\Resources\Texture\DungeonObject\DecoImage_EmptyTime_1.png
1024 -128
1
..\Resources\Texture\DungeonObject\DecoImage_EmptyTime_1.png
1024 -192
1
..\Resources\Texture\DungeonObject\DecoImage_EmptyTime_1.png
1344 0
1
..\Resources\Texture\DungeonObject\DecoImage_EmptyTime_1.png
1344 -64
1
..\Resources\Texture\DungeonObject\DecoImage_EmptyTime_1.png
1344 -128
1
..\Resources\Texture\DungeonObject\DecoImage_EmptyTime_1.png
1280 -128
1
..\Resources\Texture\DungeonObject\DecoImage_EmptyTime_1.png
1280 -192
1
..\Resources\Texture\DungeonObject\DecoImage_EmptyTime_2.png
1472 0
1
..\Resources\Texture\DungeonObject\DecoImage_EmptyTime_2.png
1472 -64
1
..\Resources\Texture\DungeonObject\DecoImage_EmptyTime_2.png
1472 -128
1
..\Resources\Texture\DungeonObject\DecoImage_EmptyTime_2.png
1472 -192
1
..\Resources\Texture\DungeonObject\DecoImage_EmptyTime_2.png
1536 0
1
..\Resources\Texture\DungeonObject\DecoImage_EmptyTime_2.png
1536 -64
1
..\Resources\Texture\DungeonObject\DecoImage_EmptyTime_2.png
1536 -128
1
..\Resources\Texture\DungeonObject\DecoImage_EmptyTime_2.png
1536 -192
1
..\Resources\Texture\DungeonObject\DecoImage_Ch3BeginTower.png
-1158.07 704.019
1
..\Resources\Texture\DungeonObject\DecoImage_Lamp_8.png
-667.987 484.868
1
..\Resources\Texture\DungeonObject\DecoImage_Lamp_1.png
35.0994 295.814
1
..\Resources\Texture\DungeonObject\DecoImage_EmptyTime_1.png
1600 256
1
..\Resources\Texture\DungeonObject\DecoImage_EmptyTime_1.png
1600 192
1
..\Resources\Texture\DungeonObject\DecoImage_EmptyTime_1.png
1600 128
1
..\Resources\Texture\DungeonObject\DecoImage_EmptyTime_1.png
1600 64
1
..\Resources\Texture\DungeonObject\DecoImage_EmptyTime_1.png
1600 0
1
..\Resources\Texture\DungeonObject\DecoImage_EmptyTime_1.png
1600 -64
1
..\Resources\Texture\DungeonObject\DecoImage_EmptyTime_1.png
1600 -128
1
..\Resources\Texture\DungeonObject\DecoImage_EmptyTime_1.png
1600 -192
1
..\Resources\Texture\DungeonObject\DecoImage_LostDoor.png
1517.51 470.841
1
..\Resources\Texture\DungeonObject\DecoImage_LostDoor.png
1517.51 470.841
22
1 1 0
0 0 0
100
-1048.53 540.929 100
1 1 0
0 0 0
100
-1241.33 535.329 100
1 1 0
0 0 0
100
-1174.13 545.729 100
1 1 0
0 0 0
100
-1050.93 762.529 100
1 1 0
0 0 0
100
-1178.13 762.529 100
1 1 0
0 0 0
100
-1241.33 767.329 100
1 1 0
0 0 0
100
-1053.26 1026.48 100
1 1 0
0 0 0
100
-1172.46 1026.48 100
1 1 0
0 0 0
100
-1249.26 1032.08 100
1 1 0
0 0 0
100
-628.23 529.667 100
0.5 0.5 0
0 0 0
500
-670.63 448.867 100
0.5 0.5 0
0 0 0
500
-1140.4 468.067 100
0.5 0.5 0
0 0 0
500
-1144.4 659.635 100
0.5 0.5 0
0 0 0
500
-1143.6 915.589 100
1 1 0
0 0 0
500
-1155.68 459.968 100
1 1 0
0 0 0
100
41.1132 387.035 100
1 1 0
0 0 0
100
9.91319 339.835 100
1 1 0
0 0 0
100
71.5132 340.635 100
0.5 0.5 0
0 0 0
500
26.7132 258.235 100
1 1 1
0 0 0
1000
1128.73 587.521 100
1 1 1
0 0 0
200
716.46 409.378 100
1 1 1
0 0 0
200
1560.46 422.978 100
