4
..\Resources\Texture\Map\Image_Ch3_BackgroundColor.png
800 450 1200
3000 3000 1
0 0 0
..\Resources\Texture\Map\Image_Ch3_Background_1.png
800 900 1000
1737 756 1
11 11 0
..\Resources\Texture\Map\Image_Ch3_Background_2.png
800 800 900
1678 749 1
13 13 0
..\Resources\Texture\Map\Image_Ch3_Background_3.png
1600 400 1050
1500 667 1
15 15 0
303
0
..\Resources\Texture\Tiles\DarkStone_2.png
-896 192
0
..\Resources\Texture\Tiles\DarkStone_2.png
-832 192
0
..\Resources\Texture\Tiles\DarkStone_2.png
-768 192
0
..\Resources\Texture\Tiles\DarkStone_2.png
-704 192
0
..\Resources\Texture\Tiles\DarkStone_2.png
-640 192
0
..\Resources\Texture\Tiles\DarkStone_2.png
-576 192
0
..\Resources\Texture\Tiles\DarkStone_2.png
-512 192
0
..\Resources\Texture\Tiles\DarkStone_2.png
-448 192
0
..\Resources\Texture\Tiles\DarkStone_2.png
-384 192
0
..\Resources\Texture\Tiles\DarkStone_2.png
-320 192
0
..\Resources\Texture\Tiles\DarkStone_2.png
-256 192
0
..\Resources\Texture\Tiles\DarkStone_2.png
-192 192
0
..\Resources\Texture\Tiles\DarkStone_2.png
-128 192
0
..\Resources\Texture\Tiles\DarkStone_2.png
-64 192
0
..\Resources\Texture\Tiles\DarkStone_2.png
0 192
0
..\Resources\Texture\Tiles\DarkStone_2.png
64 192
0
..\Resources\Texture\Tiles\DarkStone_2.png
128 192
0
..\Resources\Texture\Tiles\DarkStone_2.png
320 192
0
..\Resources\Texture\Tiles\DarkStone_2.png
384 192
0
..\Resources\Texture\Tiles\DarkStone_2.png
448 192
0
..\Resources\Texture\Tiles\DarkStone_2.png
512 192
0
..\Resources\Texture\Tiles\DarkStone_2.png
576 192
0
..\Resources\Texture\Tiles\DarkStone_2.png
192 192
0
..\Resources\Texture\Tiles\DarkStone_2.png
256 192
0
..\Resources\Texture\Tiles\DarkStone_2.png
704 640
0
..\Resources\Texture\Tiles\DarkStone_2.png
768 640
0
..\Resources\Texture\Tiles\DarkStone_2.png
832 640
0
..\Resources\Texture\Tiles\DarkStone_2.png
896 640
0
..\Resources\Texture\Tiles\DarkStone_2.png
960 640
0
..\Resources\Texture\Tiles\DarkStone_2.png
1024 640
0
..\Resources\Texture\Tiles\DarkStone_2.png
1088 640
0
..\Resources\Texture\Tiles\DarkStone_2.png
1152 640
0
..\Resources\Texture\Tiles\DarkStone_2.png
1216 640
0
..\Resources\Texture\Tiles\DarkStone_6.png
640 576
0
..\Resources\Texture\Tiles\DarkStone_6.png
640 512
0
..\Resources\Texture\Tiles\DarkStone_6.png
640 384
0
..\Resources\Texture\Tiles\DarkStone_6.png
640 320
0
..\Resources\Texture\Tiles\DarkStone_6.png
640 256
0
..\Resources\Texture\Tiles\DarkStone_6.png
640 192
0
..\Resources\Texture\Tiles\DarkStone_6.png
640 448
0
..\Resources\Texture\Tiles\DarkStone_6.png
1216 576
0
..\Resources\Texture\Tiles\DarkStone_6.png
1216 512
0
..\Resources\Texture\Tiles\DarkStone_6.png
1216 448
0
..\Resources\Texture\Tiles\DarkStone_6.png
1216 384
0
..\Resources\Texture\Tiles\DarkStone_6.png
1216 320
0
..\Resources\Texture\Tiles\A_Transparent_1.png
-1344 1024
0
..\Resources\Texture\Tiles\A_Transparent_1.png
-1344 960
0
..\Resources\Texture\Tiles\A_Transparent_1.png
-1344 896
0
..\Resources\Texture\Tiles\A_Transparent_1.png
-1344 832
0
..\Resources\Texture\Tiles\A_Transparent_1.png
-1344 768
0
..\Resources\Texture\Tiles\A_Transparent_1.png
-1344 704
0
..\Resources\Texture\Tiles\A_Transparent_1.png
-1344 640
0
..\Resources\Texture\Tiles\A_Transparent_1.png
-1344 576
0
..\Resources\Texture\Tiles\A_Transparent_1.png
-1344 512
0
..\Resources\Texture\Tiles\A_Transparent_1.png
-1344 448
1
..\Resources\Texture\Tiles\DarkStone_6.png
-1344 128
1
..\Resources\Texture\Tiles\DarkStone_6.png
-1280 128
1
..\Resources\Texture\Tiles\DarkStone_6.png
-1216 128
1
..\Resources\Texture\Tiles\DarkStone_6.png
-1152 128
1
..\Resources\Texture\Tiles\DarkStone_6.png
-1088 128
1
..\Resources\Texture\Tiles\DarkStone_6.png
-1024 128
1
..\Resources\Texture\Tiles\DarkStone_6.png
-960 128
1
..\Resources\Texture\Tiles\DarkStone_6.png
-896 128
1
..\Resources\Texture\Tiles\DarkStone_6.png
-832 128
1
..\Resources\Texture\Tiles\DarkStone_6.png
-768 128
1
..\Resources\Texture\Tiles\DarkStone_6.png
-704 128
1
..\Resources\Texture\Tiles\DarkStone_6.png
-640 128
1
..\Resources\Texture\Tiles\DarkStone_6.png
-576 128
1
..\Resources\Texture\Tiles\DarkStone_6.png
-512 128
1
..\Resources\Texture\Tiles\DarkStone_6.png
-448 128
1
..\Resources\Texture\Tiles\DarkStone_6.png
-384 128
1
..\Resources\Texture\Tiles\DarkStone_6.png
-320 128
1
..\Resources\Texture\Tiles\DarkStone_6.png
-256 128
1
..\Resources\Texture\Tiles\DarkStone_6.png
-192 128
1
..\Resources\Texture\Tiles\DarkStone_6.png
-128 128
1
..\Resources\Texture\Tiles\DarkStone_6.png
-64 128
1
..\Resources\Texture\Tiles\DarkStone_6.png
0 128
1
..\Resources\Texture\Tiles\DarkStone_6.png
64 128
1
..\Resources\Texture\Tiles\DarkStone_6.png
128 128
1
..\Resources\Texture\Tiles\DarkStone_6.png
192 128
1
..\Resources\Texture\Tiles\DarkStone_6.png
256 128
1
..\Resources\Texture\Tiles\DarkStone_6.png
320 128
1
..\Resources\Texture\Tiles\DarkStone_6.png
384 128
1
..\Resources\Texture\Tiles\DarkStone_6.png
448 128
1
..\Resources\Texture\Tiles\DarkStone_6.png
512 128
1
..\Resources\Texture\Tiles\DarkStone_6.png
576 128
1
..\Resources\Texture\Tiles\DarkStone_6.png
640 128
1
..\Resources\Texture\Tiles\DarkStone_6.png
704 128
1
..\Resources\Texture\Tiles\DarkStone_6.png
704 192
1
..\Resources\Texture\Tiles\DarkStone_6.png
704 256
1
..\Resources\Texture\Tiles\DarkStone_6.png
704 320
1
..\Resources\Texture\Tiles\DarkStone_6.png
704 384
1
..\Resources\Texture\Tiles\DarkStone_6.png
704 448
1
..\Resources\Texture\Tiles\DarkStone_6.png
704 512
1
..\Resources\Texture\Tiles\DarkStone_6.png
704 576
1
..\Resources\Texture\Tiles\DarkStone_6.png
768 576
1
..\Resources\Texture\Tiles\DarkStone_6.png
832 576
1
..\Resources\Texture\Tiles\DarkStone_6.png
896 576
1
..\Resources\Texture\Tiles\DarkStone_6.png
960 576
1
..\Resources\Texture\Tiles\DarkStone_6.png
1024 576
1
..\Resources\Texture\Tiles\DarkStone_6.png
1088 576
1
..\Resources\Texture\Tiles\DarkStone_6.png
1152 576
1
..\Resources\Texture\Tiles\DarkStone_6.png
1152 512
1
..\Resources\Texture\Tiles\DarkStone_6.png
1088 512
1
..\Resources\Texture\Tiles\DarkStone_6.png
1024 512
1
..\Resources\Texture\Tiles\DarkStone_6.png
960 512
1
..\Resources\Texture\Tiles\DarkStone_6.png
896 512
1
..\Resources\Texture\Tiles\DarkStone_6.png
832 512
1
..\Resources\Texture\Tiles\DarkStone_6.png
768 512
1
..\Resources\Texture\Tiles\DarkStone_6.png
768 448
1
..\Resources\Texture\Tiles\DarkStone_6.png
832 448
1
..\Resources\Texture\Tiles\DarkStone_6.png
896 448
1
..\Resources\Texture\Tiles\DarkStone_6.png
960 448
1
..\Resources\Texture\Tiles\DarkStone_6.png
1024 448
1
..\Resources\Texture\Tiles\DarkStone_6.png
1088 448
1
..\Resources\Texture\Tiles\DarkStone_6.png
1152 448
1
..\Resources\Texture\Tiles\DarkStone_6.png
1152 384
1
..\Resources\Texture\Tiles\DarkStone_6.png
1088 384
1
..\Resources\Texture\Tiles\DarkStone_6.png
1024 384
1
..\Resources\Texture\Tiles\DarkStone_6.png
960 384
1
..\Resources\Texture\Tiles\DarkStone_6.png
896 384
1
..\Resources\Texture\Tiles\DarkStone_6.png
832 384
1
..\Resources\Texture\Tiles\DarkStone_6.png
768 384
1
..\Resources\Texture\Tiles\DarkStone_6.png
768 320
1
..\Resources\Texture\Tiles\DarkStone_6.png
768 256
1
..\Resources\Texture\Tiles\DarkStone_6.png
832 256
1
..\Resources\Texture\Tiles\DarkStone_6.png
896 256
1
..\Resources\Texture\Tiles\DarkStone_6.png
960 256
1
..\Resources\Texture\Tiles\DarkStone_6.png
1024 256
1
..\Resources\Texture\Tiles\DarkStone_6.png
1088 256
1
..\Resources\Texture\Tiles\DarkStone_6.png
1152 256
1
..\Resources\Texture\Tiles\DarkStone_6.png
832 320
1
..\Resources\Texture\Tiles\DarkStone_6.png
896 320
1
..\Resources\Texture\Tiles\DarkStone_6.png
960 320
1
..\Resources\Texture\Tiles\DarkStone_6.png
1024 320
1
..\Resources\Texture\Tiles\DarkStone_6.png
1088 320
1
..\Resources\Texture\Tiles\DarkStone_6.png
1152 320
1
..\Resources\Texture\Tiles\DarkStone_6.png
1216 256
1
..\Resources\Texture\Tiles\DarkStone_6.png
1216 192
1
..\Resources\Texture\Tiles\DarkStone_6.png
1152 192
1
..\Resources\Texture\Tiles\DarkStone_6.png
1088 192
1
..\Resources\Texture\Tiles\DarkStone_6.png
1024 192
1
..\Resources\Texture\Tiles\DarkStone_6.png
960 192
1
..\Resources\Texture\Tiles\DarkStone_6.png
896 192
1
..\Resources\Texture\Tiles\DarkStone_6.png
832 192
1
..\Resources\Texture\Tiles\DarkStone_6.png
768 192
1
..\Resources\Texture\Tiles\DarkStone_6.png
768 128
1
..\Resources\Texture\Tiles\DarkStone_6.png
832 128
1
..\Resources\Texture\Tiles\DarkStone_6.png
896 128
1
..\Resources\Texture\Tiles\DarkStone_6.png
960 128
1
..\Resources\Texture\Tiles\DarkStone_6.png
1024 128
1
..\Resources\Texture\Tiles\DarkStone_6.png
1088 128
1
..\Resources\Texture\Tiles\DarkStone_6.png
1152 128
1
..\Resources\Texture\Tiles\DarkStone_6.png
1216 128
1
..\Resources\Texture\Tiles\DarkStone_6.png
-1280 64
1
..\Resources\Texture\Tiles\DarkStone_6.png
-1216 64
1
..\Resources\Texture\Tiles\DarkStone_6.png
-1152 64
1
..\Resources\Texture\Tiles\DarkStone_6.png
-1344 64
1
..\Resources\Texture\Tiles\DarkStone_6.png
-1088 64
1
..\Resources\Texture\Tiles\DarkStone_6.png
-1024 64
1
..\Resources\Texture\Tiles\DarkStone_6.png
-960 64
1
..\Resources\Texture\Tiles\DarkStone_6.png
-896 64
1
..\Resources\Texture\Tiles\DarkStone_6.png
-832 64
1
..\Resources\Texture\Tiles\DarkStone_6.png
-768 64
1
..\Resources\Texture\Tiles\DarkStone_6.png
-704 64
1
..\Resources\Texture\Tiles\DarkStone_6.png
-640 64
1
..\Resources\Texture\Tiles\DarkStone_6.png
-576 64
1
..\Resources\Texture\Tiles\DarkStone_6.png
-512 64
1
..\Resources\Texture\Tiles\DarkStone_6.png
-448 64
1
..\Resources\Texture\Tiles\DarkStone_6.png
-384 64
1
..\Resources\Texture\Tiles\DarkStone_6.png
-320 64
1
..\Resources\Texture\Tiles\DarkStone_6.png
-256 64
1
..\Resources\Texture\Tiles\DarkStone_6.png
-192 64
1
..\Resources\Texture\Tiles\DarkStone_6.png
-128 64
1
..\Resources\Texture\Tiles\DarkStone_6.png
-64 64
1
..\Resources\Texture\Tiles\DarkStone_6.png
0 64
1
..\Resources\Texture\Tiles\DarkStone_6.png
64 64
1
..\Resources\Texture\Tiles\DarkStone_6.png
128 64
1
..\Resources\Texture\Tiles\DarkStone_6.png
192 64
1
..\Resources\Texture\Tiles\DarkStone_6.png
256 64
1
..\Resources\Texture\Tiles\DarkStone_6.png
320 64
1
..\Resources\Texture\Tiles\DarkStone_6.png
384 64
1
..\Resources\Texture\Tiles\DarkStone_6.png
448 64
1
..\Resources\Texture\Tiles\DarkStone_6.png
512 64
1
..\Resources\Texture\Tiles\DarkStone_6.png
576 64
1
..\Resources\Texture\Tiles\DarkStone_6.png
640 64
1
..\Resources\Texture\Tiles\DarkStone_6.png
704 64
1
..\Resources\Texture\Tiles\DarkStone_6.png
768 64
1
..\Resources\Texture\Tiles\DarkStone_6.png
832 64
1
..\Resources\Texture\Tiles\DarkStone_6.png
896 64
1
..\Resources\Texture\Tiles\DarkStone_6.png
960 64
1
..\Resources\Texture\Tiles\DarkStone_6.png
1024 64
1
..\Resources\Texture\Tiles\DarkStone_6.png
1088 64
1
..\Resources\Texture\Tiles\DarkStone_6.png
1152 64
1
..\Resources\Texture\Tiles\DarkStone_6.png
1216 64
1
..\Resources\Texture\Tiles\DarkStone_6.png
-1280 0
1
..\Resources\Texture\Tiles\DarkStone_6.png
-1344 0
1
..\Resources\Texture\Tiles\DarkStone_6.png
-1216 0
1
..\Resources\Texture\Tiles\DarkStone_6.png
-1152 0
1
..\Resources\Texture\Tiles\DarkStone_6.png
-1088 0
1
..\Resources\Texture\Tiles\DarkStone_6.png
-1024 0
1
..\Resources\Texture\Tiles\DarkStone_6.png
-960 0
1
..\Resources\Texture\Tiles\DarkStone_6.png
-896 0
1
..\Resources\Texture\Tiles\DarkStone_6.png
-832 0
1
..\Resources\Texture\Tiles\DarkStone_6.png
-768 0
1
..\Resources\Texture\Tiles\DarkStone_6.png
-704 0
1
..\Resources\Texture\Tiles\DarkStone_6.png
-640 0
1
..\Resources\Texture\Tiles\DarkStone_6.png
-576 0
1
..\Resources\Texture\Tiles\DarkStone_6.png
-512 0
1
..\Resources\Texture\Tiles\DarkStone_6.png
-448 0
1
..\Resources\Texture\Tiles\DarkStone_6.png
-384 0
1
..\Resources\Texture\Tiles\DarkStone_6.png
-320 0
1
..\Resources\Texture\Tiles\DarkStone_6.png
-256 0
1
..\Resources\Texture\Tiles\DarkStone_6.png
-192 0
1
..\Resources\Texture\Tiles\DarkStone_6.png
-128 0
1
..\Resources\Texture\Tiles\DarkStone_6.png
-64 0
1
..\Resources\Texture\Tiles\DarkStone_6.png
0 0
1
..\Resources\Texture\Tiles\DarkStone_6.png
64 0
1
..\Resources\Texture\Tiles\DarkStone_6.png
128 0
1
..\Resources\Texture\Tiles\DarkStone_6.png
192 0
1
..\Resources\Texture\Tiles\DarkStone_6.png
256 0
1
..\Resources\Texture\Tiles\DarkStone_6.png
320 0
1
..\Resources\Texture\Tiles\DarkStone_6.png
384 0
1
..\Resources\Texture\Tiles\DarkStone_6.png
448 0
1
..\Resources\Texture\Tiles\DarkStone_6.png
512 0
1
..\Resources\Texture\Tiles\DarkStone_6.png
576 0
1
..\Resources\Texture\Tiles\DarkStone_6.png
640 0
1
..\Resources\Texture\Tiles\DarkStone_6.png
704 0
1
..\Resources\Texture\Tiles\DarkStone_6.png
768 0
1
..\Resources\Texture\Tiles\DarkStone_6.png
832 0
1
..\Resources\Texture\Tiles\DarkStone_6.png
896 0
1
..\Resources\Texture\Tiles\DarkStone_6.png
960 0
1
..\Resources\Texture\Tiles\DarkStone_6.png
1024 0
1
..\Resources\Texture\Tiles\DarkStone_6.png
1088 0
1
..\Resources\Texture\Tiles\DarkStone_6.png
1152 0
1
..\Resources\Texture\Tiles\DarkStone_6.png
1216 0
0
..\Resources\Texture\Tiles\DarkStone_1.png
-1344 192
0
..\Resources\Texture\Tiles\DarkStone_2.png
-1216 192
0
..\Resources\Texture\Tiles\DarkStone_2.png
-1152 192
0
..\Resources\Texture\Tiles\DarkStone_2.png
-1280 192
0
..\Resources\Texture\Tiles\DarkStone_2.png
-1088 192
0
..\Resources\Texture\Tiles\DarkStone_2.png
-960 192
0
..\Resources\Texture\Tiles\DarkStone_2.png
-1024 192
2
..\Resources\Texture\Tiles\DarkStone_8.png
320 832
2
..\Resources\Texture\Tiles\DarkStone_8.png
384 832
2
..\Resources\Texture\Tiles\DarkStone_8.png
448 832
2
..\Resources\Texture\Tiles\DarkStone_9.png
512 832
2
..\Resources\Texture\Tiles\DarkStone_8.png
448 1024
2
..\Resources\Texture\Tiles\DarkStone_9.png
512 1024
2
..\Resources\Texture\Tiles\DarkStone_8.png
448 1216
2
..\Resources\Texture\Tiles\DarkStone_9.png
512 1216
0
..\Resources\Texture\Tiles\DarkStone_4.png
256 1408
0
..\Resources\Texture\Tiles\DarkStone_2.png
192 1408
0
..\Resources\Texture\Tiles\DarkStone_2.png
128 1408
0
..\Resources\Texture\Tiles\DarkStone_2.png
64 1408
0
..\Resources\Texture\Tiles\DarkStone_2.png
0 1408
0
..\Resources\Texture\Tiles\DarkStone_2.png
-64 1408
0
..\Resources\Texture\Tiles\DarkStone_2.png
-128 1408
0
..\Resources\Texture\Tiles\DarkStone_2.png
-192 1408
0
..\Resources\Texture\Tiles\DarkStone_2.png
-256 1408
0
..\Resources\Texture\Tiles\DarkStone_2.png
-320 1408
0
..\Resources\Texture\Tiles\DarkStone_2.png
-384 1408
0
..\Resources\Texture\Tiles\DarkStone_2.png
-448 1408
0
..\Resources\Texture\Tiles\DarkStone_2.png
-512 1408
0
..\Resources\Texture\Tiles\DarkStone_2.png
-576 1408
0
..\Resources\Texture\Tiles\DarkStone_2.png
-640 1408
0
..\Resources\Texture\Tiles\DarkStone_2.png
-704 1408
1
..\Resources\Texture\Tiles\DarkStone_6.png
128 1344
1
..\Resources\Texture\Tiles\DarkStone_6.png
64 1344
1
..\Resources\Texture\Tiles\DarkStone_6.png
0 1344
1
..\Resources\Texture\Tiles\DarkStone_6.png
-64 1344
1
..\Resources\Texture\Tiles\DarkStone_6.png
-128 1344
1
..\Resources\Texture\Tiles\DarkStone_6.png
-192 1344
1
..\Resources\Texture\Tiles\DarkStone_6.png
-256 1344
1
..\Resources\Texture\Tiles\DarkStone_6.png
-320 1344
1
..\Resources\Texture\Tiles\DarkStone_6.png
-384 1344
1
..\Resources\Texture\Tiles\DarkStone_6.png
-448 1344
1
..\Resources\Texture\Tiles\DarkStone_6.png
-512 1344
1
..\Resources\Texture\Tiles\DarkStone_6.png
-576 1344
1
..\Resources\Texture\Tiles\DarkStone_6.png
-640 1344
1
..\Resources\Texture\Tiles\DarkStone_6.png
-704 1280
1
..\Resources\Texture\Tiles\DarkStone_6.png
-704 1344
1
..\Resources\Texture\Tiles\DarkStone_6.png
-640 1280
1
..\Resources\Texture\Tiles\DarkStone_6.png
-576 1280
1
..\Resources\Texture\Tiles\DarkStone_6.png
-512 1280
1
..\Resources\Texture\Tiles\DarkStone_6.png
-448 1280
1
..\Resources\Texture\Tiles\DarkStone_6.png
-384 1280
1
..\Resources\Texture\Tiles\DarkStone_6.png
-320 1280
1
..\Resources\Texture\Tiles\DarkStone_6.png
-256 1280
1
..\Resources\Texture\Tiles\DarkStone_6.png
-192 1280
1
..\Resources\Texture\Tiles\DarkStone_6.png
-128 1280
1
..\Resources\Texture\Tiles\DarkStone_6.png
-64 1280
1
..\Resources\Texture\Tiles\DarkStone_6.png
0 1280
1
..\Resources\Texture\Tiles\DarkStone_6.png
64 1280
1
..\Resources\Texture\Tiles\DarkStone_6.png
128 1280
0
..\Resources\Texture\Tiles\DarkStone_6.png
256 1344
0
..\Resources\Texture\Tiles\DarkStone_6.png
256 1280
1
..\Resources\Texture\Tiles\DarkStone_6.png
192 1344
1
..\Resources\Texture\Tiles\DarkStone_6.png
192 1280
2
..\Resources\Texture\Tiles\DarkStone_8.png
320 448
2
..\Resources\Texture\Tiles\DarkStone_8.png
384 448
2
..\Resources\Texture\Tiles\DarkStone_9.png
448 448
0
..\Resources\Texture\Tiles\DarkStone_1.png
640 640
0
