4
..\Resources\Texture\Map\Image_Ch3_BackgroundColor.png
800 450 1200
3000 3000 1
..\Resources\Texture\Map\Image_Ch3_Background_1.png
800 400 800
2262 983 1
..\Resources\Texture\Map\Image_Ch3_Background_2.png
800 600 950
1678 749 1
..\Resources\Texture\Map\Image_Ch3_Background_3.png
0 800 850
1500 667 1
474
0
..\Resources\Texture\Tiles\DarkStone_2.png
-896 192
0
..\Resources\Texture\Tiles\DarkStone_2.png
-832 192
0
..\Resources\Texture\Tiles\DarkStone_2.png
-768 192
0
..\Resources\Texture\Tiles\DarkStone_2.png
-704 192
0
..\Resources\Texture\Tiles\DarkStone_2.png
-640 192
0
..\Resources\Texture\Tiles\DarkStone_2.png
-576 192
0
..\Resources\Texture\Tiles\DarkStone_2.png
-512 192
0
..\Resources\Texture\Tiles\DarkStone_2.png
-448 192
0
..\Resources\Texture\Tiles\DarkStone_2.png
-384 192
0
..\Resources\Texture\Tiles\DarkStone_2.png
-320 192
0
..\Resources\Texture\Tiles\DarkStone_2.png
-256 192
0
..\Resources\Texture\Tiles\DarkStone_2.png
-192 192
0
..\Resources\Texture\Tiles\DarkStone_2.png
-128 192
0
..\Resources\Texture\Tiles\DarkStone_2.png
-64 192
0
..\Resources\Texture\Tiles\DarkStone_2.png
0 192
0
..\Resources\Texture\Tiles\DarkStone_2.png
64 192
0
..\Resources\Texture\Tiles\DarkStone_2.png
128 192
0
..\Resources\Texture\Tiles\DarkStone_2.png
320 192
0
..\Resources\Texture\Tiles\DarkStone_2.png
384 192
0
..\Resources\Texture\Tiles\DarkStone_2.png
448 192
0
..\Resources\Texture\Tiles\DarkStone_2.png
512 192
0
..\Resources\Texture\Tiles\DarkStone_2.png
576 192
0
..\Resources\Texture\Tiles\DarkStone_2.png
640 192
0
..\Resources\Texture\Tiles\DarkStone_2.png
704 192
0
..\Resources\Texture\Tiles\DarkStone_2.png
768 192
0
..\Resources\Texture\Tiles\DarkStone_2.png
832 192
0
..\Resources\Texture\Tiles\DarkStone_2.png
896 192
0
..\Resources\Texture\Tiles\DarkStone_2.png
960 192
0
..\Resources\Texture\Tiles\DarkStone_2.png
1024 192
0
..\Resources\Texture\Tiles\DarkStone_2.png
1088 192
0
..\Resources\Texture\Tiles\DarkStone_2.png
1152 192
0
..\Resources\Texture\Tiles\DarkStone_2.png
1216 192
0
..\Resources\Texture\Tiles\DarkStone_2.png
1280 192
0
..\Resources\Texture\Tiles\DarkStone_2.png
1344 192
0
..\Resources\Texture\Tiles\DarkStone_2.png
1408 192
0
..\Resources\Texture\Tiles\DarkStone_2.png
1472 192
0
..\Resources\Texture\Tiles\DarkStone_2.png
1536 192
0
..\Resources\Texture\Tiles\DarkStone_2.png
1600 192
0
..\Resources\Texture\Tiles\DarkStone_2.png
1664 192
0
..\Resources\Texture\Tiles\DarkStone_2.png
1728 192
0
..\Resources\Texture\Tiles\DarkStone_2.png
1792 192
0
..\Resources\Texture\Tiles\DarkStone_2.png
192 192
0
..\Resources\Texture\Tiles\DarkStone_2.png
256 192
0
..\Resources\Texture\Tiles\DarkStone_6.png
-1024 256
0
..\Resources\Texture\Tiles\DarkStone_6.png
-1024 320
0
..\Resources\Texture\Tiles\DarkStone_6.png
-1088 256
0
..\Resources\Texture\Tiles\DarkStone_6.png
-1088 320
0
..\Resources\Texture\Tiles\DarkStone_6.png
-960 320
0
..\Resources\Texture\Tiles\DarkStone_6.png
-960 256
0
..\Resources\Texture\Tiles\DarkStone_6.png
-960 192
0
..\Resources\Texture\Tiles\DarkStone_6.png
-1024 192
0
..\Resources\Texture\Tiles\DarkStone_6.png
-1088 192
0
..\Resources\Texture\Tiles\DarkStone_4.png
-960 384
0
..\Resources\Texture\Tiles\DarkStone_3.png
-1024 384
0
..\Resources\Texture\Tiles\DarkStone_2.png
-1088 384
0
..\Resources\Texture\Tiles\DarkStone_6.png
1088 64
0
..\Resources\Texture\Tiles\DarkStone_6.png
1088 128
0
..\Resources\Texture\Tiles\DarkStone_6.png
-1088 128
0
..\Resources\Texture\Tiles\DarkStone_6.png
-1024 128
0
..\Resources\Texture\Tiles\DarkStone_6.png
-960 128
0
..\Resources\Texture\Tiles\DarkStone_6.png
-896 128
0
..\Resources\Texture\Tiles\DarkStone_6.png
-832 128
0
..\Resources\Texture\Tiles\DarkStone_6.png
-768 128
0
..\Resources\Texture\Tiles\DarkStone_6.png
-704 128
0
..\Resources\Texture\Tiles\DarkStone_6.png
-640 128
0
..\Resources\Texture\Tiles\DarkStone_6.png
-576 128
0
..\Resources\Texture\Tiles\DarkStone_6.png
-512 128
0
..\Resources\Texture\Tiles\DarkStone_6.png
-448 128
0
..\Resources\Texture\Tiles\DarkStone_6.png
-384 128
0
..\Resources\Texture\Tiles\DarkStone_6.png
-320 128
0
..\Resources\Texture\Tiles\DarkStone_6.png
-256 128
0
..\Resources\Texture\Tiles\DarkStone_6.png
-192 128
0
..\Resources\Texture\Tiles\DarkStone_6.png
-128 128
0
..\Resources\Texture\Tiles\DarkStone_6.png
-64 128
0
..\Resources\Texture\Tiles\DarkStone_6.png
0 128
0
..\Resources\Texture\Tiles\DarkStone_6.png
64 128
0
..\Resources\Texture\Tiles\DarkStone_6.png
128 128
0
..\Resources\Texture\Tiles\DarkStone_6.png
192 128
0
..\Resources\Texture\Tiles\DarkStone_6.png
256 128
0
..\Resources\Texture\Tiles\DarkStone_6.png
320 128
0
..\Resources\Texture\Tiles\DarkStone_6.png
384 128
0
..\Resources\Texture\Tiles\DarkStone_6.png
448 128
0
..\Resources\Texture\Tiles\DarkStone_6.png
512 128
0
..\Resources\Texture\Tiles\DarkStone_6.png
576 128
0
..\Resources\Texture\Tiles\DarkStone_6.png
640 128
0
..\Resources\Texture\Tiles\DarkStone_6.png
704 128
0
..\Resources\Texture\Tiles\DarkStone_6.png
768 128
0
..\Resources\Texture\Tiles\DarkStone_6.png
832 128
0
..\Resources\Texture\Tiles\DarkStone_6.png
896 128
0
..\Resources\Texture\Tiles\DarkStone_6.png
960 128
0
..\Resources\Texture\Tiles\DarkStone_6.png
1024 128
0
..\Resources\Texture\Tiles\DarkStone_6.png
1152 128
0
..\Resources\Texture\Tiles\DarkStone_6.png
1216 128
0
..\Resources\Texture\Tiles\DarkStone_6.png
1280 128
0
..\Resources\Texture\Tiles\DarkStone_6.png
1344 128
0
..\Resources\Texture\Tiles\DarkStone_6.png
1408 128
0
..\Resources\Texture\Tiles\DarkStone_6.png
1472 128
0
..\Resources\Texture\Tiles\DarkStone_6.png
1536 128
0
..\Resources\Texture\Tiles\DarkStone_6.png
1600 128
0
..\Resources\Texture\Tiles\DarkStone_6.png
1664 128
0
..\Resources\Texture\Tiles\DarkStone_6.png
1728 128
0
..\Resources\Texture\Tiles\DarkStone_6.png
1792 128
0
..\Resources\Texture\Tiles\DarkStone_6.png
1856 128
0
..\Resources\Texture\Tiles\DarkStone_6.png
1920 128
0
..\Resources\Texture\Tiles\DarkStone_6.png
1984 128
0
..\Resources\Texture\Tiles\DarkStone_6.png
2048 128
0
..\Resources\Texture\Tiles\DarkStone_6.png
2112 128
0
..\Resources\Texture\Tiles\DarkStone_6.png
2176 128
0
..\Resources\Texture\Tiles\DarkStone_6.png
2240 128
0
..\Resources\Texture\Tiles\DarkStone_6.png
2304 128
0
..\Resources\Texture\Tiles\DarkStone_6.png
2368 128
0
..\Resources\Texture\Tiles\DarkStone_6.png
2432 128
0
..\Resources\Texture\Tiles\DarkStone_6.png
2496 128
0
..\Resources\Texture\Tiles\DarkStone_6.png
2560 128
0
..\Resources\Texture\Tiles\DarkStone_6.png
2752 128
0
..\Resources\Texture\Tiles\DarkStone_6.png
2816 128
0
..\Resources\Texture\Tiles\DarkStone_6.png
2880 128
0
..\Resources\Texture\Tiles\DarkStone_6.png
2880 64
0
..\Resources\Texture\Tiles\DarkStone_6.png
2816 64
0
..\Resources\Texture\Tiles\DarkStone_6.png
2752 64
0
..\Resources\Texture\Tiles\DarkStone_6.png
2688 64
0
..\Resources\Texture\Tiles\DarkStone_6.png
2624 64
0
..\Resources\Texture\Tiles\DarkStone_6.png
2560 64
0
..\Resources\Texture\Tiles\DarkStone_6.png
2496 64
0
..\Resources\Texture\Tiles\DarkStone_6.png
2432 64
0
..\Resources\Texture\Tiles\DarkStone_6.png
2368 64
0
..\Resources\Texture\Tiles\DarkStone_6.png
2304 64
0
..\Resources\Texture\Tiles\DarkStone_6.png
2240 64
0
..\Resources\Texture\Tiles\DarkStone_6.png
2176 64
0
..\Resources\Texture\Tiles\DarkStone_6.png
2112 64
0
..\Resources\Texture\Tiles\DarkStone_6.png
2048 64
0
..\Resources\Texture\Tiles\DarkStone_6.png
1984 64
0
..\Resources\Texture\Tiles\DarkStone_6.png
1920 64
0
..\Resources\Texture\Tiles\DarkStone_6.png
1856 64
0
..\Resources\Texture\Tiles\DarkStone_6.png
1792 64
0
..\Resources\Texture\Tiles\DarkStone_6.png
1728 64
0
..\Resources\Texture\Tiles\DarkStone_6.png
1664 64
0
..\Resources\Texture\Tiles\DarkStone_6.png
1600 64
0
..\Resources\Texture\Tiles\DarkStone_6.png
1536 64
0
..\Resources\Texture\Tiles\DarkStone_6.png
1472 64
0
..\Resources\Texture\Tiles\DarkStone_6.png
1408 64
0
..\Resources\Texture\Tiles\DarkStone_6.png
1344 64
0
..\Resources\Texture\Tiles\DarkStone_6.png
1280 64
0
..\Resources\Texture\Tiles\DarkStone_6.png
1216 64
0
..\Resources\Texture\Tiles\DarkStone_6.png
1152 64
0
..\Resources\Texture\Tiles\DarkStone_6.png
960 64
0
..\Resources\Texture\Tiles\DarkStone_6.png
896 64
0
..\Resources\Texture\Tiles\DarkStone_6.png
832 64
0
..\Resources\Texture\Tiles\DarkStone_6.png
768 64
0
..\Resources\Texture\Tiles\DarkStone_6.png
1024 64
0
..\Resources\Texture\Tiles\DarkStone_6.png
704 64
0
..\Resources\Texture\Tiles\DarkStone_6.png
640 64
0
..\Resources\Texture\Tiles\DarkStone_6.png
576 64
0
..\Resources\Texture\Tiles\DarkStone_6.png
512 64
0
..\Resources\Texture\Tiles\DarkStone_6.png
448 64
0
..\Resources\Texture\Tiles\DarkStone_6.png
384 64
0
..\Resources\Texture\Tiles\DarkStone_6.png
320 64
0
..\Resources\Texture\Tiles\DarkStone_6.png
256 64
0
..\Resources\Texture\Tiles\DarkStone_6.png
192 64
0
..\Resources\Texture\Tiles\DarkStone_6.png
128 64
0
..\Resources\Texture\Tiles\DarkStone_6.png
64 64
0
..\Resources\Texture\Tiles\DarkStone_6.png
0 64
0
..\Resources\Texture\Tiles\DarkStone_6.png
-64 64
0
..\Resources\Texture\Tiles\DarkStone_6.png
-128 64
0
..\Resources\Texture\Tiles\DarkStone_6.png
-192 64
0
..\Resources\Texture\Tiles\DarkStone_6.png
-256 64
0
..\Resources\Texture\Tiles\DarkStone_6.png
-320 64
0
..\Resources\Texture\Tiles\DarkStone_6.png
-384 64
0
..\Resources\Texture\Tiles\DarkStone_6.png
-448 64
0
..\Resources\Texture\Tiles\DarkStone_6.png
-512 64
0
..\Resources\Texture\Tiles\DarkStone_6.png
-576 64
0
..\Resources\Texture\Tiles\DarkStone_6.png
-640 64
0
..\Resources\Texture\Tiles\DarkStone_6.png
-704 64
0
..\Resources\Texture\Tiles\DarkStone_6.png
-768 64
0
..\Resources\Texture\Tiles\DarkStone_6.png
-832 64
0
..\Resources\Texture\Tiles\DarkStone_6.png
-896 64
0
..\Resources\Texture\Tiles\DarkStone_6.png
-960 64
0
..\Resources\Texture\Tiles\DarkStone_6.png
-1024 64
0
..\Resources\Texture\Tiles\DarkStone_6.png
-1088 64
0
..\Resources\Texture\Tiles\DarkStone_3.png
1856 192
0
..\Resources\Texture\Tiles\DarkStone_3.png
1920 192
0
..\Resources\Texture\Tiles\DarkStone_3.png
1984 192
0
..\Resources\Texture\Tiles\DarkStone_3.png
2048 192
0
..\Resources\Texture\Tiles\DarkStone_3.png
2112 192
0
..\Resources\Texture\Tiles\DarkStone_3.png
2176 192
0
..\Resources\Texture\Tiles\DarkStone_3.png
2240 192
0
..\Resources\Texture\Tiles\DarkStone_3.png
2304 192
0
..\Resources\Texture\Tiles\DarkStone_3.png
2368 192
0
..\Resources\Texture\Tiles\DarkStone_3.png
2432 192
0
..\Resources\Texture\Tiles\DarkStone_3.png
2496 192
0
..\Resources\Texture\Tiles\DarkStone_3.png
2560 192
0
..\Resources\Texture\Tiles\DarkStone_3.png
2624 192
0
..\Resources\Texture\Tiles\DarkStone_3.png
2688 192
0
..\Resources\Texture\Tiles\DarkStone_3.png
2752 192
0
..\Resources\Texture\Tiles\DarkStone_3.png
2816 192
0
..\Resources\Texture\Tiles\DarkStone_3.png
2880 192
0
..\Resources\Texture\Tiles\DarkStone_6.png
2944 384
0
..\Resources\Texture\Tiles\DarkStone_6.png
2944 320
0
..\Resources\Texture\Tiles\DarkStone_6.png
3008 320
0
..\Resources\Texture\Tiles\DarkStone_6.png
3072 320
0
..\Resources\Texture\Tiles\DarkStone_6.png
3072 256
0
..\Resources\Texture\Tiles\DarkStone_6.png
2944 256
0
..\Resources\Texture\Tiles\DarkStone_6.png
2944 192
0
..\Resources\Texture\Tiles\DarkStone_6.png
2944 128
0
..\Resources\Texture\Tiles\DarkStone_6.png
2944 64
0
..\Resources\Texture\Tiles\DarkStone_6.png
3008 64
0
..\Resources\Texture\Tiles\DarkStone_6.png
3008 256
0
..\Resources\Texture\Tiles\DarkStone_6.png
3008 192
0
..\Resources\Texture\Tiles\DarkStone_6.png
3008 128
0
..\Resources\Texture\Tiles\DarkStone_6.png
3072 192
0
..\Resources\Texture\Tiles\DarkStone_6.png
3072 128
0
..\Resources\Texture\Tiles\DarkStone_6.png
3072 64
0
..\Resources\Texture\Tiles\DarkStone_6.png
3008 384
0
..\Resources\Texture\Tiles\DarkStone_6.png
3072 384
0
..\Resources\Texture\Tiles\DarkStone_1.png
2944 448
0
..\Resources\Texture\Tiles\DarkStone_3.png
3008 448
0
..\Resources\Texture\Tiles\DarkStone_3.png
3072 448
0
..\Resources\Texture\Tiles\DarkStone_4.png
3136 448
0
..\Resources\Texture\Tiles\DarkStone_6.png
3136 384
0
..\Resources\Texture\Tiles\DarkStone_6.png
3136 320
0
..\Resources\Texture\Tiles\DarkStone_6.png
3136 256
0
..\Resources\Texture\Tiles\DarkStone_6.png
3136 192
0
..\Resources\Texture\Tiles\DarkStone_6.png
3136 128
0
..\Resources\Texture\Tiles\DarkStone_6.png
3136 64
0
..\Resources\Texture\Tiles\DarkStone_6.png
-1024 0
0
..\Resources\Texture\Tiles\DarkStone_6.png
-1088 0
0
..\Resources\Texture\Tiles\DarkStone_6.png
-896 0
0
..\Resources\Texture\Tiles\DarkStone_6.png
-832 0
0
..\Resources\Texture\Tiles\DarkStone_6.png
-768 0
0
..\Resources\Texture\Tiles\DarkStone_6.png
-704 0
0
..\Resources\Texture\Tiles\DarkStone_6.png
-960 0
0
..\Resources\Texture\Tiles\DarkStone_6.png
-640 0
0
..\Resources\Texture\Tiles\DarkStone_6.png
-576 0
0
..\Resources\Texture\Tiles\DarkStone_6.png
-512 0
0
..\Resources\Texture\Tiles\DarkStone_6.png
-448 0
0
..\Resources\Texture\Tiles\DarkStone_6.png
-384 0
0
..\Resources\Texture\Tiles\DarkStone_6.png
-320 0
0
..\Resources\Texture\Tiles\DarkStone_6.png
-256 0
0
..\Resources\Texture\Tiles\DarkStone_6.png
-192 0
0
..\Resources\Texture\Tiles\DarkStone_6.png
-128 0
0
..\Resources\Texture\Tiles\DarkStone_6.png
-64 0
0
..\Resources\Texture\Tiles\DarkStone_6.png
0 0
0
..\Resources\Texture\Tiles\DarkStone_6.png
64 0
0
..\Resources\Texture\Tiles\DarkStone_6.png
128 0
0
..\Resources\Texture\Tiles\DarkStone_6.png
192 0
0
..\Resources\Texture\Tiles\DarkStone_6.png
256 0
0
..\Resources\Texture\Tiles\DarkStone_6.png
320 0
0
..\Resources\Texture\Tiles\DarkStone_6.png
384 0
0
..\Resources\Texture\Tiles\DarkStone_6.png
448 0
0
..\Resources\Texture\Tiles\DarkStone_6.png
512 0
0
..\Resources\Texture\Tiles\DarkStone_6.png
576 0
0
..\Resources\Texture\Tiles\DarkStone_6.png
640 0
0
..\Resources\Texture\Tiles\DarkStone_6.png
704 0
0
..\Resources\Texture\Tiles\DarkStone_6.png
768 0
0
..\Resources\Texture\Tiles\DarkStone_6.png
832 0
0
..\Resources\Texture\Tiles\DarkStone_6.png
896 0
0
..\Resources\Texture\Tiles\DarkStone_6.png
960 0
0
..\Resources\Texture\Tiles\DarkStone_6.png
1024 0
0
..\Resources\Texture\Tiles\DarkStone_6.png
1088 0
0
..\Resources\Texture\Tiles\DarkStone_6.png
1152 0
0
..\Resources\Texture\Tiles\DarkStone_6.png
1216 0
0
..\Resources\Texture\Tiles\DarkStone_6.png
1280 0
0
..\Resources\Texture\Tiles\DarkStone_6.png
1344 0
0
..\Resources\Texture\Tiles\DarkStone_6.png
1408 0
0
..\Resources\Texture\Tiles\DarkStone_6.png
1472 0
0
..\Resources\Texture\Tiles\DarkStone_6.png
1536 0
0
..\Resources\Texture\Tiles\DarkStone_6.png
1600 0
0
..\Resources\Texture\Tiles\DarkStone_6.png
1664 0
0
..\Resources\Texture\Tiles\DarkStone_6.png
1728 0
0
..\Resources\Texture\Tiles\DarkStone_6.png
1792 0
0
..\Resources\Texture\Tiles\DarkStone_6.png
1856 0
0
..\Resources\Texture\Tiles\DarkStone_6.png
1920 0
0
..\Resources\Texture\Tiles\DarkStone_6.png
1984 0
0
..\Resources\Texture\Tiles\DarkStone_6.png
2048 0
0
..\Resources\Texture\Tiles\DarkStone_6.png
2112 0
0
..\Resources\Texture\Tiles\DarkStone_6.png
2176 0
0
..\Resources\Texture\Tiles\DarkStone_6.png
2240 0
0
..\Resources\Texture\Tiles\DarkStone_6.png
2304 0
0
..\Resources\Texture\Tiles\DarkStone_6.png
2368 0
0
..\Resources\Texture\Tiles\DarkStone_6.png
2432 0
0
..\Resources\Texture\Tiles\DarkStone_6.png
2496 0
0
..\Resources\Texture\Tiles\DarkStone_6.png
2560 0
0
..\Resources\Texture\Tiles\DarkStone_6.png
2624 0
0
..\Resources\Texture\Tiles\DarkStone_6.png
2688 0
0
..\Resources\Texture\Tiles\DarkStone_6.png
2752 0
0
..\Resources\Texture\Tiles\DarkStone_6.png
2816 0
0
..\Resources\Texture\Tiles\DarkStone_6.png
2880 0
0
..\Resources\Texture\Tiles\DarkStone_6.png
2944 0
0
..\Resources\Texture\Tiles\DarkStone_6.png
3008 0
0
..\Resources\Texture\Tiles\DarkStone_6.png
3072 0
0
..\Resources\Texture\Tiles\DarkStone_6.png
3136 0
0
..\Resources\Texture\Tiles\DarkStone_6.png
3072 -64
0
..\Resources\Texture\Tiles\DarkStone_6.png
2944 -64
0
..\Resources\Texture\Tiles\DarkStone_6.png
2880 -64
0
..\Resources\Texture\Tiles\DarkStone_6.png
3008 -64
0
..\Resources\Texture\Tiles\DarkStone_6.png
3136 -64
0
..\Resources\Texture\Tiles\DarkStone_6.png
2816 -64
0
..\Resources\Texture\Tiles\DarkStone_6.png
2688 -64
0
..\Resources\Texture\Tiles\DarkStone_6.png
2752 -64
0
..\Resources\Texture\Tiles\DarkStone_6.png
2624 -64
0
..\Resources\Texture\Tiles\DarkStone_6.png
2560 -64
0
..\Resources\Texture\Tiles\DarkStone_6.png
2496 -64
0
..\Resources\Texture\Tiles\DarkStone_6.png
2432 -64
0
..\Resources\Texture\Tiles\DarkStone_6.png
2368 -64
0
..\Resources\Texture\Tiles\DarkStone_6.png
2304 -64
0
..\Resources\Texture\Tiles\DarkStone_6.png
2240 -64
0
..\Resources\Texture\Tiles\DarkStone_6.png
2176 -64
0
..\Resources\Texture\Tiles\DarkStone_6.png
2112 -64
0
..\Resources\Texture\Tiles\DarkStone_6.png
2048 -64
0
..\Resources\Texture\Tiles\DarkStone_6.png
1984 -64
0
..\Resources\Texture\Tiles\DarkStone_6.png
1920 -64
0
..\Resources\Texture\Tiles\DarkStone_6.png
1856 -64
0
..\Resources\Texture\Tiles\DarkStone_6.png
1792 -64
0
..\Resources\Texture\Tiles\DarkStone_6.png
1728 -64
0
..\Resources\Texture\Tiles\DarkStone_6.png
1664 -64
0
..\Resources\Texture\Tiles\DarkStone_6.png
1600 -64
0
..\Resources\Texture\Tiles\DarkStone_6.png
1536 -64
0
..\Resources\Texture\Tiles\DarkStone_6.png
1472 -64
0
..\Resources\Texture\Tiles\DarkStone_6.png
1408 -64
0
..\Resources\Texture\Tiles\DarkStone_6.png
1344 -64
0
..\Resources\Texture\Tiles\DarkStone_6.png
1280 -64
0
..\Resources\Texture\Tiles\DarkStone_6.png
1216 -64
0
..\Resources\Texture\Tiles\DarkStone_6.png
1152 -64
0
..\Resources\Texture\Tiles\DarkStone_6.png
1088 -64
0
..\Resources\Texture\Tiles\DarkStone_6.png
1024 -64
0
..\Resources\Texture\Tiles\DarkStone_6.png
960 -64
0
..\Resources\Texture\Tiles\DarkStone_6.png
896 -64
0
..\Resources\Texture\Tiles\DarkStone_6.png
832 -64
0
..\Resources\Texture\Tiles\DarkStone_6.png
768 -64
0
..\Resources\Texture\Tiles\DarkStone_6.png
704 -64
0
..\Resources\Texture\Tiles\DarkStone_6.png
640 -64
0
..\Resources\Texture\Tiles\DarkStone_6.png
576 -64
0
..\Resources\Texture\Tiles\DarkStone_6.png
512 -64
0
..\Resources\Texture\Tiles\DarkStone_6.png
448 -64
0
..\Resources\Texture\Tiles\DarkStone_6.png
384 -64
0
..\Resources\Texture\Tiles\DarkStone_6.png
320 -64
0
..\Resources\Texture\Tiles\DarkStone_6.png
256 -64
0
..\Resources\Texture\Tiles\DarkStone_6.png
192 -64
0
..\Resources\Texture\Tiles\DarkStone_6.png
128 -64
0
..\Resources\Texture\Tiles\DarkStone_6.png
64 -64
0
..\Resources\Texture\Tiles\DarkStone_6.png
0 -64
0
..\Resources\Texture\Tiles\DarkStone_6.png
-64 -64
0
..\Resources\Texture\Tiles\DarkStone_6.png
-128 -64
0
..\Resources\Texture\Tiles\DarkStone_6.png
-192 -64
0
..\Resources\Texture\Tiles\DarkStone_6.png
-256 -64
0
..\Resources\Texture\Tiles\DarkStone_6.png
-320 -64
0
..\Resources\Texture\Tiles\DarkStone_6.png
-384 -64
0
..\Resources\Texture\Tiles\DarkStone_6.png
-448 -64
0
..\Resources\Texture\Tiles\DarkStone_6.png
-512 -64
0
..\Resources\Texture\Tiles\DarkStone_6.png
-576 -64
0
..\Resources\Texture\Tiles\DarkStone_6.png
-640 -64
0
..\Resources\Texture\Tiles\DarkStone_6.png
-704 -64
0
..\Resources\Texture\Tiles\DarkStone_6.png
-768 -64
0
..\Resources\Texture\Tiles\DarkStone_6.png
-832 -64
0
..\Resources\Texture\Tiles\DarkStone_6.png
-896 -64
0
..\Resources\Texture\Tiles\DarkStone_6.png
-960 -64
0
..\Resources\Texture\Tiles\DarkStone_6.png
-1024 -64
0
..\Resources\Texture\Tiles\DarkStone_6.png
-1088 -64
0
..\Resources\Texture\Tiles\DarkStone_6.png
2624 128
0
..\Resources\Texture\Tiles\DarkStone_6.png
2688 128
0
..\Resources\Texture\Tiles\Ch3_Wall_13.png
-640 320
0
..\Resources\Texture\Tiles\Ch3_Wall_16.png
-320 320
0
..\Resources\Texture\Tiles\Ch3_Wall_12.png
-320 384
0
..\Resources\Texture\Tiles\Ch3_Wall_12.png
-320 448
0
..\Resources\Texture\Tiles\Ch3_Wall_12.png
-320 512
0
..\Resources\Texture\Tiles\Ch3_Wall_14.png
-512 320
0
..\Resources\Texture\Tiles\Ch3_Wall_14.png
-576 320
0
..\Resources\Texture\Tiles\Ch3_Wall_14.png
-448 320
0
..\Resources\Texture\Tiles\Ch3_Wall_14.png
-384 320
0
..\Resources\Texture\Tiles\Ch3_Wall_9.png
-640 384
0
..\Resources\Texture\Tiles\Ch3_Wall_9.png
-640 448
0
..\Resources\Texture\Tiles\Ch3_Wall_9.png
-640 512
0
..\Resources\Texture\Tiles\Ch3_Wall_1.png
-512 512
0
..\Resources\Texture\Tiles\Ch3_Wall_1.png
-576 448
0
..\Resources\Texture\Tiles\Ch3_Wall_1.png
-576 512
0
..\Resources\Texture\Tiles\Ch3_Wall_1.png
-384 512
0
..\Resources\Texture\Tiles\Ch3_Wall_1.png
-448 512
0
..\Resources\Texture\Tiles\Ch3_Wall_1.png
-512 448
0
..\Resources\Texture\Tiles\Ch3_Wall_1.png
-512 384
0
..\Resources\Texture\Tiles\Ch3_Wall_1.png
-448 384
0
..\Resources\Texture\Tiles\Ch3_Wall_1.png
-384 384
0
..\Resources\Texture\Tiles\Ch3_Wall_1.png
-384 448
0
..\Resources\Texture\Tiles\Ch3_Wall_10.png
-448 448
0
..\Resources\Texture\Tiles\Ch3_Wall_10.png
-576 384
0
..\Resources\Texture\Tiles\Ch3_Wall_10.png
-576 576
0
..\Resources\Texture\Tiles\Ch3_Wall_10.png
-512 576
0
..\Resources\Texture\Tiles\Ch3_Wall_10.png
-448 576
0
..\Resources\Texture\Tiles\Ch3_Wall_10.png
-384 576
0
..\Resources\Texture\Tiles\Ch3_Wall_10.png
-320 576
0
..\Resources\Texture\Tiles\Ch3_Wall_10.png
-640 576
0
..\Resources\Texture\Tiles\Ch3_Wall_1.png
-576 640
0
..\Resources\Texture\Tiles\Ch3_Wall_1.png
-512 640
0
..\Resources\Texture\Tiles\Ch3_Wall_1.png
-448 640
0
..\Resources\Texture\Tiles\Ch3_Wall_1.png
-384 640
0
..\Resources\Texture\Tiles\Ch3_Wall_1.png
-320 640
0
..\Resources\Texture\Tiles\Ch3_Wall_1.png
-256 640
0
..\Resources\Texture\Tiles\Ch3_Wall_1.png
-192 640
0
..\Resources\Texture\Tiles\Ch3_Wall_1.png
-128 640
0
..\Resources\Texture\Tiles\Ch3_Wall_1.png
-64 640
0
..\Resources\Texture\Tiles\Ch3_Wall_1.png
0 640
0
..\Resources\Texture\Tiles\Ch3_Wall_1.png
0 704
0
..\Resources\Texture\Tiles\Ch3_Wall_1.png
0 768
0
..\Resources\Texture\Tiles\Ch3_Wall_1.png
0 832
0
..\Resources\Texture\Tiles\Ch3_Wall_1.png
-64 832
0
..\Resources\Texture\Tiles\Ch3_Wall_1.png
-128 832
0
..\Resources\Texture\Tiles\Ch3_Wall_1.png
-192 832
0
..\Resources\Texture\Tiles\Ch3_Wall_1.png
-256 832
0
..\Resources\Texture\Tiles\Ch3_Wall_1.png
-320 832
0
..\Resources\Texture\Tiles\Ch3_Wall_1.png
-384 832
0
..\Resources\Texture\Tiles\Ch3_Wall_1.png
-448 832
0
..\Resources\Texture\Tiles\Ch3_Wall_1.png
-512 832
0
..\Resources\Texture\Tiles\Ch3_Wall_1.png
-576 832
0
..\Resources\Texture\Tiles\Ch3_Wall_1.png
-576 768
0
..\Resources\Texture\Tiles\Ch3_Wall_1.png
-576 704
0
..\Resources\Texture\Tiles\Ch3_Wall_1.png
-640 640
0
..\Resources\Texture\Tiles\Ch3_Wall_1.png
-640 704
0
..\Resources\Texture\Tiles\Ch3_Wall_1.png
-640 768
0
..\Resources\Texture\Tiles\Ch3_Wall_1.png
-640 832
0
..\Resources\Texture\Tiles\Ch3_Wall_1.png
-512 768
0
..\Resources\Texture\Tiles\Ch3_Wall_1.png
-448 768
0
..\Resources\Texture\Tiles\Ch3_Wall_1.png
-384 768
0
..\Resources\Texture\Tiles\Ch3_Wall_1.png
-320 768
0
..\Resources\Texture\Tiles\Ch3_Wall_1.png
-256 768
0
..\Resources\Texture\Tiles\Ch3_Wall_1.png
-192 768
0
..\Resources\Texture\Tiles\Ch3_Wall_1.png
-128 768
0
..\Resources\Texture\Tiles\Ch3_Wall_1.png
-64 768
0
..\Resources\Texture\Tiles\Ch3_Wall_1.png
-64 704
0
..\Resources\Texture\Tiles\Ch3_Wall_1.png
-128 704
0
..\Resources\Texture\Tiles\Ch3_Wall_1.png
-192 704
0
..\Resources\Texture\Tiles\Ch3_Wall_1.png
-256 704
0
..\Resources\Texture\Tiles\Ch3_Wall_1.png
-320 704
0
..\Resources\Texture\Tiles\Ch3_Wall_1.png
-384 704
0
..\Resources\Texture\Tiles\Ch3_Wall_1.png
-448 704
0
..\Resources\Texture\Tiles\Ch3_Wall_1.png
-512 704
0
..\Resources\Texture\Tiles\Ch3_Wall_1.png
64 768
0
..\Resources\Texture\Tiles\Ch3_Wall_1.png
128 768
0
..\Resources\Texture\Tiles\Ch3_Wall_1.png
192 768
0
..\Resources\Texture\Tiles\Ch3_Wall_1.png
128 832
0
..\Resources\Texture\Tiles\Ch3_Wall_1.png
64 832
0
..\Resources\Texture\Tiles\Ch3_Wall_1.png
192 832
0
..\Resources\Texture\Tiles\Ch3_Wall_1.png
128 704
0
..\Resources\Texture\Tiles\Ch3_Wall_1.png
64 640
0
..\Resources\Texture\Tiles\Ch3_Wall_1.png
128 640
0
..\Resources\Texture\Tiles\Ch3_Wall_1.png
64 704
0
..\Resources\Texture\Tiles\Ch3_Wall_1.png
192 704
0
..\Resources\Texture\Tiles\Ch3_Wall_1.png
192 640
0
..\Resources\Texture\Tiles\Ch3_Wall_1.png
256 768
0
..\Resources\Texture\Tiles\Ch3_Wall_1.png
256 576
0
..\Resources\Texture\Tiles\Ch3_Wall_1.png
256 512
0
..\Resources\Texture\Tiles\Ch3_Wall_1.png
256 448
0
..\Resources\Texture\Tiles\Ch3_Wall_1.png
256 640
0
..\Resources\Texture\Tiles\Ch3_Wall_1.png
256 704
0
..\Resources\Texture\Tiles\Ch3_Wall_1.png
256 832
0
..\Resources\Texture\Tiles\Ch3_Wall_1.png
320 832
0
..\Resources\Texture\Tiles\Ch3_Wall_1.png
320 768
0
..\Resources\Texture\Tiles\Ch3_Wall_1.png
320 704
0
..\Resources\Texture\Tiles\Ch3_Wall_1.png
320 640
0
..\Resources\Texture\Tiles\Ch3_Wall_1.png
320 576
0
..\Resources\Texture\Tiles\Ch3_Wall_1.png
320 512
0
..\Resources\Texture\Tiles\Ch3_Wall_1.png
320 448
0
..\Resources\Texture\Tiles\Ch3_Wall_1.png
320 384
0
..\Resources\Texture\Tiles\Ch3_Wall_1.png
384 384
0
..\Resources\Texture\Tiles\Ch3_Wall_1.png
448 384
0
..\Resources\Texture\Tiles\Ch3_Wall_1.png
512 384
0
..\Resources\Texture\Tiles\Ch3_Wall_1.png
576 384
0
..\Resources\Texture\Tiles\Ch3_Wall_1.png
640 384
0
..\Resources\Texture\Tiles\Ch3_Wall_1.png
256 384
0
..\Resources\Texture\Tiles\Ch3_Wall_1.png
384 448
0
..\Resources\Texture\Tiles\Ch3_Wall_1.png
448 448
0
..\Resources\Texture\Tiles\Ch3_Wall_1.png
512 448
0
..\Resources\Texture\Tiles\Ch3_Wall_1.png
576 448
0
..\Resources\Texture\Tiles\Ch3_Wall_1.png
640 448
0
..\Resources\Texture\Tiles\Ch3_Wall_1.png
704 384
0
..\Resources\Texture\Tiles\Ch3_Wall_1.png
704 448
0
