4
..\Resources\Texture\Map\Image_Ch3_BackgroundColor.png
800 450 870
3000 3000 1
..\Resources\Texture\Map\Image_Ch3_Background_1.png
800 600 700
1740 756 1
..\Resources\Texture\Map\Image_Ch3_Background_2.png
800 600 850
1678 749 1
..\Resources\Texture\Map\Image_Ch3_Background_3.png
0 1000 800
2800 1200 1
49
..\Resources\Texture\Tiles\DarkStone_1.png
-1216 192
..\Resources\Texture\Tiles\DarkStone_2.png
-1088 192
..\Resources\Texture\Tiles\DarkStone_2.png
-1024 192
..\Resources\Texture\Tiles\DarkStone_2.png
-960 192
..\Resources\Texture\Tiles\DarkStone_2.png
-896 192
..\Resources\Texture\Tiles\DarkStone_2.png
-1152 192
..\Resources\Texture\Tiles\DarkStone_2.png
-832 192
..\Resources\Texture\Tiles\DarkStone_2.png
-768 192
..\Resources\Texture\Tiles\DarkStone_2.png
-704 192
..\Resources\Texture\Tiles\DarkStone_2.png
-640 192
..\Resources\Texture\Tiles\DarkStone_2.png
-576 192
..\Resources\Texture\Tiles\DarkStone_2.png
-512 192
..\Resources\Texture\Tiles\DarkStone_2.png
-448 192
..\Resources\Texture\Tiles\DarkStone_2.png
-384 192
..\Resources\Texture\Tiles\DarkStone_2.png
-320 192
..\Resources\Texture\Tiles\DarkStone_2.png
-256 192
..\Resources\Texture\Tiles\DarkStone_2.png
-192 192
..\Resources\Texture\Tiles\DarkStone_2.png
-128 192
..\Resources\Texture\Tiles\DarkStone_2.png
-64 192
..\Resources\Texture\Tiles\DarkStone_2.png
0 192
..\Resources\Texture\Tiles\DarkStone_2.png
64 192
..\Resources\Texture\Tiles\DarkStone_2.png
128 192
..\Resources\Texture\Tiles\DarkStone_2.png
320 192
..\Resources\Texture\Tiles\DarkStone_2.png
384 192
..\Resources\Texture\Tiles\DarkStone_2.png
448 192
..\Resources\Texture\Tiles\DarkStone_2.png
512 192
..\Resources\Texture\Tiles\DarkStone_2.png
576 192
..\Resources\Texture\Tiles\DarkStone_2.png
640 192
..\Resources\Texture\Tiles\DarkStone_2.png
704 192
..\Resources\Texture\Tiles\DarkStone_2.png
768 192
..\Resources\Texture\Tiles\DarkStone_2.png
832 192
..\Resources\Texture\Tiles\DarkStone_2.png
896 192
..\Resources\Texture\Tiles\DarkStone_2.png
960 192
..\Resources\Texture\Tiles\DarkStone_2.png
1024 192
..\Resources\Texture\Tiles\DarkStone_2.png
1088 192
..\Resources\Texture\Tiles\DarkStone_2.png
1152 192
..\Resources\Texture\Tiles\DarkStone_2.png
1216 192
..\Resources\Texture\Tiles\DarkStone_2.png
1280 192
..\Resources\Texture\Tiles\DarkStone_2.png
1344 192
..\Resources\Texture\Tiles\DarkStone_2.png
1408 192
..\Resources\Texture\Tiles\DarkStone_2.png
1472 192
..\Resources\Texture\Tiles\DarkStone_2.png
1536 192
..\Resources\Texture\Tiles\DarkStone_2.png
1600 192
..\Resources\Texture\Tiles\DarkStone_2.png
1664 192
..\Resources\Texture\Tiles\DarkStone_2.png
1728 192
..\Resources\Texture\Tiles\DarkStone_2.png
1792 192
..\Resources\Texture\Tiles\DarkStone_4.png
1856 192
..\Resources\Texture\Tiles\DarkStone_2.png
192 192
..\Resources\Texture\Tiles\DarkStone_2.png
256 192
0
