6
..\Resources\Texture\Map\Image_Ch3_BackgroundColor.png
800 450 200
3000 3000 1
0 0 0
..\Resources\Texture\Map\Image_Ch3_Background_1.png
800 200 150
1737 756 1
4 4 0
..\Resources\Texture\Map\Image_Ch3_Background_1.png
-600 -200 160
868.5 378 1
2 2 0
..\Resources\Texture\Map\Image_Ch3_Background_2.png
400 0 170
1678 749 1
1.25 1.25 0
..\Resources\Texture\Map\Image_Ch3_Background_12.png
0 100 165
202 529 1
1.5 1.5 0
..\Resources\Texture\Map\Image_Ch3_Background_4.png
-200 450 170
1687 376 1
1 1 0
158
0
..\Resources\Texture\Tiles\DarkStone_3.png
-640 320
0
..\Resources\Texture\Tiles\DarkStone_3.png
-576 320
0
..\Resources\Texture\Tiles\DarkStone_3.png
-512 320
0
..\Resources\Texture\Tiles\DarkStone_3.png
-384 320
0
..\Resources\Texture\Tiles\DarkStone_3.png
-320 320
0
..\Resources\Texture\Tiles\Ch3TopTile_7.png
-896 640
0
..\Resources\Texture\Tiles\Ch3TopTile_7.png
-960 640
0
..\Resources\Texture\Tiles\Ch3TopTile_7.png
-768 640
0
..\Resources\Texture\Tiles\Ch3TopTile_7.png
-704 640
0
..\Resources\Texture\Tiles\Ch3TopTile_7.png
-640 640
0
..\Resources\Texture\Tiles\Ch3TopTile_7.png
-832 640
0
..\Resources\Texture\Tiles\Ch3TopTile_7.png
-576 640
0
..\Resources\Texture\Tiles\Ch3TopTile_7.png
-512 640
0
..\Resources\Texture\Tiles\Ch3TopTile_7.png
-448 640
0
..\Resources\Texture\Tiles\Ch3TopTile_7.png
-384 640
0
..\Resources\Texture\Tiles\Ch3TopTile_7.png
-320 640
0
..\Resources\Texture\Tiles\Ch3TopTile_7.png
-192 640
0
..\Resources\Texture\Tiles\Ch3TopTile_7.png
-128 640
0
..\Resources\Texture\Tiles\Ch3TopTile_7.png
-256 640
0
..\Resources\Texture\Tiles\Ch3TopTile_8.png
-64 640
0
..\Resources\Texture\Tiles\DarkStone_4.png
-256 320
0
..\Resources\Texture\Tiles\DarkStone_1.png
-192 192
0
..\Resources\Texture\Tiles\DarkStone_3.png
-64 192
0
..\Resources\Texture\Tiles\DarkStone_3.png
0 192
0
..\Resources\Texture\Tiles\DarkStone_3.png
64 192
0
..\Resources\Texture\Tiles\DarkStone_3.png
128 192
0
..\Resources\Texture\Tiles\DarkStone_3.png
-128 192
0
..\Resources\Texture\Tiles\DarkStone_4.png
192 192
0
..\Resources\Texture\Tiles\Ch3TopTile_1.png
512 128
0
..\Resources\Texture\Tiles\Ch3TopTile_1.png
512 192
0
..\Resources\Texture\Tiles\Ch3TopTile_1.png
512 256
0
..\Resources\Texture\Tiles\Ch3TopTile_1.png
512 320
0
..\Resources\Texture\Tiles\Ch3TopTile_1.png
512 384
0
..\Resources\Texture\Tiles\Ch3TopTile_1.png
512 448
0
..\Resources\Texture\Tiles\Ch3TopTile_1.png
512 512
0
..\Resources\Texture\Tiles\Ch3TopTile_1.png
512 576
0
..\Resources\Texture\Tiles\Ch3TopTile_1.png
512 640
0
..\Resources\Texture\Tiles\Ch3TopTile_1.png
512 704
0
..\Resources\Texture\Tiles\Ch3TopTile_1.png
512 768
0
..\Resources\Texture\Tiles\Ch3TopTile_1.png
512 64
0
..\Resources\Texture\Tiles\Ch3TopTile_1.png
512 0
0
..\Resources\Texture\Tiles\Ch3TopTile_1.png
512 -64
0
..\Resources\Texture\Tiles\DarkStone_4.png
448 -128
0
..\Resources\Texture\Tiles\DarkStone_3.png
384 -128
0
..\Resources\Texture\Tiles\DarkStone_3.png
320 -128
0
..\Resources\Texture\Tiles\DarkStone_3.png
256 -128
0
..\Resources\Texture\Tiles\DarkStone_3.png
192 -128
0
..\Resources\Texture\Tiles\DarkStone_3.png
128 -128
0
..\Resources\Texture\Tiles\DarkStone_3.png
64 -128
0
..\Resources\Texture\Tiles\DarkStone_1.png
0 -128
0
..\Resources\Texture\Tiles\DarkStone_6.png
512 -128
0
..\Resources\Texture\Tiles\Ch3TopTile_4.png
-768 -64
0
..\Resources\Texture\Tiles\Ch3TopTile_4.png
-768 -128
0
..\Resources\Texture\Tiles\Ch3TopTile_4.png
-768 -192
0
..\Resources\Texture\Tiles\Ch3TopTile_4.png
-768 -256
0
..\Resources\Texture\Tiles\Ch3TopTile_4.png
-768 64
0
..\Resources\Texture\Tiles\Ch3TopTile_4.png
-768 0
0
..\Resources\Texture\Tiles\DarkStone_3.png
-576 -448
0
..\Resources\Texture\Tiles\DarkStone_3.png
-512 -448
0
..\Resources\Texture\Tiles\DarkStone_3.png
-448 -448
0
..\Resources\Texture\Tiles\DarkStone_3.png
-384 -448
0
..\Resources\Texture\Tiles\DarkStone_3.png
-320 -448
0
..\Resources\Texture\Tiles\DarkStone_3.png
-256 -448
0
..\Resources\Texture\Tiles\DarkStone_3.png
-640 -448
0
..\Resources\Texture\Tiles\DarkStone_3.png
-704 -448
0
..\Resources\Texture\Tiles\Ch3TopTile_4.png
-768 -384
0
..\Resources\Texture\Tiles\Ch3TopTile_4.png
-768 -320
0
..\Resources\Texture\Tiles\Ch3TopTile_4.png
-768 -448
0
..\Resources\Texture\Tiles\DarkStone_3.png
-192 -448
0
..\Resources\Texture\Tiles\DarkStone_3.png
192 -576
0
..\Resources\Texture\Tiles\DarkStone_3.png
256 -576
0
..\Resources\Texture\Tiles\DarkStone_3.png
320 -576
0
..\Resources\Texture\Tiles\DarkStone_3.png
384 -576
0
..\Resources\Texture\Tiles\DarkStone_3.png
448 -576
0
..\Resources\Texture\Tiles\DarkStone_3.png
512 -576
0
..\Resources\Texture\Tiles\DarkStone_3.png
576 -576
0
..\Resources\Texture\Tiles\DarkStone_3.png
640 -576
0
..\Resources\Texture\Tiles\DarkStone_3.png
704 -576
0
..\Resources\Texture\Tiles\DarkStone_3.png
768 -576
0
..\Resources\Texture\Tiles\DarkStone_4.png
832 -576
0
..\Resources\Texture\Tiles\DarkStone_3.png
128 -576
0
..\Resources\Texture\Tiles\DarkStone_6.png
0 -192
0
..\Resources\Texture\Tiles\DarkStone_6.png
64 -192
0
..\Resources\Texture\Tiles\DarkStone_6.png
128 -192
0
..\Resources\Texture\Tiles\DarkStone_6.png
192 -192
0
..\Resources\Texture\Tiles\DarkStone_6.png
256 -192
0
..\Resources\Texture\Tiles\DarkStone_6.png
320 -192
0
..\Resources\Texture\Tiles\DarkStone_6.png
384 -192
0
..\Resources\Texture\Tiles\DarkStone_6.png
448 -192
0
..\Resources\Texture\Tiles\DarkStone_6.png
512 -192
0
..\Resources\Texture\Tiles\DarkStone_6.png
576 -192
0
..\Resources\Texture\Tiles\DarkStone_6.png
640 -192
0
..\Resources\Texture\Tiles\DarkStone_6.png
704 -192
0
..\Resources\Texture\Tiles\DarkStone_6.png
768 -192
0
..\Resources\Texture\Tiles\DarkStone_6.png
832 -192
0
..\Resources\Texture\Tiles\DarkStone_6.png
896 -192
0
..\Resources\Texture\Tiles\DarkStone_6.png
896 -256
0
..\Resources\Texture\Tiles\DarkStone_6.png
896 -320
0
..\Resources\Texture\Tiles\DarkStone_6.png
896 -384
0
..\Resources\Texture\Tiles\DarkStone_6.png
896 -448
0
..\Resources\Texture\Tiles\DarkStone_6.png
896 -512
0
..\Resources\Texture\Tiles\DarkStone_6.png
896 -576
0
..\Resources\Texture\Tiles\DarkStone_6.png
-256 256
0
..\Resources\Texture\Tiles\DarkStone_6.png
-256 192
0
..\Resources\Texture\Tiles\Ch3TopTile_4.png
-768 128
0
..\Resources\Texture\Tiles\Ch3TopTile_4.png
-768 192
0
..\Resources\Texture\Tiles\Ch3TopTile_4.png
-768 256
0
..\Resources\Texture\Tiles\Ch3TopTile_4.png
-64 704
0
..\Resources\Texture\Tiles\Ch3TopTile_4.png
-64 768
0
..\Resources\Texture\Tiles\DarkStone_6.png
192 128
0
..\Resources\Texture\Tiles\DarkStone_6.png
128 128
0
..\Resources\Texture\Tiles\DarkStone_6.png
64 128
0
..\Resources\Texture\Tiles\DarkStone_6.png
0 128
0
..\Resources\Texture\Tiles\DarkStone_6.png
-64 128
0
..\Resources\Texture\Tiles\DarkStone_6.png
-128 128
0
..\Resources\Texture\Tiles\DarkStone_6.png
-192 128
0
..\Resources\Texture\Tiles\DarkStone_6.png
-256 128
2
..\Resources\Texture\Tiles\DarkStone_7.png
256 0
2
..\Resources\Texture\Tiles\DarkStone_8.png
320 0
2
..\Resources\Texture\Tiles\DarkStone_9.png
384 0
2
..\Resources\Texture\Tiles\DarkStone_7.png
-320 -128
2
..\Resources\Texture\Tiles\DarkStone_9.png
-128 -128
2
..\Resources\Texture\Tiles\DarkStone_8.png
-192 -128
2
..\Resources\Texture\Tiles\DarkStone_8.png
-256 -128
2
..\Resources\Texture\Tiles\DarkStone_7.png
-704 -256
2
..\Resources\Texture\Tiles\DarkStone_8.png
-576 -256
2
..\Resources\Texture\Tiles\DarkStone_8.png
-512 -256
2
..\Resources\Texture\Tiles\DarkStone_8.png
-640 -256
2
..\Resources\Texture\Tiles\DarkStone_9.png
-448 -256
0
..\Resources\Texture\Tiles\Ch3TopTile_6.png
-1024 640
0
..\Resources\Texture\Tiles\Ch3TopTile_6.png
-1088 640
0
..\Resources\Texture\Tiles\DarkStone_6.png
-640 256
0
..\Resources\Texture\Tiles\DarkStone_6.png
-576 256
0
..\Resources\Texture\Tiles\DarkStone_6.png
-320 256
0
..\Resources\Texture\Tiles\DarkStone_6.png
-704 256
0
..\Resources\Texture\Tiles\DarkStone_6.png
-384 256
0
..\Resources\Texture\Tiles\DarkStone_6.png
-512 256
0
..\Resources\Texture\Tiles\DarkStone_6.png
-448 256
0
..\Resources\Texture\Tiles\DarkStone_3.png
-448 320
0
..\Resources\Texture\Tiles\DarkStone_1.png
-1024 320
0
..\Resources\Texture\Tiles\DarkStone_1.png
-1024 384
0
..\Resources\Texture\Tiles\DarkStone_3.png
-960 384
0
..\Resources\Texture\Tiles\DarkStone_3.png
-896 384
0
..\Resources\Texture\Tiles\DarkStone_3.png
-832 384
0
..\Resources\Texture\Tiles\DarkStone_3.png
-768 384
0
..\Resources\Texture\Tiles\DarkStone_4.png
-704 384
0
..\Resources\Texture\Tiles\DarkStone_6.png
-704 320
0
..\Resources\Texture\Tiles\A_Transparent_1.png
-1088 512
0
..\Resources\Texture\Tiles\A_Transparent_1.png
-1088 448
0
..\Resources\Texture\Tiles\A_Transparent_1.png
-1088 384
0
..\Resources\Texture\Tiles\A_Transparent_1.png
-1088 576
0
..\Resources\Texture\Tiles\Ch3TopTile_4.png
-768 320
0
..\Resources\Texture\Tiles\DarkStone_1.png
0 -576
0
..\Resources\Texture\Tiles\DarkStone_3.png
64 -576
0
..\Resources\Texture\Tiles\DarkStone_4.png
-64 -448
0
..\Resources\Texture\Tiles\DarkStone_6.png
-64 -512
0
..\Resources\Texture\Tiles\DarkStone_3.png
-128 -448
0
..\Resources\Texture\Tiles\Ch3TopTile_9.png
-64 832
2
0
0
4
..\Resources\Texture\Sprites\Dungeon\Ch3\DungeonGate\Shop\Sprite_Ch3DungeonGate_Shop_Activate.png
640 -436
1
0
7
..\Resources\Texture\Sprites\Dungeon\Ch3\DungeonWall\Image_Ch3_Dungeon_Wall.png
320 -424
204
1
..\Resources\Texture\DungeonObject\DecoImage_EmptyTime_1.png
-192 -512
1
..\Resources\Texture\DungeonObject\DecoImage_EmptyTime_1.png
-192 -576
1
..\Resources\Texture\DungeonObject\DecoImage_EmptyTime_1.png
-512 -512
1
..\Resources\Texture\DungeonObject\DecoImage_EmptyTime_1.png
-512 -576
1
..\Resources\Texture\DungeonObject\DecoImage_EmptyTime_1.png
-640 -512
1
..\Resources\Texture\DungeonObject\DecoImage_EmptyTime_1.png
-640 -576
1
..\Resources\Texture\DungeonObject\DecoImage_EmptyTime_1.png
-640 -640
1
..\Resources\Texture\DungeonObject\DecoImage_EmptyTime_1.png
-640 -704
1
..\Resources\Texture\DungeonObject\DecoImage_EmptyTime_1.png
128 -640
1
..\Resources\Texture\DungeonObject\DecoImage_EmptyTime_1.png
128 -704
1
..\Resources\Texture\DungeonObject\DecoImage_EmptyTime_1.png
384 -640
1
..\Resources\Texture\DungeonObject\DecoImage_EmptyTime_1.png
384 -704
1
..\Resources\Texture\DungeonObject\DecoImage_EmptyTime_1.png
704 -640
1
..\Resources\Texture\DungeonObject\DecoImage_EmptyTime_1.png
704 -704
1
..\Resources\Texture\DungeonObject\DecoImage_EmptyTime_1.png
704 -768
1
..\Resources\Texture\DungeonObject\DecoImage_EmptyTime_1.png
704 -832
1
..\Resources\Texture\DungeonObject\DecoImage_EmptyTime_1.png
320 -768
1
..\Resources\Texture\DungeonObject\DecoImage_EmptyTime_1.png
384 -768
1
..\Resources\Texture\DungeonObject\DecoImage_EmptyTime_1.png
384 -832
1
..\Resources\Texture\DungeonObject\DecoImage_EmptyTime_1.png
64 -768
1
..\Resources\Texture\DungeonObject\DecoImage_EmptyTime_1.png
128 -768
1
..\Resources\Texture\DungeonObject\DecoImage_EmptyTime_1.png
128 -832
1
..\Resources\Texture\DungeonObject\DecoImage_EmptyTime_1.png
128 -896
1
..\Resources\Texture\DungeonObject\DecoImage_EmptyTime_1.png
-128 -640
1
..\Resources\Texture\DungeonObject\DecoImage_EmptyTime_1.png
-128 -704
1
..\Resources\Texture\DungeonObject\DecoImage_EmptyTime_1.png
-128 -768
1
..\Resources\Texture\DungeonObject\DecoImage_EmptyTime_1.png
-128 -832
1
..\Resources\Texture\DungeonObject\DecoImage_EmptyTime_1.png
-384 -576
1
..\Resources\Texture\DungeonObject\DecoImage_EmptyTime_1.png
-384 -640
1
..\Resources\Texture\DungeonObject\DecoImage_EmptyTime_1.png
-384 -704
1
..\Resources\Texture\DungeonObject\DecoImage_EmptyTime_1.png
-384 -768
1
..\Resources\Texture\DungeonObject\DecoImage_EmptyTime_1.png
-384 -832
1
..\Resources\Texture\DungeonObject\DecoImage_EmptyTime_1.png
-640 -768
1
..\Resources\Texture\DungeonObject\DecoImage_EmptyTime_1.png
-640 -832
1
..\Resources\Texture\DungeonObject\DecoImage_EmptyTime_2.png
832 -640
1
..\Resources\Texture\DungeonObject\DecoImage_EmptyTime_2.png
832 -704
1
..\Resources\Texture\DungeonObject\DecoImage_EmptyTime_2.png
832 -768
1
..\Resources\Texture\DungeonObject\DecoImage_EmptyTime_2.png
896 -640
1
..\Resources\Texture\DungeonObject\DecoImage_EmptyTime_2.png
896 -704
1
..\Resources\Texture\DungeonObject\DecoImage_EmptyTime_2.png
896 -768
1
..\Resources\Texture\DungeonObject\DecoImage_EmptyTime_2.png
896 -832
1
..\Resources\Texture\DungeonObject\DecoImage_EmptyTime_1.png
-960 256
1
..\Resources\Texture\DungeonObject\DecoImage_EmptyTime_1.png
-960 320
1
..\Resources\Texture\DungeonObject\DecoImage_EmptyTime_1.png
-960 192
1
..\Resources\Texture\DungeonObject\DecoImage_EmptyTime_1.png
-960 128
1
..\Resources\Texture\DungeonObject\DecoImage_EmptyTime_1.png
-960 64
1
..\Resources\Texture\DungeonObject\DecoImage_EmptyTime_1.png
-960 0
1
..\Resources\Texture\DungeonObject\DecoImage_EmptyTime_1.png
-960 -64
1
..\Resources\Texture\DungeonObject\DecoImage_EmptyTime_1.png
-960 -128
1
..\Resources\Texture\DungeonObject\DecoImage_EmptyTime_1.png
-960 -192
1
..\Resources\Texture\DungeonObject\DecoImage_EmptyTime_1.png
-960 -256
1
..\Resources\Texture\DungeonObject\DecoImage_EmptyTime_1.png
-960 -320
1
..\Resources\Texture\DungeonObject\DecoImage_EmptyTime_1.png
-960 -384
1
..\Resources\Texture\DungeonObject\DecoImage_EmptyTime_1.png
-960 -448
1
..\Resources\Texture\DungeonObject\DecoImage_EmptyTime_1.png
-960 -512
1
..\Resources\Texture\DungeonObject\DecoImage_EmptyTime_1.png
-960 -576
1
..\Resources\Texture\DungeonObject\DecoImage_EmptyTime_1.png
-960 -640
1
..\Resources\Texture\DungeonObject\DecoImage_EmptyTime_1.png
-960 -704
1
..\Resources\Texture\DungeonObject\DecoImage_EmptyTime_1.png
-960 -768
1
..\Resources\Texture\DungeonObject\DecoImage_EmptyTime_1.png
-960 -832
1
..\Resources\Texture\DungeonObject\DecoImage_EmptyTime_1.png
-256 832
1
..\Resources\Texture\DungeonObject\DecoImage_EmptyTime_1.png
-256 896
1
..\Resources\Texture\DungeonObject\DecoImage_EmptyTime_1.png
-256 768
1
..\Resources\Texture\DungeonObject\DecoImage_EmptyTime_1.png
-256 704
1
..\Resources\Texture\DungeonObject\DecoImage_EmptyTime_1.png
-576 832
1
..\Resources\Texture\DungeonObject\DecoImage_EmptyTime_1.png
-576 896
1
..\Resources\Texture\DungeonObject\DecoImage_EmptyTime_1.png
-576 768
1
..\Resources\Texture\DungeonObject\DecoImage_EmptyTime_1.png
-576 704
1
..\Resources\Texture\DungeonObject\DecoImage_EmptyTime_1.png
-896 896
1
..\Resources\Texture\DungeonObject\DecoImage_EmptyTime_1.png
-896 832
1
..\Resources\Texture\DungeonObject\DecoImage_EmptyTime_1.png
-896 768
1
..\Resources\Texture\DungeonObject\DecoImage_EmptyTime_1.png
-896 704
1
..\Resources\Texture\DungeonObject\DecoImage_EmptyTime_2.png
-1088 768
1
..\Resources\Texture\DungeonObject\DecoImage_EmptyTime_2.png
-1088 832
1
..\Resources\Texture\DungeonObject\DecoImage_EmptyTime_2.png
-1088 896
1
..\Resources\Texture\DungeonObject\DecoImage_EmptyTime_2.png
-1088 704
1
..\Resources\Texture\DungeonObject\DecoImage_EmptyTime_1.png
704 -64
1
..\Resources\Texture\DungeonObject\DecoImage_EmptyTime_1.png
704 -128
1
..\Resources\Texture\DungeonObject\DecoImage_EmptyTime_1.png
704 0
1
..\Resources\Texture\DungeonObject\DecoImage_EmptyTime_1.png
704 64
1
..\Resources\Texture\DungeonObject\DecoImage_EmptyTime_1.png
704 128
1
..\Resources\Texture\DungeonObject\DecoImage_EmptyTime_1.png
704 192
1
..\Resources\Texture\DungeonObject\DecoImage_EmptyTime_1.png
704 256
1
..\Resources\Texture\DungeonObject\DecoImage_EmptyTime_1.png
704 320
1
..\Resources\Texture\DungeonObject\DecoImage_EmptyTime_1.png
704 384
1
..\Resources\Texture\DungeonObject\DecoImage_EmptyTime_1.png
704 448
1
..\Resources\Texture\DungeonObject\DecoImage_EmptyTime_1.png
704 512
1
..\Resources\Texture\DungeonObject\DecoImage_EmptyTime_1.png
704 576
1
..\Resources\Texture\DungeonObject\DecoImage_EmptyTime_1.png
704 640
1
..\Resources\Texture\DungeonObject\DecoImage_EmptyTime_1.png
704 704
1
..\Resources\Texture\DungeonObject\DecoImage_EmptyTime_1.png
704 768
1
..\Resources\Texture\DungeonObject\DecoImage_EmptyTime_2.png
896 768
1
..\Resources\Texture\DungeonObject\DecoImage_EmptyTime_2.png
896 704
1
..\Resources\Texture\DungeonObject\DecoImage_EmptyTime_2.png
896 640
1
..\Resources\Texture\DungeonObject\DecoImage_EmptyTime_2.png
896 576
1
..\Resources\Texture\DungeonObject\DecoImage_EmptyTime_2.png
896 512
1
..\Resources\Texture\DungeonObject\DecoImage_EmptyTime_2.png
896 448
1
..\Resources\Texture\DungeonObject\DecoImage_EmptyTime_2.png
896 384
1
..\Resources\Texture\DungeonObject\DecoImage_EmptyTime_2.png
896 320
1
..\Resources\Texture\DungeonObject\DecoImage_EmptyTime_2.png
896 256
1
..\Resources\Texture\DungeonObject\DecoImage_EmptyTime_2.png
896 192
1
..\Resources\Texture\DungeonObject\DecoImage_EmptyTime_2.png
896 128
1
..\Resources\Texture\DungeonObject\DecoImage_EmptyTime_2.png
896 64
1
..\Resources\Texture\DungeonObject\DecoImage_EmptyTime_2.png
896 0
1
..\Resources\Texture\DungeonObject\DecoImage_EmptyTime_2.png
896 -64
1
..\Resources\Texture\DungeonObject\DecoImage_EmptyTime_2.png
832 -128
1
..\Resources\Texture\DungeonObject\DecoImage_EmptyTime_2.png
896 -128
1
..\Resources\Texture\DungeonObject\DecoImage_EmptyTime_1.png
1088 -768
1
..\Resources\Texture\DungeonObject\DecoImage_EmptyTime_1.png
1088 -832
1
..\Resources\Texture\DungeonObject\DecoImage_EmptyTime_1.png
1088 -704
1
..\Resources\Texture\DungeonObject\DecoImage_EmptyTime_1.png
1088 -640
1
..\Resources\Texture\DungeonObject\DecoImage_EmptyTime_1.png
1088 -576
1
..\Resources\Texture\DungeonObject\DecoImage_EmptyTime_1.png
1088 -512
1
..\Resources\Texture\DungeonObject\DecoImage_EmptyTime_1.png
1088 -448
1
..\Resources\Texture\DungeonObject\DecoImage_EmptyTime_1.png
1088 -384
1
..\Resources\Texture\DungeonObject\DecoImage_EmptyTime_1.png
1088 -320
1
..\Resources\Texture\DungeonObject\DecoImage_EmptyTime_1.png
1088 -256
1
..\Resources\Texture\DungeonObject\DecoImage_EmptyTime_1.png
1088 -192
1
..\Resources\Texture\DungeonObject\DecoImage_EmptyTime_1.png
1088 -128
1
..\Resources\Texture\DungeonObject\DecoImage_EmptyTime_1.png
1088 -64
1
..\Resources\Texture\DungeonObject\DecoImage_EmptyTime_1.png
1088 0
1
..\Resources\Texture\DungeonObject\DecoImage_EmptyTime_1.png
1088 64
1
..\Resources\Texture\DungeonObject\DecoImage_EmptyTime_1.png
1088 128
1
..\Resources\Texture\DungeonObject\DecoImage_EmptyTime_1.png
1088 192
1
..\Resources\Texture\DungeonObject\DecoImage_EmptyTime_1.png
1088 256
1
..\Resources\Texture\DungeonObject\DecoImage_EmptyTime_1.png
1088 320
1
..\Resources\Texture\DungeonObject\DecoImage_EmptyTime_1.png
1088 384
1
..\Resources\Texture\DungeonObject\DecoImage_EmptyTime_1.png
1088 448
1
..\Resources\Texture\DungeonObject\DecoImage_EmptyTime_1.png
1088 512
1
..\Resources\Texture\DungeonObject\DecoImage_EmptyTime_1.png
1088 576
1
..\Resources\Texture\DungeonObject\DecoImage_EmptyTime_1.png
1088 640
1
..\Resources\Texture\DungeonObject\DecoImage_EmptyTime_1.png
1088 704
1
..\Resources\Texture\DungeonObject\DecoImage_EmptyTime_1.png
1088 768
1
..\Resources\Texture\DungeonObject\DecoImage_EmptyTime_1.png
256 896
1
..\Resources\Texture\DungeonObject\DecoImage_EmptyTime_1.png
128 832
1
..\Resources\Texture\DungeonObject\DecoImage_EmptyTime_1.png
128 896
1
..\Resources\Texture\DungeonObject\DecoImage_EmptyTime_1.png
512 832
1
..\Resources\Texture\DungeonObject\DecoImage_EmptyTime_1.png
512 896
1
..\Resources\Texture\DungeonObject\DecoImage_EmptyTime_1.png
256 832
1
..\Resources\Texture\DungeonObject\DecoImage_EmptyTime_1.png
832 832
1
..\Resources\Texture\DungeonObject\DecoImage_EmptyTime_1.png
832 896
1
..\Resources\Texture\DungeonObject\DecoImage_EmptyTime_1.png
1088 832
1
..\Resources\Texture\DungeonObject\DecoImage_EmptyTime_1.png
1088 896
1
..\Resources\Texture\DungeonObject\DecoImage_EmptyTime_1.png
128 960
1
..\Resources\Texture\DungeonObject\DecoImage_EmptyTime_1.png
128 1024
1
..\Resources\Texture\DungeonObject\DecoImage_EmptyTime_1.png
128 1088
1
..\Resources\Texture\DungeonObject\DecoImage_EmptyTime_1.png
128 1152
1
..\Resources\Texture\DungeonObject\DecoImage_EmptyTime_1.png
448 960
1
..\Resources\Texture\DungeonObject\DecoImage_EmptyTime_1.png
448 1024
1
..\Resources\Texture\DungeonObject\DecoImage_EmptyTime_1.png
448 1088
1
..\Resources\Texture\DungeonObject\DecoImage_EmptyTime_1.png
448 1152
1
..\Resources\Texture\DungeonObject\DecoImage_EmptyTime_1.png
768 960
1
..\Resources\Texture\DungeonObject\DecoImage_EmptyTime_1.png
768 1024
1
..\Resources\Texture\DungeonObject\DecoImage_EmptyTime_1.png
768 1088
1
..\Resources\Texture\DungeonObject\DecoImage_EmptyTime_1.png
768 1152
1
..\Resources\Texture\DungeonObject\DecoImage_EmptyTime_1.png
1088 960
1
..\Resources\Texture\DungeonObject\DecoImage_EmptyTime_1.png
1088 1024
1
..\Resources\Texture\DungeonObject\DecoImage_EmptyTime_1.png
1088 1088
1
..\Resources\Texture\DungeonObject\DecoImage_EmptyTime_1.png
1088 1152
1
..\Resources\Texture\DungeonObject\DecoImage_EmptyTime_1.png
-128 960
1
..\Resources\Texture\DungeonObject\DecoImage_EmptyTime_1.png
-128 1024
1
..\Resources\Texture\DungeonObject\DecoImage_EmptyTime_1.png
-128 1088
1
..\Resources\Texture\DungeonObject\DecoImage_EmptyTime_1.png
-128 1152
1
..\Resources\Texture\DungeonObject\DecoImage_EmptyTime_1.png
-448 960
1
..\Resources\Texture\DungeonObject\DecoImage_EmptyTime_1.png
-448 1024
1
..\Resources\Texture\DungeonObject\DecoImage_EmptyTime_1.png
-448 1088
1
..\Resources\Texture\DungeonObject\DecoImage_EmptyTime_1.png
-448 1152
1
..\Resources\Texture\DungeonObject\DecoImage_EmptyTime_1.png
-768 960
1
..\Resources\Texture\DungeonObject\DecoImage_EmptyTime_1.png
-768 1024
1
..\Resources\Texture\DungeonObject\DecoImage_EmptyTime_1.png
-768 1088
1
..\Resources\Texture\DungeonObject\DecoImage_EmptyTime_1.png
-768 1152
1
..\Resources\Texture\DungeonObject\DecoImage_EmptyTime_1.png
-896 960
1
..\Resources\Texture\DungeonObject\DecoImage_EmptyTime_1.png
-960 960
1
..\Resources\Texture\DungeonObject\DecoImage_EmptyTime_1.png
-960 1024
1
..\Resources\Texture\DungeonObject\DecoImage_EmptyTime_1.png
-960 1088
1
..\Resources\Texture\DungeonObject\DecoImage_EmptyTime_1.png
-960 1152
1
..\Resources\Texture\DungeonObject\DecoImage_Bubble_5.png
-287.5 438.401
1
..\Resources\Texture\DungeonObject\DecoImage_Lamp_10.png
-151.867 357.687
1
..\Resources\Texture\DungeonObject\DecoImage_Pipe_1.png
-758.09 563.522
1
..\Resources\Texture\DungeonObject\DecoImage_Pipe_1.png
-758.09 563.522
1
..\Resources\Texture\DungeonObject\DecoImage_Lamp_8.png
175.352 357.428
1
..\Resources\Texture\DungeonObject\DecoImage_Chair_1.png
70.2904 256.196
1
..\Resources\Texture\DungeonObject\DecoImage_Cage_5.png
-331.542 -224.639
1
..\Resources\Texture\DungeonObject\DecoImage_Lamp_1.png
-120.208 -279.898
1
..\Resources\Texture\DungeonObject\DecoImage_HangingLight_2.png
2.72131 64.1097
1
..\Resources\Texture\DungeonObject\DecoImage_Flag_1.png
11.7239 -268.75
1
..\Resources\Texture\DungeonObject\DecoImage_Table_1.png
-481.259 -184.789
1
..\Resources\Texture\DungeonObject\DecoImage_Lamp_2.png
-616.459 -87.9888
1
..\Resources\Texture\DungeonObject\DecoImage_Skeleton_2.png
-409.897 156.21
1
..\Resources\Texture\DungeonObject\DecoImage_HangingLight_2.png
-476.297 186.61
1
..\Resources\Texture\DungeonObject\DecoImage_HangingLight_9.png
-554.697 147.41
1
..\Resources\Texture\DungeonObject\DecoImage_Pipe_2.png
-616.297 189.81
1
..\Resources\Texture\DungeonObject\DecoImage_Bubble_1.png
-273.867 -26.4101
1
..\Resources\Texture\DungeonObject\DecoImage_Bubble_3.png
-257.664 -344.225
1
..\Resources\Texture\DungeonObject\DecoImage_Box_1.png
67.5484 -70.0927
1
..\Resources\Texture\DungeonObject\DecoImage_Flag_2.png
179.46 48.4063
1
..\Resources\Texture\DungeonObject\DecoImage_Skeleton_1.png
26.2468 726.037
1
..\Resources\Texture\DungeonObject\DecoImage_Pipe_3.png
326.247 769.237
1
..\Resources\Texture\DungeonObject\DecoImage_Skeleton_2.png
310.247 670.037
1
..\Resources\Texture\DungeonObject\DecoImage_Cage_5.png
139.856 732.717
1
..\Resources\Texture\DungeonObject\DecoImage_EmptyTime_2.png
-66.0602 885.911
1
..\Resources\Texture\DungeonObject\DecoImage_EmptyTime_2.png
-66.8602 885.911
1
..\Resources\Texture\DungeonObject\DecoImage_EmptyTime_2.png
0 896
1
..\Resources\Texture\DungeonObject\DecoImage_EmptyTime_2.png
-64 896
15
1 1 0
0 0 0
100
207.289 403.205 100
1 1 0
0 0 0
100
-612.095 4.59235 100
1 1 0
0 0 0
100
-640.095 -37.0077 100
1 1 0
0 0 0
100
-115.406 -195.722 100
1 1 0
0 0 0
100
-138.606 -234.922 100
1 1 0
0 0 0
100
-100.206 -234.122 100
0.5 0.5 0
0 0 0
400
-111.238 -337.52 100
0.5 0.5 0
0 0 0
400
-608.666 -132.06 100
0.5 0.5 0
0 0 0
400
231.534 300.68 100
0.5 0.5 1
0 0 0
400
-260.539 406.564 100
0.5 0.5 1
0 0 0
400
-258.636 -66.3514 100
0.5 0.5 1
0 0 0
400
-235.226 -371.236 100
0.5 0.5 1
0 0 0
200
-475.298 169.123 100
0.5 0.5 1
0 0 0
200
1.93122 42.9376 100
0.2 0.2 0.2
0 0 0
500
-594.049 417.863 100
