44
..\Resources\Texture\Tiles\Violet_1.png
-384 128
..\Resources\Texture\Tiles\Violet_3.png
-192 128
..\Resources\Texture\Tiles\Violet_3.png
-128 128
..\Resources\Texture\Tiles\Violet_3.png
-64 128
..\Resources\Texture\Tiles\Violet_3.png
0 128
..\Resources\Texture\Tiles\Violet_3.png
64 128
..\Resources\Texture\Tiles\Violet_3.png
128 128
..\Resources\Texture\Tiles\Violet_3.png
192 128
..\Resources\Texture\Tiles\Violet_3.png
256 128
..\Resources\Texture\Tiles\Violet_3.png
320 128
..\Resources\Texture\Tiles\Violet_3.png
384 128
..\Resources\Texture\Tiles\Violet_3.png
448 128
..\Resources\Texture\Tiles\Violet_3.png
512 128
..\Resources\Texture\Tiles\Violet_3.png
576 128
..\Resources\Texture\Tiles\Violet_3.png
640 128
..\Resources\Texture\Tiles\Violet_3.png
704 128
..\Resources\Texture\Tiles\Violet_3.png
768 128
..\Resources\Texture\Tiles\Violet_3.png
832 128
..\Resources\Texture\Tiles\Violet_3.png
896 128
..\Resources\Texture\Tiles\Violet_3.png
960 128
..\Resources\Texture\Tiles\Violet_3.png
1024 128
..\Resources\Texture\Tiles\Violet_3.png
1088 128
..\Resources\Texture\Tiles\Violet_3.png
1152 128
..\Resources\Texture\Tiles\Violet_3.png
1216 128
..\Resources\Texture\Tiles\Violet_3.png
1280 128
..\Resources\Texture\Tiles\Violet_3.png
1344 128
..\Resources\Texture\Tiles\Violet_3.png
1408 128
..\Resources\Texture\Tiles\Violet_3.png
1472 128
..\Resources\Texture\Tiles\Violet_3.png
1536 128
..\Resources\Texture\Tiles\Violet_3.png
1600 128
..\Resources\Texture\Tiles\Violet_3.png
1664 128
..\Resources\Texture\Tiles\Violet_3.png
1728 128
..\Resources\Texture\Tiles\Violet_3.png
1792 128
..\Resources\Texture\Tiles\Violet_3.png
1856 128
..\Resources\Texture\Tiles\Violet_3.png
1920 128
..\Resources\Texture\Tiles\Violet_3.png
1984 128
..\Resources\Texture\Tiles\Violet_3.png
2048 128
..\Resources\Texture\Tiles\Violet_4.png
2112 128
..\Resources\Texture\Tiles\Violet_3.png
-256 128
..\Resources\Texture\Tiles\Violet_3.png
-320 128
..\Resources\Texture\Tiles\Grass_66.png
256 320
..\Resources\Texture\Tiles\Grass_67.png
320 320
..\Resources\Texture\Tiles\Grass_68.png
384 320
..\Resources\Texture\Tiles\Grass_69.png
448 320
