1
..\Resources\Texture\Map\Image_Town_Background.png
1580 -1170 870
2000 2200 1
0 0 0
70
0
..\Resources\Texture\Tiles\A_Transparent_1.png
2112 128
0
..\Resources\Texture\Tiles\A_Transparent_1.png
-192 128
0
..\Resources\Texture\Tiles\A_Transparent_1.png
-128 128
0
..\Resources\Texture\Tiles\A_Transparent_1.png
-64 128
0
..\Resources\Texture\Tiles\A_Transparent_1.png
0 128
0
..\Resources\Texture\Tiles\A_Transparent_1.png
64 128
0
..\Resources\Texture\Tiles\A_Transparent_1.png
128 128
0
..\Resources\Texture\Tiles\A_Transparent_1.png
192 128
0
..\Resources\Texture\Tiles\A_Transparent_1.png
256 128
0
..\Resources\Texture\Tiles\A_Transparent_1.png
320 128
0
..\Resources\Texture\Tiles\A_Transparent_1.png
384 128
0
..\Resources\Texture\Tiles\A_Transparent_1.png
448 128
0
..\Resources\Texture\Tiles\A_Transparent_1.png
512 128
0
..\Resources\Texture\Tiles\A_Transparent_1.png
576 128
0
..\Resources\Texture\Tiles\A_Transparent_1.png
640 128
0
..\Resources\Texture\Tiles\A_Transparent_1.png
704 128
0
..\Resources\Texture\Tiles\A_Transparent_1.png
768 128
0
..\Resources\Texture\Tiles\A_Transparent_1.png
832 128
0
..\Resources\Texture\Tiles\A_Transparent_1.png
896 128
0
..\Resources\Texture\Tiles\A_Transparent_1.png
960 128
0
..\Resources\Texture\Tiles\A_Transparent_1.png
1024 128
0
..\Resources\Texture\Tiles\A_Transparent_1.png
1088 128
0
..\Resources\Texture\Tiles\A_Transparent_1.png
1152 128
0
..\Resources\Texture\Tiles\A_Transparent_1.png
1216 128
0
..\Resources\Texture\Tiles\A_Transparent_1.png
1280 128
0
..\Resources\Texture\Tiles\A_Transparent_1.png
1344 128
0
..\Resources\Texture\Tiles\A_Transparent_1.png
1408 128
0
..\Resources\Texture\Tiles\A_Transparent_1.png
1472 128
0
..\Resources\Texture\Tiles\A_Transparent_1.png
1536 128
0
..\Resources\Texture\Tiles\A_Transparent_1.png
1600 128
0
..\Resources\Texture\Tiles\A_Transparent_1.png
1664 128
0
..\Resources\Texture\Tiles\A_Transparent_1.png
1728 128
0
..\Resources\Texture\Tiles\A_Transparent_1.png
1792 128
0
..\Resources\Texture\Tiles\A_Transparent_1.png
1856 128
0
..\Resources\Texture\Tiles\A_Transparent_1.png
1920 128
0
..\Resources\Texture\Tiles\A_Transparent_1.png
1984 128
0
..\Resources\Texture\Tiles\A_Transparent_1.png
2048 128
0
..\Resources\Texture\Tiles\A_Transparent_1.png
-256 128
0
..\Resources\Texture\Tiles\A_Transparent_1.png
-320 128
0
..\Resources\Texture\Tiles\A_Transparent_1.png
-384 192
0
..\Resources\Texture\Tiles\A_Transparent_1.png
-384 256
0
..\Resources\Texture\Tiles\A_Transparent_1.png
-384 320
0
..\Resources\Texture\Tiles\A_Transparent_1.png
-384 384
0
..\Resources\Texture\Tiles\A_Transparent_1.png
-384 448
0
..\Resources\Texture\Tiles\A_Transparent_1.png
-384 512
0
..\Resources\Texture\Tiles\A_Transparent_1.png
-384 576
0
..\Resources\Texture\Tiles\A_Transparent_1.png
-384 640
0
..\Resources\Texture\Tiles\A_Transparent_1.png
-384 704
0
..\Resources\Texture\Tiles\A_Transparent_1.png
-384 768
0
..\Resources\Texture\Tiles\A_Transparent_1.png
-384 128
0
..\Resources\Texture\Tiles\A_Transparent_1.png
2112 64
0
..\Resources\Texture\Tiles\A_Transparent_1.png
2112 0
0
..\Resources\Texture\Tiles\A_Transparent_1.png
2112 -64
0
..\Resources\Texture\Tiles\A_Transparent_1.png
2112 -128
0
..\Resources\Texture\Tiles\A_Transparent_1.png
2112 -192
0
..\Resources\Texture\Tiles\A_Transparent_1.png
2112 -256
0
..\Resources\Texture\Tiles\A_Transparent_1.png
2112 -320
0
..\Resources\Texture\Tiles\A_Transparent_1.png
2112 -384
0
..\Resources\Texture\Tiles\A_Transparent_1.png
2112 -448
0
..\Resources\Texture\Tiles\A_Transparent_1.png
2112 -512
0
..\Resources\Texture\Tiles\A_Transparent_1.png
2112 -576
0
..\Resources\Texture\Tiles\A_Transparent_1.png
2112 -640
0
..\Resources\Texture\Tiles\A_Transparent_1.png
2112 -704
0
..\Resources\Texture\Tiles\A_Transparent_1.png
2112 -768
0
..\Resources\Texture\Tiles\A_Transparent_1.png
2112 -832
0
..\Resources\Texture\Tiles\A_Transparent_1.png
2112 -896
0
..\Resources\Texture\Tiles\A_Transparent_1.png
2112 -960
0
..\Resources\Texture\Tiles\A_Transparent_1.png
2112 -1024
0
..\Resources\Texture\Tiles\A_Transparent_1.png
2112 -1088
0
..\Resources\Texture\Tiles\A_Transparent_1.png
2112 -1152
