1
..\Resources\Texture\Map\Image_Shop_Background.png
200 700 870
1024 488 1
24
..\Resources\Texture\Tiles\Grass_10.png
-320 192
..\Resources\Texture\Tiles\Grass_14.png
-192 192
..\Resources\Texture\Tiles\Grass_14.png
-256 192
..\Resources\Texture\Tiles\Grass_14.png
-128 192
..\Resources\Texture\Tiles\Grass_14.png
-64 192
..\Resources\Texture\Tiles\Grass_14.png
0 192
..\Resources\Texture\Tiles\Grass_14.png
64 192
..\Resources\Texture\Tiles\Grass_14.png
128 192
..\Resources\Texture\Tiles\Grass_14.png
192 192
..\Resources\Texture\Tiles\Grass_14.png
256 192
..\Resources\Texture\Tiles\Grass_14.png
320 192
..\Resources\Texture\Tiles\Grass_14.png
384 192
..\Resources\Texture\Tiles\Grass_14.png
448 192
..\Resources\Texture\Tiles\Grass_14.png
512 192
..\Resources\Texture\Tiles\Grass_14.png
576 192
..\Resources\Texture\Tiles\Grass_14.png
640 192
..\Resources\Texture\Tiles\Grass_14.png
704 192
..\Resources\Texture\Tiles\Grass_14.png
768 192
..\Resources\Texture\Tiles\Grass_14.png
832 192
..\Resources\Texture\Tiles\Grass_14.png
896 192
..\Resources\Texture\Tiles\Grass_14.png
960 192
..\Resources\Texture\Tiles\Grass_14.png
1024 192
..\Resources\Texture\Tiles\Grass_14.png
1088 192
..\Resources\Texture\Tiles\Grass_38.png
1152 192
0
